Archive member included to satisfy reference by file (symbol)

e:/Workspace/resistance_band/reistance_band_v0_1/SRC/StdPeriphDriver\libISP573.a(ISP573.o)
                              ./StdPeriphDriver/CH57x_flash.o (FLASH_EEPROM_CMD)
e:/Workspace/resistance_band/reistance_band_v0_1/resistance_band/LIB\libCH57xBLE.a(message.o)
                              ./HAL/MCU.o (tmos_msg_deallocate)
e:/Workspace/resistance_band/reistance_band_v0_1/resistance_band/LIB\libCH57xBLE.a(tmos.o)
                              ./Profile/battservice.o (tmos_memcpy)
e:/Workspace/resistance_band/reistance_band_v0_1/resistance_band/LIB\libCH57xBLE.a(tmos_hw.o)
                              e:/Workspace/resistance_band/reistance_band_v0_1/resistance_band/LIB\libCH57xBLE.a(tmos.o) (RTC_Get32KClock)
e:/Workspace/resistance_band/reistance_band_v0_1/resistance_band/LIB\libCH57xBLE.a(tmos_snv.o)
                              e:/Workspace/resistance_band/reistance_band_v0_1/resistance_band/LIB\libCH57xBLE.a(tmos.o) (tmos_snv_init)
e:/Workspace/resistance_band/reistance_band_v0_1/resistance_band/LIB\libCH57xBLE.a(gap.o)
                              ./APP/resband.o (GAP_GetParamValue)
e:/Workspace/resistance_band/reistance_band_v0_1/resistance_band/LIB\libCH57xBLE.a(gap_central.o)
                              e:/Workspace/resistance_band/reistance_band_v0_1/resistance_band/LIB\libCH57xBLE.a(gap.o) (GAP_CentralParamInit)
e:/Workspace/resistance_band/reistance_band_v0_1/resistance_band/LIB\libCH57xBLE.a(gap_peripheral.o)
                              e:/Workspace/resistance_band/reistance_band_v0_1/resistance_band/LIB\libCH57xBLE.a(gap.o) (GAP_PeripheralParamInit)
e:/Workspace/resistance_band/reistance_band_v0_1/resistance_band/LIB\libCH57xBLE.a(gapgattserver.o)
                              ./APP/resband.o (GGS_SetParameter)
e:/Workspace/resistance_band/reistance_band_v0_1/resistance_band/LIB\libCH57xBLE.a(gatt.o)
                              ./Profile/battservice.o (GATT_bm_alloc)
e:/Workspace/resistance_band/reistance_band_v0_1/resistance_band/LIB\libCH57xBLE.a(gatt_uuid.o)
                              ./Profile/battservice.o (reportRefUUID)
e:/Workspace/resistance_band/reistance_band_v0_1/resistance_band/LIB\libCH57xBLE.a(gattclientapp.o)
                              e:/Workspace/resistance_band/reistance_band_v0_1/resistance_band/LIB\libCH57xBLE.a(gatt.o) (gattGetClientStatus)
e:/Workspace/resistance_band/reistance_band_v0_1/resistance_band/LIB\libCH57xBLE.a(gattservapp.o)
                              ./Profile/battservice.o (GATTServApp_ReadCharCfg)
e:/Workspace/resistance_band/reistance_band_v0_1/resistance_band/LIB\libCH57xBLE.a(l2cap.o)
                              e:/Workspace/resistance_band/reistance_band_v0_1/resistance_band/LIB\libCH57xBLE.a(gatt.o) (L2CAP_GetMTU)
e:/Workspace/resistance_band/reistance_band_v0_1/resistance_band/LIB\libCH57xBLE.a(l2cap_input.o)
                              e:/Workspace/resistance_band/reistance_band_v0_1/resistance_band/LIB\libCH57xBLE.a(l2cap.o) (l2capProcessRxData)
e:/Workspace/resistance_band/reistance_band_v0_1/resistance_band/LIB\libCH57xBLE.a(l2cap_output.o)
                              e:/Workspace/resistance_band/reistance_band_v0_1/resistance_band/LIB\libCH57xBLE.a(l2cap_input.o) (l2capNotifyData)
e:/Workspace/resistance_band/reistance_band_v0_1/resistance_band/LIB\libCH57xBLE.a(l2cap_sdu.o)
                              e:/Workspace/resistance_band/reistance_band_v0_1/resistance_band/LIB\libCH57xBLE.a(l2cap_input.o) (l2capBuildDisconnectRsp)
e:/Workspace/resistance_band/reistance_band_v0_1/resistance_band/LIB\libCH57xBLE.a(linkdb.o)
                              e:/Workspace/resistance_band/reistance_band_v0_1/resistance_band/LIB\libCH57xBLE.a(l2cap.o) (linkDB_Init)
e:/Workspace/resistance_band/reistance_band_v0_1/resistance_band/LIB\libCH57xBLE.a(sm.o)
                              e:/Workspace/resistance_band/reistance_band_v0_1/resistance_band/LIB\libCH57xBLE.a(gap.o) (smStartEncryption)
e:/Workspace/resistance_band/reistance_band_v0_1/resistance_band/LIB\libCH57xBLE.a(host_input.o)
                              e:/Workspace/resistance_band/reistance_band_v0_1/resistance_band/LIB\libCH57xBLE.a(gap.o) (gBleHostPara)
e:/Workspace/resistance_band/reistance_band_v0_1/resistance_band/LIB\libCH57xBLE.a(host_output.o)
                              e:/Workspace/resistance_band/reistance_band_v0_1/resistance_band/LIB\libCH57xBLE.a(gap.o) (HCI_DisconnectCmd)
e:/Workspace/resistance_band/reistance_band_v0_1/resistance_band/LIB\libCH57xBLE.a(ll_connect.o)
                              e:/Workspace/resistance_band/reistance_band_v0_1/resistance_band/LIB\libCH57xBLE.a(tmos.o) (LL_GetNextConnectEventTime)
e:/Workspace/resistance_band/reistance_band_v0_1/resistance_band/LIB\libCH57xBLE.a(ll_core.o)
                              e:/Workspace/resistance_band/reistance_band_v0_1/resistance_band/LIB\libCH57xBLE.a(ll_connect.o) (LL_CoreGetCore)
[...]
Memory Configuration

Name             Origin             Length             Attributes
FLASH            0x0000000000000000 0x0000000000070000 xr
RAM              0x0000000020003800 0x0000000000004800 xrw
*default*        0x0000000000000000 0xffffffffffffffff

Linker script and memory map

LOAD ./StdPeriphDriver/CH57x_adc.o
LOAD ./StdPeriphDriver/CH57x_clk.o
LOAD ./StdPeriphDriver/CH57x_flash.o
LOAD ./StdPeriphDriver/CH57x_gpio.o
LOAD ./StdPeriphDriver/CH57x_pwr.o
LOAD ./StdPeriphDriver/CH57x_sys.o
LOAD ./StdPeriphDriver/CH57x_uart1.o
LOAD ./Startup/startup_CH573.o
LOAD ./RVMSIS/core_riscv.o
LOAD ./Profile/battservice.o
LOAD ./Profile/devinfoservice.o
LOAD ./Profile/resbandservice.o
LOAD ./HAL/AS5600.o
LOAD ./HAL/LED.o
LOAD ./HAL/MCU.o
LOAD ./HAL/RTC.o
LOAD ./HAL/SLEEP.o
LOAD ./APP/resband.o
LOAD ./APP/resband_main.o
LOAD e:/Workspace/resistance_band/reistance_band_v0_1/SRC/StdPeriphDriver\libISP573.a
LOAD e:/Workspace/resistance_band/reistance_band_v0_1/resistance_band/LIB\libCH57xBLE.a
LOAD d:/mounriver/mounriver_studio2/resources/app/resources/win32/components/wch/toolchain/risc-v embedded gcc/bin/../lib/gcc/riscv-none-embed/8.2.0/rv32imac/ilp32\libgcc.a
LOAD d:/mounriver/mounriver_studio2/resources/app/resources/win32/components/wch/toolchain/risc-v embedded gcc/bin/../lib/gcc/riscv-none-embed/8.2.0/../../../../riscv-none-embed/lib/rv32imac/ilp32\libg_nano.a
LOAD d:/mounriver/mounriver_studio2/resources/app/resources/win32/components/wch/toolchain/risc-v embedded gcc/bin/../lib/gcc/riscv-none-embed/8.2.0/../../../../riscv-none-embed/lib/rv32imac/ilp32\libc_nano.a
LOAD d:/mounriver/mounriver_studio2/resources/app/resources/win32/components/wch/toolchain/risc-v embedded gcc/bin/../lib/gcc/riscv-none-embed/8.2.0/rv32imac/ilp32\libgcc.a
START GROUP
LOAD d:/mounriver/mounriver_studio2/resources/app/resources/win32/components/wch/toolchain/risc-v embedded gcc/bin/../lib/gcc/riscv-none-embed/8.2.0/rv32imac/ilp32\libgcc.a
LOAD d:/mounriver/mounriver_studio2/resources/app/resources/win32/components/wch/toolchain/risc-v embedded gcc/bin/../lib/gcc/riscv-none-embed/8.2.0/../../../../riscv-none-embed/lib/rv32imac/ilp32\libc_nano.a
LOAD d:/mounriver/mounriver_studio2/resources/app/resources/win32/components/wch/toolchain/risc-v embedded gcc/bin/../lib/gcc/riscv-none-embed/8.2.0/../../../../riscv-none-embed/lib/rv32imac/ilp32\libnosys.a
END GROUP
START GROUP
LOAD d:/mounriver/mounriver_studio2/resources/app/resources/win32/components/wch/toolchain/risc-v embedded gcc/bin/../lib/gcc/riscv-none-embed/8.2.0/rv32imac/ilp32\libgcc.a
LOAD d:/mounriver/mounriver_studio2/resources/app/resources/win32/components/wch/toolchain/risc-v embedded gcc/bin/../lib/gcc/riscv-none-embed/8.2.0/../../../../riscv-none-embed/lib/rv32imac/ilp32\libc_nano.a
LOAD d:/mounriver/mounriver_studio2/resources/app/resources/win32/components/wch/toolchain/risc-v embedded gcc/bin/../lib/gcc/riscv-none-embed/8.2.0/../../../../riscv-none-embed/lib/rv32imac/ilp32\libnosys.a
END GROUP
                0x0000000000000200                __stack_size = 0x200
                [!provide]                        PROVIDE (_stack_size = __stack_size)

.init           0x0000000000000000        0x4
                0x0000000000000000                _sinit = .
                0x0000000000000000                . = ALIGN (0x4)
 *(SORT_NONE(.init))
 .init          0x0000000000000000        0x4 ./Startup/startup_CH573.o
                0x0000000000000000                _start
                0x0000000000000004                . = ALIGN (0x4)
                0x0000000000000004                _einit = .

.highcodelalign
                0x0000000000000004        0x0
                0x0000000000000004                . = ALIGN (0x4)
                0x0000000000000004                PROVIDE (_highcode_lma = .)

.highcode       0x0000000020003800     0x11c4 load address 0x0000000000000004
                0x0000000020003800                . = ALIGN (0x4)
                0x0000000020003800                PROVIDE (_highcode_vma_start = .)
 *(.vector)
 .vector        0x0000000020003800       0x90 ./Startup/startup_CH573.o
 *(SORT_NONE(.vector_handler))
 .vector_handler
                0x0000000020003890       0x2c ./Startup/startup_CH573.o
                0x0000000020003890                NMI_Handler
                0x0000000020003894                SysTick_Handler
                0x0000000020003896                SW_Handler
                0x0000000020003898                TMR0_IRQHandler
                0x000000002000389a                GPIOA_IRQHandler
                0x000000002000389c                GPIOB_IRQHandler
                0x000000002000389e                SPI0_IRQHandler
                0x00000000200038a0                BB_IRQHandler
                0x00000000200038a2                LLE_IRQHandler
                0x00000000200038a4                USB_IRQHandler
                0x00000000200038a6                TMR1_IRQHandler
                0x00000000200038a8                TMR2_IRQHandler
                0x00000000200038aa                UART0_IRQHandler
                0x00000000200038ac                UART1_IRQHandler
                0x00000000200038b0                ADC_IRQHandler
                0x00000000200038b2                PWMX_IRQHandler
                0x00000000200038b4                TMR3_IRQHandler
                0x00000000200038b6                UART2_IRQHandler
                0x00000000200038b8                UART3_IRQHandler
                0x00000000200038ba                WDOG_BAT_IRQHandler
 *(.highcode)
 .highcode      0x00000000200038bc       0x4e ./StdPeriphDriver/CH57x_clk.o
                0x00000000200038bc                Get_Calibration_Cnt_RAM
 .highcode      0x000000002000390a      0x1d0 ./StdPeriphDriver/CH57x_sys.o
                0x000000002000390a                SetSysClock
                0x0000000020003a22                SYS_ResetExecute
                0x0000000020003a5e                HardFault_Handler
                0x0000000020003aa4                mDelayuS
                0x0000000020003ab2                mDelaymS
 .highcode      0x0000000020003ada       0x16 ./HAL/RTC.o
                0x0000000020003ada                RTC_IRQHandler
 .highcode      0x0000000020003af0        0x8 ./APP/resband_main.o
                0x0000000020003af0                Main_Circulation
 .highcode      0x0000000020003af8      0x3fa e:/Workspace/resistance_band/reistance_band_v0_1/SRC/StdPeriphDriver\libISP573.a(ISP573.o)
                0x0000000020003af8                FLASH_ROM_BEG
                0x0000000020003b08                FLASH_ROM_END
                0x0000000020003b16                FLASH_ROM_IN
                0x0000000020003b24                FLASH_ROM_OUT
                0x0000000020003b32                FLASH_ROM_ADDR
                0x0000000020003b7a                FLASH_ROM_WAIT
                0x0000000020003bb2                FLASH_EEPROM_CMD
 .highcode      0x0000000020003ef2      0x230 e:/Workspace/resistance_band/reistance_band_v0_1/resistance_band/LIB\libCH57xBLE.a(tmos.o)
                0x0000000020003f0e                tmos_memcpy
                0x0000000020003f2e                tmos_memcpy_word
                0x0000000020003f4a                TMOS_SystemProcess
 .highcode      0x0000000020004122       0xc2 e:/Workspace/resistance_band/reistance_band_v0_1/resistance_band/LIB\libCH57xBLE.a(tmos_hw.o)
                0x0000000020004122                BLE_GetHSEClock
                0x0000000020004160                RTC_Get32KClock
                0x0000000020004178                SYS_GetTickCount
 .highcode      0x00000000200041e4      0x138 e:/Workspace/resistance_band/reistance_band_v0_1/resistance_band/LIB\libCH57xBLE.a(ll_connect.o)
                0x00000000200041e4                ll_connect_process_data
                0x0000000020004232                ll_connect_event_continue
 .highcode      0x000000002000431c      0x1c4 e:/Workspace/resistance_band/reistance_band_v0_1/resistance_band/LIB\libCH57xBLE.a(bb.o)
                0x000000002000431c                BB_IRQLibHandler
                0x0000000020004496                BB_IRQLibFunction
 .highcode      0x00000000200044e0      0x156 e:/Workspace/resistance_band/reistance_band_v0_1/resistance_band/LIB\libCH57xBLE.a(ip.o)
                0x00000000200044e0                ll_tx_wait_finish
                0x000000002000450c                ll_tx_wait_tx_dma_finish
                0x0000000020004546                ll_rx_wait_finish
                0x000000002000457c                ll_rx_wait_tx_dma_finish
                0x00000000200045ac                ble_ll_chkcrc
 .highcode      0x0000000020004636      0x1a4 e:/Workspace/resistance_band/reistance_band_v0_1/resistance_band/LIB\libCH57xBLE.a(lle.o)
                0x0000000020004636                LLE_IRQLibHandler
                0x0000000020004790                LLE_IRQLibFunction
 .highcode      0x00000000200047da       0x82 e:/Workspace/resistance_band/reistance_band_v0_1/resistance_band/LIB\libCH57xBLE.a(rf_fh.o)
                0x00000000200047da                RF_HopGetChannel
 .highcode      0x000000002000485c       0x2c e:/Workspace/resistance_band/reistance_band_v0_1/resistance_band/LIB\libCH57xBLE.a(rfend.o)
                0x000000002000485c                RFEND_WaitTune
 .highcode      0x0000000020004888      0x13a e:/Workspace/resistance_band/reistance_band_v0_1/resistance_band/LIB\libCH57xBLE.a(memory.o)
                0x0000000020004888                tmos_memory_allocate
                0x0000000020004922                tmos_memory_free
 *(.highcode.*)
                0x00000000200049c4                . = ALIGN (0x4)
 *fill*         0x00000000200049c2        0x2 
                0x00000000200049c4                PROVIDE (_highcode_vma_end = .)

.text           0x00000000000011c8    0x1b630
                0x00000000000011c8                . = ALIGN (0x4)
 *(SORT_NONE(.handle_reset))
 .handle_reset  0x00000000000011c8       0xce ./Startup/startup_CH573.o
                0x00000000000011c8                handle_reset
 *(.text)
 *(.text.*)
 .text.ADC_InterTSSampInit
                0x0000000000001296       0x28 ./StdPeriphDriver/CH57x_adc.o
                0x0000000000001296                ADC_InterTSSampInit
 .text.Calibration_LSI_FLASH
                0x00000000000012be      0x290 ./StdPeriphDriver/CH57x_clk.o
                0x00000000000012be                Calibration_LSI_FLASH
 .text.Calibration_LSI_RAM
                0x000000000000154e      0x246 ./StdPeriphDriver/CH57x_clk.o
                0x000000000000154e                Calibration_LSI_RAM
 .text.RTC_InitTime
                0x0000000000001794      0x138 ./StdPeriphDriver/CH57x_clk.o
                0x0000000000001794                RTC_InitTime
 .text.GPIOA_ModeCfg
                0x00000000000018cc       0xa6 ./StdPeriphDriver/CH57x_gpio.o
                0x00000000000018cc                GPIOA_ModeCfg
 .text.SYS_GetSysTickCnt
                0x0000000000001972        0xa ./StdPeriphDriver/CH57x_sys.o
                0x0000000000001972                SYS_GetSysTickCnt
 .text.battMeasure
                0x000000000000197c       0x7c ./Profile/battservice.o
 .text.battWriteAttrCB
                0x00000000000019f8       0x5e ./Profile/battservice.o
 .text.battReadAttrCB
                0x0000000000001a56       0x7e ./Profile/battservice.o
 .text.battNotifyCB
                0x0000000000001ad4       0x76 ./Profile/battservice.o
 .text.Batt_AddService
                0x0000000000001b4a       0x2c ./Profile/battservice.o
                0x0000000000001b4a                Batt_AddService
 .text.Batt_Register
                0x0000000000001b76        0x6 ./Profile/battservice.o
                0x0000000000001b76                Batt_Register
 .text.Batt_SetParameter
                0x0000000000001b7c       0x3a ./Profile/battservice.o
                0x0000000000001b7c                Batt_SetParameter
 .text.Batt_MeasLevel
                0x0000000000001bb6       0x2e ./Profile/battservice.o
                0x0000000000001bb6                Batt_MeasLevel
 .text.Batt_HandleConnStatusCB
                0x0000000000001be4       0x3e ./Profile/battservice.o
                0x0000000000001be4                Batt_HandleConnStatusCB
 .text.devInfo_ReadAttrCB
                0x0000000000001c22      0x196 ./Profile/devinfoservice.o
 .text.DevInfo_AddService
                0x0000000000001db8       0x18 ./Profile/devinfoservice.o
                0x0000000000001db8                DevInfo_AddService
 .text.DevInfo_SetParameter
                0x0000000000001dd0       0x24 ./Profile/devinfoservice.o
                0x0000000000001dd0                DevInfo_SetParameter
 .text.resBand_ReadAttrCB
                0x0000000000001df4       0x36 ./Profile/resbandservice.o
 .text.resBand_WriteAttrCB
                0x0000000000001e2a       0x92 ./Profile/resbandservice.o
 .text.ResBand_AddService
                0x0000000000001ebc       0x40 ./Profile/resbandservice.o
                0x0000000000001ebc                ResBand_AddService
 .text.ResBand_Register
                0x0000000000001efc        0x6 ./Profile/resbandservice.o
                0x0000000000001efc                ResBand_Register
 .text.ResBand_SetParameter
                0x0000000000001f02       0x1a ./Profile/resbandservice.o
                0x0000000000001f02                ResBand_SetParameter
 .text.ResBand_MeasNotify
                0x0000000000001f1c       0x46 ./Profile/resbandservice.o
                0x0000000000001f1c                ResBand_MeasNotify
 .text.ResBand_HandleConnStatusCB
                0x0000000000001f62       0x3e ./Profile/resbandservice.o
                0x0000000000001f62                ResBand_HandleConnStatusCB
 .text.IIC_Start
                0x0000000000001fa0       0x64 ./HAL/AS5600.o
                0x0000000000001fa0                IIC_Start
 .text.IIC_Stop
                0x0000000000002004       0x64 ./HAL/AS5600.o
                0x0000000000002004                IIC_Stop
 .text.IIC_Wait_Ack
                0x0000000000002068       0x66 ./HAL/AS5600.o
                0x0000000000002068                IIC_Wait_Ack
 .text.IIC_Ack  0x00000000000020ce       0x5e ./HAL/AS5600.o
                0x00000000000020ce                IIC_Ack
 .text.IIC_NAck
                0x000000000000212c       0x5e ./HAL/AS5600.o
                0x000000000000212c                IIC_NAck
 .text.IIC_Send_Byte
                0x000000000000218a       0xaa ./HAL/AS5600.o
                0x000000000000218a                IIC_Send_Byte
 .text.IIC_Read_Byte
                0x0000000000002234       0x8a ./HAL/AS5600.o
                0x0000000000002234                IIC_Read_Byte
 .text.AS5600_ReadOneByte
                0x00000000000022be       0x36 ./HAL/AS5600.o
                0x00000000000022be                AS5600_ReadOneByte
 .text.AS5600_ReadTwoByte
                0x00000000000022f4       0x22 ./HAL/AS5600.o
                0x00000000000022f4                AS5600_ReadTwoByte
 .text.HalLedBlink.part.2
                0x0000000000002316       0x9c ./HAL/LED.o
 .text.HalLedOnOff
                0x00000000000023b2       0x4c ./HAL/LED.o
                0x00000000000023b2                HalLedOnOff
 .text.HalLedSet.part.1
                0x00000000000023fe       0x56 ./HAL/LED.o
 .text.HalLedBlink
                0x0000000000002454       0x1c ./HAL/LED.o
                0x0000000000002454                HalLedBlink
 .text.HalLedSet
                0x0000000000002470       0x44 ./HAL/LED.o
                0x0000000000002470                HalLedSet
 .text.HAL_LedInit
                0x00000000000024b4       0x32 ./HAL/LED.o
                0x00000000000024b4                HAL_LedInit
 .text.HalLedUpdate
                0x00000000000024e6      0x16c ./HAL/LED.o
                0x00000000000024e6                HalLedUpdate
 .text.Lib_Calibration_LSI
                0x0000000000002652       0x30 ./HAL/MCU.o
                0x0000000000002652                Lib_Calibration_LSI
 .text.Lib_Read_Flash
                0x0000000000002682       0x1c ./HAL/MCU.o
                0x0000000000002682                Lib_Read_Flash
 .text.Lib_Write_Flash
                0x000000000000269e       0x40 ./HAL/MCU.o
                0x000000000000269e                Lib_Write_Flash
 .text.HAL_GetInterTempValue
                0x00000000000026de       0x72 ./HAL/MCU.o
                0x00000000000026de                HAL_GetInterTempValue
 .text.HAL_ProcessEvent
                0x0000000000002750       0x76 ./HAL/MCU.o
                0x0000000000002750                HAL_ProcessEvent
 .text.CH57X_BLEInit
                0x00000000000027c6      0x112 ./HAL/MCU.o
                0x00000000000027c6                CH57X_BLEInit
 .text.HAL_Init
                0x00000000000028d8       0x36 ./HAL/MCU.o
                0x00000000000028d8                HAL_Init
 .text.HAL_TimeInit
                0x000000000000290e       0x66 ./HAL/RTC.o
                0x000000000000290e                HAL_TimeInit
 .text.ResBandGapStateCB
                0x0000000000002974      0x128 ./APP/resband.o
 .text.resBandBattCB
                0x0000000000002a9c       0x34 ./APP/resband.o
 .text.resBandCB
                0x0000000000002ad0       0x64 ./APP/resband.o
 .text.ResBand_ProcessEvent
                0x0000000000002b34      0x162 ./APP/resband.o
                0x0000000000002b34                ResBand_ProcessEvent
 .text.ResBand_Init
                0x0000000000002c96      0x128 ./APP/resband.o
                0x0000000000002c96                ResBand_Init
 .text.startup.main
                0x0000000000002dbe       0x6a ./APP/resband_main.o
                0x0000000000002dbe                main
 .text.tmos_msg_enqueue
                0x0000000000002e28       0x1e e:/Workspace/resistance_band/reistance_band_v0_1/resistance_band/LIB\libCH57xBLE.a(message.o)
                0x0000000000002e28                tmos_msg_enqueue
 .text.tmos_msg_deallocate
                0x0000000000002e46       0x2c e:/Workspace/resistance_band/reistance_band_v0_1/resistance_band/LIB\libCH57xBLE.a(message.o)
                0x0000000000002e46                tmos_msg_deallocate
 .text.tmos_msg_allocate
                0x0000000000002e72       0x3e e:/Workspace/resistance_band/reistance_band_v0_1/resistance_band/LIB\libCH57xBLE.a(message.o)
                0x0000000000002e72                tmos_msg_allocate
 .text.tmos_msg_receive
                0x0000000000002eb0       0x68 e:/Workspace/resistance_band/reistance_band_v0_1/resistance_band/LIB\libCH57xBLE.a(message.o)
                0x0000000000002eb0                tmos_msg_receive
 .text.tmos_msg_send
                0x0000000000002f18       0x56 e:/Workspace/resistance_band/reistance_band_v0_1/resistance_band/LIB\libCH57xBLE.a(message.o)
                0x0000000000002f18                tmos_msg_send
 .text.tmos_msg_init
                0x0000000000002f6e        0x6 e:/Workspace/resistance_band/reistance_band_v0_1/resistance_band/LIB\libCH57xBLE.a(message.o)
                0x0000000000002f6e                tmos_msg_init
 .text.tmosFindTask
                0x0000000000002f74       0x20 e:/Workspace/resistance_band/reistance_band_v0_1/resistance_band/LIB\libCH57xBLE.a(tmos.o)
 .text.TMOS_CbTimerProcessEvent
                0x0000000000002f94       0x7c e:/Workspace/resistance_band/reistance_band_v0_1/resistance_band/LIB\libCH57xBLE.a(tmos.o)
                0x0000000000002f94                TMOS_CbTimerProcessEvent
 .text.tmos_rand
                0x0000000000003010       0x54 e:/Workspace/resistance_band/reistance_band_v0_1/resistance_band/LIB\libCH57xBLE.a(tmos.o)
                0x0000000000003010                tmos_rand
 .text.tmos_query_sleep_time
                0x0000000000003064      0x178 e:/Workspace/resistance_band/reistance_band_v0_1/resistance_band/LIB\libCH57xBLE.a(tmos.o)
                0x0000000000003064                tmos_query_sleep_time
 .text.tmos_memset
                0x00000000000031dc       0x12 e:/Workspace/resistance_band/reistance_band_v0_1/resistance_band/LIB\libCH57xBLE.a(tmos.o)
                0x00000000000031dc                tmos_memset
 .text.tmos_strlen
                0x00000000000031ee       0x14 e:/Workspace/resistance_band/reistance_band_v0_1/resistance_band/LIB\libCH57xBLE.a(tmos.o)
                0x00000000000031ee                tmos_strlen
 .text.tmos_memdup
                0x0000000000003202       0x3c e:/Workspace/resistance_band/reistance_band_v0_1/resistance_band/LIB\libCH57xBLE.a(tmos.o)
                0x0000000000003202                tmos_memdup
 .text.tmos_memcmp
                0x000000000000323e       0x24 e:/Workspace/resistance_band/reistance_band_v0_1/resistance_band/LIB\libCH57xBLE.a(tmos.o)
                0x000000000000323e                tmos_memcmp
 .text.tmos_revmemcpy
                0x0000000000003262       0x1c e:/Workspace/resistance_band/reistance_band_v0_1/resistance_band/LIB\libCH57xBLE.a(tmos.o)
                0x0000000000003262                tmos_revmemcpy
 .text.tmos_isbufset
                0x000000000000327e       0x1e e:/Workspace/resistance_band/reistance_band_v0_1/resistance_band/LIB\libCH57xBLE.a(tmos.o)
                0x000000000000327e                tmos_isbufset
 .text.TMOS_GetSystemClock
                0x000000000000329c        0xc e:/Workspace/resistance_band/reistance_band_v0_1/resistance_band/LIB\libCH57xBLE.a(tmos.o)
                0x000000000000329c                TMOS_GetSystemClock
 .text.tmos_set_event
                0x00000000000032a8       0x2a e:/Workspace/resistance_band/reistance_band_v0_1/resistance_band/LIB\libCH57xBLE.a(tmos.o)
                0x00000000000032a8                tmos_set_event
 .text.tmos_query_system_time
                0x00000000000032d2       0xce e:/Workspace/resistance_band/reistance_band_v0_1/resistance_band/LIB\libCH57xBLE.a(tmos.o)
                0x00000000000032d2                tmos_query_system_time
 .text.tmos_clear_event
                0x00000000000033a0       0x2e e:/Workspace/resistance_band/reistance_band_v0_1/resistance_band/LIB\libCH57xBLE.a(tmos.o)
                0x00000000000033a0                tmos_clear_event
 .text.tmos_start_task
                0x00000000000033ce       0x8e e:/Workspace/resistance_band/reistance_band_v0_1/resistance_band/LIB\libCH57xBLE.a(tmos.o)
                0x00000000000033ce                tmos_start_task
 .text.tmos_start_callback_task
                0x000000000000345c       0xac e:/Workspace/resistance_band/reistance_band_v0_1/resistance_band/LIB\libCH57xBLE.a(tmos.o)
                0x000000000000345c                tmos_start_callback_task
 .text.tmos_start_reload_task
                0x0000000000003508       0x30 e:/Workspace/resistance_band/reistance_band_v0_1/resistance_band/LIB\libCH57xBLE.a(tmos.o)
                0x0000000000003508                tmos_start_reload_task
 .text.tmos_stop_task
                0x0000000000003538       0x42 e:/Workspace/resistance_band/reistance_band_v0_1/resistance_band/LIB\libCH57xBLE.a(tmos.o)
                0x0000000000003538                tmos_stop_task
 .text.tmos_stop_callback_task
                0x000000000000357a       0x5c e:/Workspace/resistance_band/reistance_band_v0_1/resistance_band/LIB\libCH57xBLE.a(tmos.o)
                0x000000000000357a                tmos_stop_callback_task
 .text.tmos_get_task_timer
                0x00000000000035d6       0x16 e:/Workspace/resistance_band/reistance_band_v0_1/resistance_band/LIB\libCH57xBLE.a(tmos.o)
                0x00000000000035d6                tmos_get_task_timer
 .text.tmos_update_callback_timer
                0x00000000000035ec       0x62 e:/Workspace/resistance_band/reistance_band_v0_1/resistance_band/LIB\libCH57xBLE.a(tmos.o)
                0x00000000000035ec                tmos_update_callback_timer
 .text.TMOS_Set32KTuneValue
                0x000000000000364e        0xa e:/Workspace/resistance_band/reistance_band_v0_1/resistance_band/LIB\libCH57xBLE.a(tmos.o)
                0x000000000000364e                TMOS_Set32KTuneValue
 .text.TMOS_TimerRegister
                0x0000000000003658       0x1a e:/Workspace/resistance_band/reistance_band_v0_1/resistance_band/LIB\libCH57xBLE.a(tmos.o)
                0x0000000000003658                TMOS_TimerRegister
 .text.TMOS_ProcessRegister
                0x0000000000003672       0x16 e:/Workspace/resistance_band/reistance_band_v0_1/resistance_band/LIB\libCH57xBLE.a(tmos.o)
                0x0000000000003672                TMOS_ProcessRegister
 .text.TMOS_Init
                0x0000000000003688       0xea e:/Workspace/resistance_band/reistance_band_v0_1/resistance_band/LIB\libCH57xBLE.a(tmos.o)
                0x0000000000003688                TMOS_Init
 .text.TMOS_ProcessEventRegister
                0x0000000000003772       0x38 e:/Workspace/resistance_band/reistance_band_v0_1/resistance_band/LIB\libCH57xBLE.a(tmos.o)
                0x0000000000003772                TMOS_ProcessEventRegister
 .text.BLE_LibInit
                0x00000000000037aa      0x1aa e:/Workspace/resistance_band/reistance_band_v0_1/resistance_band/LIB\libCH57xBLE.a(tmos.o)
                0x00000000000037aa                BLE_LibInit
 .text.ble_ll_common_rand8
                0x0000000000003954       0x24 e:/Workspace/resistance_band/reistance_band_v0_1/resistance_band/LIB\libCH57xBLE.a(tmos_hw.o)
                0x0000000000003954                ble_ll_common_rand8
 .text.ble_ll_common_rand16
                0x0000000000003978       0x24 e:/Workspace/resistance_band/reistance_band_v0_1/resistance_band/LIB\libCH57xBLE.a(tmos_hw.o)
                0x0000000000003978                ble_ll_common_rand16
 .text.ble_ll_common_rand32
                0x000000000000399c       0x20 e:/Workspace/resistance_band/reistance_band_v0_1/resistance_band/LIB\libCH57xBLE.a(tmos_hw.o)
                0x000000000000399c                ble_ll_common_rand32
 .text.ll_hw_temp_sample
                0x00000000000039bc       0xc0 e:/Workspace/resistance_band/reistance_band_v0_1/resistance_band/LIB\libCH57xBLE.a(tmos_hw.o)
                0x00000000000039bc                ll_hw_temp_sample
 .text.TMOS_TimerInit
                0x0000000000003a7c       0x5c e:/Workspace/resistance_band/reistance_band_v0_1/resistance_band/LIB\libCH57xBLE.a(tmos_hw.o)
                0x0000000000003a7c                TMOS_TimerInit
 .text.tmos_snv_init
                0x0000000000003ad8       0xbc e:/Workspace/resistance_band/reistance_band_v0_1/resistance_band/LIB\libCH57xBLE.a(tmos_snv.o)
                0x0000000000003ad8                tmos_snv_init
 .text.tmos_snv_clear
                0x0000000000003b94       0xae e:/Workspace/resistance_band/reistance_band_v0_1/resistance_band/LIB\libCH57xBLE.a(tmos_snv.o)
                0x0000000000003b94                tmos_snv_clear
 .text.tmos_snv_read
                0x0000000000003c42      0x292 e:/Workspace/resistance_band/reistance_band_v0_1/resistance_band/LIB\libCH57xBLE.a(tmos_snv.o)
                0x0000000000003c42                tmos_snv_read
 .text.tmos_snv_notify
                0x0000000000003ed4       0x5a e:/Workspace/resistance_band/reistance_band_v0_1/resistance_band/LIB\libCH57xBLE.a(tmos_snv.o)
                0x0000000000003ed4                tmos_snv_notify
 .text.tmos_snv_write
                0x0000000000003f2e      0x2ce e:/Workspace/resistance_band/reistance_band_v0_1/resistance_band/LIB\libCH57xBLE.a(tmos_snv.o)
                0x0000000000003f2e                tmos_snv_write
 .text.tmos_snv_compact
                0x00000000000041fc        0x4 e:/Workspace/resistance_band/reistance_band_v0_1/resistance_band/LIB\libCH57xBLE.a(tmos_snv.o)
                0x00000000000041fc                tmos_snv_compact
 .text.disconnectNext
                0x0000000000004200       0x22 e:/Workspace/resistance_band/reistance_band_v0_1/resistance_band/LIB\libCH57xBLE.a(gap.o)
 .text.GAP_ParamInit
                0x0000000000004222       0x88 e:/Workspace/resistance_band/reistance_band_v0_1/resistance_band/LIB\libCH57xBLE.a(gap.o)
                0x0000000000004222                GAP_ParamInit
 .text.sendTerminateEvent
                0x00000000000042aa       0x58 e:/Workspace/resistance_band/reistance_band_v0_1/resistance_band/LIB\libCH57xBLE.a(gap.o)
                0x00000000000042aa                sendTerminateEvent
 .text.gapRegisterCentral
                0x0000000000004302        0x6 e:/Workspace/resistance_band/reistance_band_v0_1/resistance_band/LIB\libCH57xBLE.a(gap.o)
                0x0000000000004302                gapRegisterCentral
 .text.gapRegisterCentralConn
                0x0000000000004308        0x6 e:/Workspace/resistance_band/reistance_band_v0_1/resistance_band/LIB\libCH57xBLE.a(gap.o)
                0x0000000000004308                gapRegisterCentralConn
 .text.gapRegisterPeripheral
                0x000000000000430e        0x6 e:/Workspace/resistance_band/reistance_band_v0_1/resistance_band/LIB\libCH57xBLE.a(gap.o)
                0x000000000000430e                gapRegisterPeripheral
 .text.gapRegisterPeripheralConn
                0x0000000000004314        0x6 e:/Workspace/resistance_band/reistance_band_v0_1/resistance_band/LIB\libCH57xBLE.a(gap.o)
                0x0000000000004314                gapRegisterPeripheralConn
 .text.smGenerateRandBuf
                0x000000000000431a       0x56 e:/Workspace/resistance_band/reistance_band_v0_1/resistance_band/LIB\libCH57xBLE.a(gap.o)
                0x000000000000431a                smGenerateRandBuf
 .text.gapL2capConnParamUpdateReq
                0x0000000000004370       0x32 e:/Workspace/resistance_band/reistance_band_v0_1/resistance_band/LIB\libCH57xBLE.a(gap.o)
                0x0000000000004370                gapL2capConnParamUpdateReq
 .text.gapValidADType
                0x00000000000043a2       0x16 e:/Workspace/resistance_band/reistance_band_v0_1/resistance_band/LIB\libCH57xBLE.a(gap.o)
                0x00000000000043a2                gapValidADType
 .text.gapFindADType
                0x00000000000043b8       0x8e e:/Workspace/resistance_band/reistance_band_v0_1/resistance_band/LIB\libCH57xBLE.a(gap.o)
                0x00000000000043b8                gapFindADType
 .text.GAP_SecParamsInit
                0x0000000000004446       0x9a e:/Workspace/resistance_band/reistance_band_v0_1/resistance_band/LIB\libCH57xBLE.a(gap.o)
                0x0000000000004446                GAP_SecParamsInit
 .text.GAP_ParamsInit
                0x00000000000044e0       0x48 e:/Workspace/resistance_band/reistance_band_v0_1/resistance_band/LIB\libCH57xBLE.a(gap.o)
                0x00000000000044e0                GAP_ParamsInit
 .text.gapAddAddrAdj
                0x0000000000004528       0x48 e:/Workspace/resistance_band/reistance_band_v0_1/resistance_band/LIB\libCH57xBLE.a(gap.o)
                0x0000000000004528                gapAddAddrAdj
 .text.gapDetermineAddrType
                0x0000000000004570       0x28 e:/Workspace/resistance_band/reistance_band_v0_1/resistance_band/LIB\libCH57xBLE.a(gap.o)
                0x0000000000004570                gapDetermineAddrType
 .text.gapFreeAuthLink
                0x0000000000004598       0x4a e:/Workspace/resistance_band/reistance_band_v0_1/resistance_band/LIB\libCH57xBLE.a(gap.o)
                0x0000000000004598                gapFreeAuthLink
 .text.gapGetDevAddress
                0x00000000000045e2       0x24 e:/Workspace/resistance_band/reistance_band_v0_1/resistance_band/LIB\libCH57xBLE.a(gap.o)
                0x00000000000045e2                gapGetDevAddress
 .text.gapGetDevAddressMode
                0x0000000000004606        0xa e:/Workspace/resistance_band/reistance_band_v0_1/resistance_band/LIB\libCH57xBLE.a(gap.o)
                0x0000000000004606                gapGetDevAddressMode
 .text.gapGetIRK
                0x0000000000004610        0xc e:/Workspace/resistance_band/reistance_band_v0_1/resistance_band/LIB\libCH57xBLE.a(gap.o)
                0x0000000000004610                gapGetIRK
 .text.gapGetSRK
                0x000000000000461c        0xc e:/Workspace/resistance_band/reistance_band_v0_1/resistance_band/LIB\libCH57xBLE.a(gap.o)
                0x000000000000461c                gapGetSRK
 .text.gapGetSignCounter
                0x0000000000004628        0xe e:/Workspace/resistance_band/reistance_band_v0_1/resistance_band/LIB\libCH57xBLE.a(gap.o)
                0x0000000000004628                gapGetSignCounter
 .text.gapIncSignCounter
                0x0000000000004636       0x28 e:/Workspace/resistance_band/reistance_band_v0_1/resistance_band/LIB\libCH57xBLE.a(gap.o)
                0x0000000000004636                gapIncSignCounter
 .text.gapProcessConnEvt
                0x000000000000465e       0x48 e:/Workspace/resistance_band/reistance_band_v0_1/resistance_band/LIB\libCH57xBLE.a(gap.o)
                0x000000000000465e                gapProcessConnEvt
 .text.gapProcessDisconnectCompleteEvt
                0x00000000000046a6       0xa8 e:/Workspace/resistance_band/reistance_band_v0_1/resistance_band/LIB\libCH57xBLE.a(gap.o)
                0x00000000000046a6                gapProcessDisconnectCompleteEvt
 .text.sendAuthEvent
                0x000000000000474e      0x11a e:/Workspace/resistance_band/reistance_band_v0_1/resistance_band/LIB\libCH57xBLE.a(gap.o)
                0x000000000000474e                sendAuthEvent
 .text.gapSendBondCompleteEvent
                0x0000000000004868       0x70 e:/Workspace/resistance_band/reistance_band_v0_1/resistance_band/LIB\libCH57xBLE.a(gap.o)
                0x0000000000004868                gapSendBondCompleteEvent
 .text.gapSendPairingReqEvent
                0x00000000000048d8       0x92 e:/Workspace/resistance_band/reistance_band_v0_1/resistance_band/LIB\libCH57xBLE.a(gap.o)
                0x00000000000048d8                gapSendPairingReqEvent
 .text.gapSendSlaveSecurityReqEvent
                0x000000000000496a       0x68 e:/Workspace/resistance_band/reistance_band_v0_1/resistance_band/LIB\libCH57xBLE.a(gap.o)
                0x000000000000496a                gapSendSlaveSecurityReqEvent
 .text.gapSendDeviceInitDoneEvent
                0x00000000000049d2       0x88 e:/Workspace/resistance_band/reistance_band_v0_1/resistance_band/LIB\libCH57xBLE.a(gap.o)
                0x00000000000049d2                gapSendDeviceInitDoneEvent
 .text.gapSendLinkUpdateEvent
                0x0000000000004a5a       0x84 e:/Workspace/resistance_band/reistance_band_v0_1/resistance_band/LIB\libCH57xBLE.a(gap.o)
                0x0000000000004a5a                gapSendLinkUpdateEvent
 .text.gapSendEstLinkEvent
                0x0000000000004ade       0xb8 e:/Workspace/resistance_band/reistance_band_v0_1/resistance_band/LIB\libCH57xBLE.a(gap.o)
                0x0000000000004ade                gapSendEstLinkEvent
 .text.gapProcessNewAddr
                0x0000000000004b96       0x3e e:/Workspace/resistance_band/reistance_band_v0_1/resistance_band/LIB\libCH57xBLE.a(gap.o)
                0x0000000000004b96                gapProcessNewAddr
 .text.gapProcessRandomAddrComplete
                0x0000000000004bd4       0xb6 e:/Workspace/resistance_band/reistance_band_v0_1/resistance_band/LIB\libCH57xBLE.a(gap.o)
                0x0000000000004bd4                gapProcessRandomAddrComplete
 .text.GAP_Authenticate
                0x0000000000004c8a       0xd2 e:/Workspace/resistance_band/reistance_band_v0_1/resistance_band/LIB\libCH57xBLE.a(gap.o)
                0x0000000000004c8a                GAP_Authenticate
 .text.GAP_Bond
                0x0000000000004d5c       0xa2 e:/Workspace/resistance_band/reistance_band_v0_1/resistance_band/LIB\libCH57xBLE.a(gap.o)
                0x0000000000004d5c                GAP_Bond
 .text.GAP_GetParamValue
                0x0000000000004dfe       0x1e e:/Workspace/resistance_band/reistance_band_v0_1/resistance_band/LIB\libCH57xBLE.a(gap.o)
                0x0000000000004dfe                GAP_GetParamValue
 .text.GAP_PasscodeUpdate
                0x0000000000004e1c       0x50 e:/Workspace/resistance_band/reistance_band_v0_1/resistance_band/LIB\libCH57xBLE.a(gap.o)
                0x0000000000004e1c                GAP_PasscodeUpdate
 .text.GAP_RegisterForMsgs
                0x0000000000004e6c        0x6 e:/Workspace/resistance_band/reistance_band_v0_1/resistance_band/LIB\libCH57xBLE.a(gap.o)
                0x0000000000004e6c                GAP_RegisterForMsgs
 .text.GAP_ResolvePrivateAddr
                0x0000000000004e72        0x4 e:/Workspace/resistance_band/reistance_band_v0_1/resistance_band/LIB\libCH57xBLE.a(gap.o)
                0x0000000000004e72                GAP_ResolvePrivateAddr
 .text.gapPairingCompleteCB
                0x0000000000004e76      0x188 e:/Workspace/resistance_band/reistance_band_v0_1/resistance_band/LIB\libCH57xBLE.a(gap.o)
                0x0000000000004e76                gapPairingCompleteCB
 .text.gapPasskeyNeededCB
                0x0000000000004ffe       0x8e e:/Workspace/resistance_band/reistance_band_v0_1/resistance_band/LIB\libCH57xBLE.a(gap.o)
                0x0000000000004ffe                gapPasskeyNeededCB
 .text.gapFreeEstLink
                0x000000000000508c       0x20 e:/Workspace/resistance_band/reistance_band_v0_1/resistance_band/LIB\libCH57xBLE.a(gap.o)
                0x000000000000508c                gapFreeEstLink
 .text.gapUpdateConnSignCounter
                0x00000000000050ac       0x7a e:/Workspace/resistance_band/reistance_band_v0_1/resistance_band/LIB\libCH57xBLE.a(gap.o)
                0x00000000000050ac                gapUpdateConnSignCounter
 .text.GAP_SendSlaveSecurityRequest
                0x0000000000005126       0x4c e:/Workspace/resistance_band/reistance_band_v0_1/resistance_band/LIB\libCH57xBLE.a(gap.o)
                0x0000000000005126                GAP_SendSlaveSecurityRequest
 .text.GAP_Signable
                0x0000000000005172       0x66 e:/Workspace/resistance_band/reistance_band_v0_1/resistance_band/LIB\libCH57xBLE.a(gap.o)
                0x0000000000005172                GAP_Signable
 .text.GAP_TerminateAuth
                0x00000000000051d8       0x2a e:/Workspace/resistance_band/reistance_band_v0_1/resistance_band/LIB\libCH57xBLE.a(gap.o)
                0x00000000000051d8                GAP_TerminateAuth
 .text.GAP_NumActiveConnections
                0x0000000000005202        0x4 e:/Workspace/resistance_band/reistance_band_v0_1/resistance_band/LIB\libCH57xBLE.a(gap.o)
                0x0000000000005202                GAP_NumActiveConnections
 .text.GAP_TerminateLinkReq
                0x0000000000005206       0x8e e:/Workspace/resistance_band/reistance_band_v0_1/resistance_band/LIB\libCH57xBLE.a(gap.o)
                0x0000000000005206                GAP_TerminateLinkReq
 .text.GAP_SetParamValue
                0x0000000000005294       0x4a e:/Workspace/resistance_band/reistance_band_v0_1/resistance_band/LIB\libCH57xBLE.a(gap.o)
                0x0000000000005294                GAP_SetParamValue
 .text.GAP_Init
                0x00000000000052de       0x44 e:/Workspace/resistance_band/reistance_band_v0_1/resistance_band/LIB\libCH57xBLE.a(gap.o)
                0x00000000000052de                GAP_Init
 .text.GAP_ProcessEvent
                0x0000000000005322      0x57e e:/Workspace/resistance_band/reistance_band_v0_1/resistance_band/LIB\libCH57xBLE.a(gap.o)
                0x0000000000005322                GAP_ProcessEvent
 .text.gapSendScanEnable
                0x00000000000058a0       0x1e e:/Workspace/resistance_band/reistance_band_v0_1/resistance_band/LIB\libCH57xBLE.a(gap_central.o)
 .text.gapCentProcessConnEvt
                0x00000000000058be      0x154 e:/Workspace/resistance_band/reistance_band_v0_1/resistance_band/LIB\libCH57xBLE.a(gap_central.o)
                0x00000000000058be                gapCentProcessConnEvt
 .text.gapCancelLinkReq
                0x0000000000005a12       0x38 e:/Workspace/resistance_band/reistance_band_v0_1/resistance_band/LIB\libCH57xBLE.a(gap_central.o)
                0x0000000000005a12                gapCancelLinkReq
 .text.GAP_CentralParamInit
                0x0000000000005a4a       0x4c e:/Workspace/resistance_band/reistance_band_v0_1/resistance_band/LIB\libCH57xBLE.a(gap_central.o)
                0x0000000000005a4a                GAP_CentralParamInit
 .text.gapProcessAdvertDevInfo
                0x0000000000005a96      0x23a e:/Workspace/resistance_band/reistance_band_v0_1/resistance_band/LIB\libCH57xBLE.a(gap_central.o)
                0x0000000000005a96                gapProcessAdvertDevInfo
 .text.gapFreeScanRecs
                0x0000000000005cd0       0xa2 e:/Workspace/resistance_band/reistance_band_v0_1/resistance_band/LIB\libCH57xBLE.a(gap_central.o)
                0x0000000000005cd0                gapFreeScanRecs
 .text.gapSendDevDiscEvent
                0x0000000000005d72      0x124 e:/Workspace/resistance_band/reistance_band_v0_1/resistance_band/LIB\libCH57xBLE.a(gap_central.o)
                0x0000000000005d72                gapSendDevDiscEvent
 .text.gapSetScanParamStatus.part.2
                0x0000000000005e96       0x40 e:/Workspace/resistance_band/reistance_band_v0_1/resistance_band/LIB\libCH57xBLE.a(gap_central.o)
 .text.gapCentProcessHCICmdEvt
                0x0000000000005ed6       0x3c e:/Workspace/resistance_band/reistance_band_v0_1/resistance_band/LIB\libCH57xBLE.a(gap_central.o)
                0x0000000000005ed6                gapCentProcessHCICmdEvt
 .text.gapProcessScanningEvt
                0x0000000000005f12      0x110 e:/Workspace/resistance_band/reistance_band_v0_1/resistance_band/LIB\libCH57xBLE.a(gap_central.o)
                0x0000000000005f12                gapProcessScanningEvt
 .text.gapProcessScanningDirectEvt
                0x0000000000006022       0xfe e:/Workspace/resistance_band/reistance_band_v0_1/resistance_band/LIB\libCH57xBLE.a(gap_central.o)
                0x0000000000006022                gapProcessScanningDirectEvt
 .text.GAP_CentConnRegister
                0x0000000000006120       0x12 e:/Workspace/resistance_band/reistance_band_v0_1/resistance_band/LIB\libCH57xBLE.a(gap_central.o)
                0x0000000000006120                GAP_CentConnRegister
 .text.GAP_CentDevMgrInit
                0x0000000000006132       0x94 e:/Workspace/resistance_band/reistance_band_v0_1/resistance_band/LIB\libCH57xBLE.a(gap_central.o)
                0x0000000000006132                GAP_CentDevMgrInit
 .text.gapFreeAdvertState
                0x00000000000061c6       0x20 e:/Workspace/resistance_band/reistance_band_v0_1/resistance_band/LIB\libCH57xBLE.a(gap_peripheral.o)
 .text.gapPeriProcessConnEvt
                0x00000000000061e6       0xbc e:/Workspace/resistance_band/reistance_band_v0_1/resistance_band/LIB\libCH57xBLE.a(gap_peripheral.o)
 .text.gapSetAdvParams
                0x00000000000062a2       0x7e e:/Workspace/resistance_band/reistance_band_v0_1/resistance_band/LIB\libCH57xBLE.a(gap_peripheral.o)
 .text.GAP_PeripheralParamInit
                0x0000000000006320       0x4a e:/Workspace/resistance_band/reistance_band_v0_1/resistance_band/LIB\libCH57xBLE.a(gap_peripheral.o)
                0x0000000000006320                GAP_PeripheralParamInit
 .text.gapSendMakeDiscEvent
                0x000000000000636a       0x50 e:/Workspace/resistance_band/reistance_band_v0_1/resistance_band/LIB\libCH57xBLE.a(gap_peripheral.o)
                0x000000000000636a                gapSendMakeDiscEvent
 .text.gapPeriProcessHCICmdCompleteEvt
                0x00000000000063ba      0x192 e:/Workspace/resistance_band/reistance_band_v0_1/resistance_band/LIB\libCH57xBLE.a(gap_peripheral.o)
 .text.GAP_MakeDiscoverable
                0x000000000000654c       0xf0 e:/Workspace/resistance_band/reistance_band_v0_1/resistance_band/LIB\libCH57xBLE.a(gap_peripheral.o)
                0x000000000000654c                GAP_MakeDiscoverable
 .text.GAP_EndDiscoverable
                0x000000000000663c       0x5c e:/Workspace/resistance_band/reistance_band_v0_1/resistance_band/LIB\libCH57xBLE.a(gap_peripheral.o)
                0x000000000000663c                GAP_EndDiscoverable
 .text.gapProcessAdvertisingEvt
                0x0000000000006698       0x8e e:/Workspace/resistance_band/reistance_band_v0_1/resistance_band/LIB\libCH57xBLE.a(gap_peripheral.o)
 .text.GAP_UpdateAdvertisingData
                0x0000000000006726       0xb8 e:/Workspace/resistance_band/reistance_band_v0_1/resistance_band/LIB\libCH57xBLE.a(gap_peripheral.o)
                0x0000000000006726                GAP_UpdateAdvertisingData
 .text.GAP_PeriConnRegister
                0x00000000000067de       0x2a e:/Workspace/resistance_band/reistance_band_v0_1/resistance_band/LIB\libCH57xBLE.a(gap_peripheral.o)
                0x00000000000067de                GAP_PeriConnRegister
 .text.GAP_PeriDevMgrInit
                0x0000000000006808       0xbc e:/Workspace/resistance_band/reistance_band_v0_1/resistance_band/LIB\libCH57xBLE.a(gap_peripheral.o)
                0x0000000000006808                GAP_PeriDevMgrInit
 .text.ggs_SetAttrWPermit
                0x00000000000068c4       0x68 e:/Workspace/resistance_band/reistance_band_v0_1/resistance_band/LIB\libCH57xBLE.a(gapgattserver.o)
 .text.ggs_ReadAttrCB
                0x000000000000692c      0x152 e:/Workspace/resistance_band/reistance_band_v0_1/resistance_band/LIB\libCH57xBLE.a(gapgattserver.o)
 .text.ggs_WriteAttrCB
                0x0000000000006a7e      0x154 e:/Workspace/resistance_band/reistance_band_v0_1/resistance_band/LIB\libCH57xBLE.a(gapgattserver.o)
 .text.GGS_ParamInit
                0x0000000000006bd2      0x23a e:/Workspace/resistance_band/reistance_band_v0_1/resistance_band/LIB\libCH57xBLE.a(gapgattserver.o)
                0x0000000000006bd2                GGS_ParamInit
 .text.GGS_SetParameter
                0x0000000000006e0c       0xde e:/Workspace/resistance_band/reistance_band_v0_1/resistance_band/LIB\libCH57xBLE.a(gapgattserver.o)
                0x0000000000006e0c                GGS_SetParameter
 .text.GGS_AddService
                0x0000000000006eea       0x2c e:/Workspace/resistance_band/reistance_band_v0_1/resistance_band/LIB\libCH57xBLE.a(gapgattserver.o)
                0x0000000000006eea                GGS_AddService
 .text.GAP_DeviceInit
                0x0000000000006f16       0xd8 e:/Workspace/resistance_band/reistance_band_v0_1/resistance_band/LIB\libCH57xBLE.a(gapgattserver.o)
                0x0000000000006f16                GAP_DeviceInit
 .text.gattGetPayload
                0x0000000000006fee       0x7e e:/Workspace/resistance_band/reistance_band_v0_1/resistance_band/LIB\libCH57xBLE.a(gatt.o)
                0x0000000000006fee                gattGetPayload
 .text.gattNotifyEvent
                0x000000000000706c       0x80 e:/Workspace/resistance_band/reistance_band_v0_1/resistance_band/LIB\libCH57xBLE.a(gatt.o)
                0x000000000000706c                gattNotifyEvent
 .text.gattSendFlowCtrlEvt
                0x00000000000070ec       0x4a e:/Workspace/resistance_band/reistance_band_v0_1/resistance_band/LIB\libCH57xBLE.a(gatt.o)
                0x00000000000070ec                gattSendFlowCtrlEvt
 .text.gattStartTimer
                0x0000000000007136        0xc e:/Workspace/resistance_band/reistance_band_v0_1/resistance_band/LIB\libCH57xBLE.a(gatt.o)
                0x0000000000007136                gattStartTimer
 .text.gattStopTimer
                0x0000000000007142       0x32 e:/Workspace/resistance_band/reistance_band_v0_1/resistance_band/LIB\libCH57xBLE.a(gatt.o)
                0x0000000000007142                gattStopTimer
 .text.GATT_AppCompletedMsg
                0x0000000000007174       0x30 e:/Workspace/resistance_band/reistance_band_v0_1/resistance_band/LIB\libCH57xBLE.a(gatt.o)
                0x0000000000007174                GATT_AppCompletedMsg
 .text.GATT_NotifyEvent
                0x00000000000071a4       0x4e e:/Workspace/resistance_band/reistance_band_v0_1/resistance_band/LIB\libCH57xBLE.a(gatt.o)
                0x00000000000071a4                GATT_NotifyEvent
 .text.gattRegisterServer
                0x00000000000071f2        0x6 e:/Workspace/resistance_band/reistance_band_v0_1/resistance_band/LIB\libCH57xBLE.a(gatt.o)
                0x00000000000071f2                gattRegisterServer
 .text.GATT_UpdateMTU
                0x00000000000071f8       0x5c e:/Workspace/resistance_band/reistance_band_v0_1/resistance_band/LIB\libCH57xBLE.a(gatt.o)
                0x00000000000071f8                GATT_UpdateMTU
 .text.GATT_bm_alloc
                0x0000000000007254       0xea e:/Workspace/resistance_band/reistance_band_v0_1/resistance_band/LIB\libCH57xBLE.a(gatt.o)
                0x0000000000007254                GATT_bm_alloc
 .text.GATT_ServiceChangedInd
                0x000000000000733e       0x94 e:/Workspace/resistance_band/reistance_band_v0_1/resistance_band/LIB\libCH57xBLE.a(gatt.o)
                0x000000000000733e                GATT_ServiceChangedInd
 .text.GATT_bm_free
                0x00000000000073d2       0x1c e:/Workspace/resistance_band/reistance_band_v0_1/resistance_band/LIB\libCH57xBLE.a(gatt.o)
                0x00000000000073d2                GATT_bm_free
 .text.GATT_RegisterForPeriMsgs
                0x00000000000073ee        0x6 e:/Workspace/resistance_band/reistance_band_v0_1/resistance_band/LIB\libCH57xBLE.a(gatt.o)
                0x00000000000073ee                GATT_RegisterForPeriMsgs
 .text.GATT_Init
                0x00000000000073f4       0x30 e:/Workspace/resistance_band/reistance_band_v0_1/resistance_band/LIB\libCH57xBLE.a(gatt.o)
                0x00000000000073f4                GATT_Init
 .text.GATT_ProcessEvent
                0x0000000000007424      0x136 e:/Workspace/resistance_band/reistance_band_v0_1/resistance_band/LIB\libCH57xBLE.a(gatt.o)
                0x0000000000007424                GATT_ProcessEvent
 .text.gattProcessExchangeMTUReq
                0x000000000000755a        0x4 e:/Workspace/resistance_band/reistance_band_v0_1/resistance_band/LIB\libCH57xBLE.a(gattservapp.o)
 .text.gattServApp_FindCharCfgItem
                0x000000000000755e       0x20 e:/Workspace/resistance_band/reistance_band_v0_1/resistance_band/LIB\libCH57xBLE.a(gattservapp.o)
 .text.gattServerHandleTimerCB
                0x000000000000757e       0x3c e:/Workspace/resistance_band/reistance_band_v0_1/resistance_band/LIB\libCH57xBLE.a(gattservapp.o)
 .text.GATTServApp_InitCharCfg.part.12
                0x00000000000075ba       0x1c e:/Workspace/resistance_band/reistance_band_v0_1/resistance_band/LIB\libCH57xBLE.a(gattservapp.o)
 .text.gattProcessExecuteWriteReq
                0x00000000000075d6        0x4 e:/Workspace/resistance_band/reistance_band_v0_1/resistance_band/LIB\libCH57xBLE.a(gattservapp.o)
 .text.GATTServApp_ParamInit
                0x00000000000075da       0xd6 e:/Workspace/resistance_band/reistance_band_v0_1/resistance_band/LIB\libCH57xBLE.a(gattservapp.o)
                0x00000000000075da                GATTServApp_ParamInit
 .text.GATTServApp_ReadCharCfg
                0x00000000000076b0       0x18 e:/Workspace/resistance_band/reistance_band_v0_1/resistance_band/LIB\libCH57xBLE.a(gattservapp.o)
                0x00000000000076b0                GATTServApp_ReadCharCfg
 .text.GATTServApp_WriteCharCfg
                0x00000000000076c8       0x3c e:/Workspace/resistance_band/reistance_band_v0_1/resistance_band/LIB\libCH57xBLE.a(gattservapp.o)
                0x00000000000076c8                GATTServApp_WriteCharCfg
 .text.GATTServApp_ProcessCCCWriteReq
                0x0000000000007704       0x60 e:/Workspace/resistance_band/reistance_band_v0_1/resistance_band/LIB\libCH57xBLE.a(gattservapp.o)
                0x0000000000007704                GATTServApp_ProcessCCCWriteReq
 .text.gattServApp_WriteAttrCB
                0x0000000000007764       0x34 e:/Workspace/resistance_band/reistance_band_v0_1/resistance_band/LIB\libCH57xBLE.a(gattservapp.o)
                0x0000000000007764                gattServApp_WriteAttrCB
 .text.GATTServApp_SendCCCUpdatedEvent
                0x0000000000007798       0x5e e:/Workspace/resistance_band/reistance_band_v0_1/resistance_band/LIB\libCH57xBLE.a(gattservapp.o)
                0x0000000000007798                GATTServApp_SendCCCUpdatedEvent
 .text.GATTServApp_SendServiceChangedInd
                0x00000000000077f6       0x36 e:/Workspace/resistance_band/reistance_band_v0_1/resistance_band/LIB\libCH57xBLE.a(gattservapp.o)
                0x00000000000077f6                GATTServApp_SendServiceChangedInd
 .text.gattServApp_ClearPrepareWriteQ
                0x000000000000782c       0x4c e:/Workspace/resistance_band/reistance_band_v0_1/resistance_band/LIB\libCH57xBLE.a(gattservapp.o)
                0x000000000000782c                gattServApp_ClearPrepareWriteQ
 .text.gattServApp_FindPrepareWriteQ
                0x0000000000007878       0x2c e:/Workspace/resistance_band/reistance_band_v0_1/resistance_band/LIB\libCH57xBLE.a(gattservapp.o)
                0x0000000000007878                gattServApp_FindPrepareWriteQ
 .text.gattServApp_FindServiceCBs
                0x00000000000078a4       0x18 e:/Workspace/resistance_band/reistance_band_v0_1/resistance_band/LIB\libCH57xBLE.a(gattservapp.o)
                0x00000000000078a4                gattServApp_FindServiceCBs
 .text.gattServApp_FindAuthorizeAttrCB
                0x00000000000078bc       0x16 e:/Workspace/resistance_band/reistance_band_v0_1/resistance_band/LIB\libCH57xBLE.a(gattservapp.o)
                0x00000000000078bc                gattServApp_FindAuthorizeAttrCB
 .text.gattServApp_IsWriteLong
                0x00000000000078d2       0xe6 e:/Workspace/resistance_band/reistance_band_v0_1/resistance_band/LIB\libCH57xBLE.a(gattservapp.o)
                0x00000000000078d2                gattServApp_IsWriteLong
 .text.gattFindService
                0x00000000000079b8       0x1c e:/Workspace/resistance_band/reistance_band_v0_1/resistance_band/LIB\libCH57xBLE.a(gattservapp.o)
                0x00000000000079b8                gattFindService
 .text.GATT_ServiceNumAttrs
                0x00000000000079d4       0x18 e:/Workspace/resistance_band/reistance_band_v0_1/resistance_band/LIB\libCH57xBLE.a(gattservapp.o)
                0x00000000000079d4                GATT_ServiceNumAttrs
 .text.GATT_ServiceEncKeySize
                0x00000000000079ec       0x18 e:/Workspace/resistance_band/reistance_band_v0_1/resistance_band/LIB\libCH57xBLE.a(gattservapp.o)
                0x00000000000079ec                GATT_ServiceEncKeySize
 .text.GATT_VerifyWritePermissions.part.7
                0x0000000000007a04       0x2e e:/Workspace/resistance_band/reistance_band_v0_1/resistance_band/LIB\libCH57xBLE.a(gattservapp.o)
 .text.gattResetServerInfo
                0x0000000000007a32       0x1c e:/Workspace/resistance_band/reistance_band_v0_1/resistance_band/LIB\libCH57xBLE.a(gattservapp.o)
                0x0000000000007a32                gattResetServerInfo
 .text.gattFindServerInfo
                0x0000000000007a4e       0x28 e:/Workspace/resistance_band/reistance_band_v0_1/resistance_band/LIB\libCH57xBLE.a(gattservapp.o)
                0x0000000000007a4e                gattFindServerInfo
 .text.gattServerHandleConnStatusCB
                0x0000000000007a76       0x98 e:/Workspace/resistance_band/reistance_band_v0_1/resistance_band/LIB\libCH57xBLE.a(gattservapp.o)
                0x0000000000007a76                gattServerHandleConnStatusCB
 .text.gattServerProcessMsgCB
                0x0000000000007b0e      0x1c0 e:/Workspace/resistance_band/reistance_band_v0_1/resistance_band/LIB\libCH57xBLE.a(gattservapp.o)
                0x0000000000007b0e                gattServerProcessMsgCB
 .text.gattServerNotifyTxCB
                0x0000000000007cce       0x28 e:/Workspace/resistance_band/reistance_band_v0_1/resistance_band/LIB\libCH57xBLE.a(gattservapp.o)
 .text.GATT_FindHandle
                0x0000000000007cf6       0x4a e:/Workspace/resistance_band/reistance_band_v0_1/resistance_band/LIB\libCH57xBLE.a(gattservapp.o)
                0x0000000000007cf6                GATT_FindHandle
 .text.GATTServApp_WriteAttr
                0x0000000000007d40       0xa8 e:/Workspace/resistance_band/reistance_band_v0_1/resistance_band/LIB\libCH57xBLE.a(gattservapp.o)
                0x0000000000007d40                GATTServApp_WriteAttr
 .text.gattServApp_ProcessExecuteWriteReq
                0x0000000000007de8      0x100 e:/Workspace/resistance_band/reistance_band_v0_1/resistance_band/LIB\libCH57xBLE.a(gattservapp.o)
                0x0000000000007de8                gattServApp_ProcessExecuteWriteReq
 .text.GATTServApp_UpdateCharCfg
                0x0000000000007ee8       0x1e e:/Workspace/resistance_band/reistance_band_v0_1/resistance_band/LIB\libCH57xBLE.a(gattservapp.o)
                0x0000000000007ee8                GATTServApp_UpdateCharCfg
 .text.gattServApp_ProcessPrepareWriteReq
                0x0000000000007f06      0x10e e:/Workspace/resistance_band/reistance_band_v0_1/resistance_band/LIB\libCH57xBLE.a(gattservapp.o)
                0x0000000000007f06                gattServApp_ProcessPrepareWriteReq
 .text.gattServApp_ProcessWriteReq
                0x0000000000008014       0xb0 e:/Workspace/resistance_band/reistance_band_v0_1/resistance_band/LIB\libCH57xBLE.a(gattservapp.o)
                0x0000000000008014                gattServApp_ProcessWriteReq
 .text.GATT_Indication
                0x00000000000080c4       0xa4 e:/Workspace/resistance_band/reistance_band_v0_1/resistance_band/LIB\libCH57xBLE.a(gattservapp.o)
                0x00000000000080c4                GATT_Indication
 .text.GATT_FindHandleUUID
                0x0000000000008168       0x94 e:/Workspace/resistance_band/reistance_band_v0_1/resistance_band/LIB\libCH57xBLE.a(gattservapp.o)
                0x0000000000008168                GATT_FindHandleUUID
 .text.gattProcessReadByGrpTypeReq
                0x00000000000081fc       0x60 e:/Workspace/resistance_band/reistance_band_v0_1/resistance_band/LIB\libCH57xBLE.a(gattservapp.o)
 .text.gattProcessReadByTypeReq
                0x000000000000825c       0x34 e:/Workspace/resistance_band/reistance_band_v0_1/resistance_band/LIB\libCH57xBLE.a(gattservapp.o)
 .text.gattProcessFindByTypeValueReq
                0x0000000000008290       0x34 e:/Workspace/resistance_band/reistance_band_v0_1/resistance_band/LIB\libCH57xBLE.a(gattservapp.o)
 .text.gattProcessFindInfoReq
                0x00000000000082c4      0x1aa e:/Workspace/resistance_band/reistance_band_v0_1/resistance_band/LIB\libCH57xBLE.a(gattservapp.o)
 .text.GATT_Notification
                0x000000000000846e       0x70 e:/Workspace/resistance_band/reistance_band_v0_1/resistance_band/LIB\libCH57xBLE.a(gattservapp.o)
                0x000000000000846e                GATT_Notification
 .text.GATT_VerifyWritePermissions
                0x00000000000084de       0x6a e:/Workspace/resistance_band/reistance_band_v0_1/resistance_band/LIB\libCH57xBLE.a(gattservapp.o)
                0x00000000000084de                GATT_VerifyWritePermissions
 .text.gattProcessWriteReq
                0x0000000000008548       0x36 e:/Workspace/resistance_band/reistance_band_v0_1/resistance_band/LIB\libCH57xBLE.a(gattservapp.o)
 .text.GATT_VerifyPrepareWritePermissions
                0x000000000000857e       0x56 e:/Workspace/resistance_band/reistance_band_v0_1/resistance_band/LIB\libCH57xBLE.a(gattservapp.o)
                0x000000000000857e                GATT_VerifyPrepareWritePermissions
 .text.gattProcessPrepareWriteReq
                0x00000000000085d4       0x36 e:/Workspace/resistance_band/reistance_band_v0_1/resistance_band/LIB\libCH57xBLE.a(gattservapp.o)
 .text.GATT_FindNextAttr
                0x000000000000860a       0xc2 e:/Workspace/resistance_band/reistance_band_v0_1/resistance_band/LIB\libCH57xBLE.a(gattservapp.o)
                0x000000000000860a                GATT_FindNextAttr
 .text.GATTServApp_ReadAttr
                0x00000000000086cc      0x2e2 e:/Workspace/resistance_band/reistance_band_v0_1/resistance_band/LIB\libCH57xBLE.a(gattservapp.o)
                0x00000000000086cc                GATTServApp_ReadAttr
 .text.gattServApp_ProcessReadMultiReq
                0x00000000000089ae      0x16e e:/Workspace/resistance_band/reistance_band_v0_1/resistance_band/LIB\libCH57xBLE.a(gattservapp.o)
                0x00000000000089ae                gattServApp_ProcessReadMultiReq
 .text.gattServApp_ProcessFindByTypeValueReq
                0x0000000000008b1c      0x19c e:/Workspace/resistance_band/reistance_band_v0_1/resistance_band/LIB\libCH57xBLE.a(gattservapp.o)
                0x0000000000008b1c                gattServApp_ProcessFindByTypeValueReq
 .text.GATT_VerifyReadPermissions
                0x0000000000008cb8       0x68 e:/Workspace/resistance_band/reistance_band_v0_1/resistance_band/LIB\libCH57xBLE.a(gattservapp.o)
                0x0000000000008cb8                GATT_VerifyReadPermissions
 .text.gattProcessReadMultiReq
                0x0000000000008d20       0xae e:/Workspace/resistance_band/reistance_band_v0_1/resistance_band/LIB\libCH57xBLE.a(gattservapp.o)
 .text.gattProcessReadReq
                0x0000000000008dce       0x30 e:/Workspace/resistance_band/reistance_band_v0_1/resistance_band/LIB\libCH57xBLE.a(gattservapp.o)
 .text.gattServApp_ProcessReadByGrpTypeReq
                0x0000000000008dfe      0x21c e:/Workspace/resistance_band/reistance_band_v0_1/resistance_band/LIB\libCH57xBLE.a(gattservapp.o)
                0x0000000000008dfe                gattServApp_ProcessReadByGrpTypeReq
 .text.gattServApp_ProcessReadByTypeReq
                0x000000000000901a      0x1ae e:/Workspace/resistance_band/reistance_band_v0_1/resistance_band/LIB\libCH57xBLE.a(gattservapp.o)
                0x000000000000901a                gattServApp_ProcessReadByTypeReq
 .text.GATT_RegisterService
                0x00000000000091c8       0xfc e:/Workspace/resistance_band/reistance_band_v0_1/resistance_band/LIB\libCH57xBLE.a(gattservapp.o)
                0x00000000000091c8                GATT_RegisterService
 .text.GATTServApp_RegisterService
                0x00000000000092c4       0x8a e:/Workspace/resistance_band/reistance_band_v0_1/resistance_band/LIB\libCH57xBLE.a(gattservapp.o)
                0x00000000000092c4                GATTServApp_RegisterService
 .text.GATTServApp_AddService
                0x000000000000934e       0x2c e:/Workspace/resistance_band/reistance_band_v0_1/resistance_band/LIB\libCH57xBLE.a(gattservapp.o)
                0x000000000000934e                GATTServApp_AddService
 .text.GATTServApp_RegisterForMsg
                0x000000000000937a        0x6 e:/Workspace/resistance_band/reistance_band_v0_1/resistance_band/LIB\libCH57xBLE.a(gattservapp.o)
                0x000000000000937a                GATTServApp_RegisterForMsg
 .text.GATTServApp_InitCharCfg
                0x0000000000009380       0x28 e:/Workspace/resistance_band/reistance_band_v0_1/resistance_band/LIB\libCH57xBLE.a(gattservapp.o)
                0x0000000000009380                GATTServApp_InitCharCfg
 .text.gattServApp_HandleConnStatusCB
                0x00000000000093a8       0x74 e:/Workspace/resistance_band/reistance_band_v0_1/resistance_band/LIB\libCH57xBLE.a(gattservapp.o)
                0x00000000000093a8                gattServApp_HandleConnStatusCB
 .text.GATT_InitServer
                0x000000000000941c       0xf6 e:/Workspace/resistance_band/reistance_band_v0_1/resistance_band/LIB\libCH57xBLE.a(gattservapp.o)
                0x000000000000941c                GATT_InitServer
 .text.GATTServApp_Init
                0x0000000000009512       0x34 e:/Workspace/resistance_band/reistance_band_v0_1/resistance_band/LIB\libCH57xBLE.a(gattservapp.o)
                0x0000000000009512                GATTServApp_Init
 .text.GATTServApp_ProcessEvent
                0x0000000000009546      0x366 e:/Workspace/resistance_band/reistance_band_v0_1/resistance_band/LIB\libCH57xBLE.a(gattservapp.o)
                0x0000000000009546                GATTServApp_ProcessEvent
 .text.l2capAllocConnChannel
                0x00000000000098ac       0xd8 e:/Workspace/resistance_band/reistance_band_v0_1/resistance_band/LIB\libCH57xBLE.a(l2cap.o)
                0x00000000000098ac                l2capAllocConnChannel
 .text.l2capFindLocalCID
                0x0000000000009984       0x2c e:/Workspace/resistance_band/reistance_band_v0_1/resistance_band/LIB\libCH57xBLE.a(l2cap.o)
                0x0000000000009984                l2capFindLocalCID
 .text.l2capFindLocalId
                0x00000000000099b0       0x30 e:/Workspace/resistance_band/reistance_band_v0_1/resistance_band/LIB\libCH57xBLE.a(l2cap.o)
                0x00000000000099b0                l2capFindLocalId
 .text.l2capFindPsm
                0x00000000000099e0       0x2c e:/Workspace/resistance_band/reistance_band_v0_1/resistance_band/LIB\libCH57xBLE.a(l2cap.o)
                0x00000000000099e0                l2capFindPsm
 .text.l2capFindRemoteCID
                0x0000000000009a0c       0x3c e:/Workspace/resistance_band/reistance_band_v0_1/resistance_band/LIB\libCH57xBLE.a(l2cap.o)
                0x0000000000009a0c                l2capFindRemoteCID
 .text.l2capFreeChannel
                0x0000000000009a48       0x4a e:/Workspace/resistance_band/reistance_band_v0_1/resistance_band/LIB\libCH57xBLE.a(l2cap.o)
                0x0000000000009a48                l2capFreeChannel
 .text.l2capDisconnectChannel
                0x0000000000009a92       0x28 e:/Workspace/resistance_band/reistance_band_v0_1/resistance_band/LIB\libCH57xBLE.a(l2cap.o)
                0x0000000000009a92                l2capDisconnectChannel
 .text.l2capHandleTimerCB
                0x0000000000009aba       0x2c e:/Workspace/resistance_band/reistance_band_v0_1/resistance_band/LIB\libCH57xBLE.a(l2cap.o)
                0x0000000000009aba                l2capHandleTimerCB
 .text.l2capFreePendingPkt
                0x0000000000009ae6       0x58 e:/Workspace/resistance_band/reistance_band_v0_1/resistance_band/LIB\libCH57xBLE.a(l2cap.o)
                0x0000000000009ae6                l2capFreePendingPkt
 .text.l2capGetCoChannelInfo
                0x0000000000009b3e       0x7e e:/Workspace/resistance_band/reistance_band_v0_1/resistance_band/LIB\libCH57xBLE.a(l2cap.o)
                0x0000000000009b3e                l2capGetCoChannelInfo
 .text.l2capNumActiveChannnels
                0x0000000000009bbc       0x44 e:/Workspace/resistance_band/reistance_band_v0_1/resistance_band/LIB\libCH57xBLE.a(l2cap.o)
                0x0000000000009bbc                l2capNumActiveChannnels
 .text.l2capStartTimer
                0x0000000000009c00       0x1a e:/Workspace/resistance_band/reistance_band_v0_1/resistance_band/LIB\libCH57xBLE.a(l2cap.o)
                0x0000000000009c00                l2capStartTimer
 .text.l2capStopTimer
                0x0000000000009c1a       0x1e e:/Workspace/resistance_band/reistance_band_v0_1/resistance_band/LIB\libCH57xBLE.a(l2cap.o)
                0x0000000000009c1a                l2capStopTimer
 .text.l2capDisconnectAllChannels
                0x0000000000009c38       0xdc e:/Workspace/resistance_band/reistance_band_v0_1/resistance_band/LIB\libCH57xBLE.a(l2cap.o)
                0x0000000000009c38                l2capDisconnectAllChannels
 .text.l2capHandleConnStatusCB
                0x0000000000009d14       0x3c e:/Workspace/resistance_band/reistance_band_v0_1/resistance_band/LIB\libCH57xBLE.a(l2cap.o)
                0x0000000000009d14                l2capHandleConnStatusCB
 .text.l2capHandleRxError
                0x0000000000009d50        0x6 e:/Workspace/resistance_band/reistance_band_v0_1/resistance_band/LIB\libCH57xBLE.a(l2cap.o)
                0x0000000000009d50                l2capHandleRxError
 .text.L2CAP_GetMTU
                0x0000000000009d56        0x6 e:/Workspace/resistance_band/reistance_band_v0_1/resistance_band/LIB\libCH57xBLE.a(l2cap.o)
                0x0000000000009d56                L2CAP_GetMTU
 .text.L2CAP_HostNumCompletedPkts
                0x0000000000009d5c       0x28 e:/Workspace/resistance_band/reistance_band_v0_1/resistance_band/LIB\libCH57xBLE.a(l2cap.o)
                0x0000000000009d5c                L2CAP_HostNumCompletedPkts
 .text.L2CAP_ParseConnectReq
                0x0000000000009d84       0x5e e:/Workspace/resistance_band/reistance_band_v0_1/resistance_band/LIB\libCH57xBLE.a(l2cap.o)
                0x0000000000009d84                L2CAP_ParseConnectReq
 .text.L2CAP_ParseFlowCtrlCredit
                0x0000000000009de2       0x2e e:/Workspace/resistance_band/reistance_band_v0_1/resistance_band/LIB\libCH57xBLE.a(l2cap.o)
                0x0000000000009de2                L2CAP_ParseFlowCtrlCredit
 .text.L2CAP_RegisterApp
                0x0000000000009e10       0x30 e:/Workspace/resistance_band/reistance_band_v0_1/resistance_band/LIB\libCH57xBLE.a(l2cap.o)
                0x0000000000009e10                L2CAP_RegisterApp
 .text.L2CAP_SetBufSize
                0x0000000000009e40       0x1e e:/Workspace/resistance_band/reistance_band_v0_1/resistance_band/LIB\libCH57xBLE.a(l2cap.o)
                0x0000000000009e40                L2CAP_SetBufSize
 .text.L2CAP_bm_alloc
                0x0000000000009e5e       0x30 e:/Workspace/resistance_band/reistance_band_v0_1/resistance_band/LIB\libCH57xBLE.a(l2cap.o)
                0x0000000000009e5e                L2CAP_bm_alloc
 .text.L2CAP_Init
                0x0000000000009e8e      0x12e e:/Workspace/resistance_band/reistance_band_v0_1/resistance_band/LIB\libCH57xBLE.a(l2cap.o)
                0x0000000000009e8e                L2CAP_Init
 .text.L2CAP_ProcessEvent
                0x0000000000009fbc       0xc8 e:/Workspace/resistance_band/reistance_band_v0_1/resistance_band/LIB\libCH57xBLE.a(l2cap.o)
                0x0000000000009fbc                L2CAP_ProcessEvent
 .text.l2capParseCmdReject
                0x000000000000a084       0x5e e:/Workspace/resistance_band/reistance_band_v0_1/resistance_band/LIB\libCH57xBLE.a(l2cap_input.o)
                0x000000000000a084                l2capParseCmdReject
 .text.l2capParseDisconnectReq
                0x000000000000a0e2       0x2e e:/Workspace/resistance_band/reistance_band_v0_1/resistance_band/LIB\libCH57xBLE.a(l2cap_input.o)
                0x000000000000a0e2                l2capParseDisconnectReq
 .text.l2capParseDisconnectRsp
                0x000000000000a110       0x2e e:/Workspace/resistance_band/reistance_band_v0_1/resistance_band/LIB\libCH57xBLE.a(l2cap_input.o)
                0x000000000000a110                l2capParseDisconnectRsp
 .text.L2CAP_ParseParamUpdateReq
                0x000000000000a13e       0x4e e:/Workspace/resistance_band/reistance_band_v0_1/resistance_band/LIB\libCH57xBLE.a(l2cap_input.o)
                0x000000000000a13e                L2CAP_ParseParamUpdateReq
 .text.l2capParseParamUpdateRsp
                0x000000000000a18c       0x1e e:/Workspace/resistance_band/reistance_band_v0_1/resistance_band/LIB\libCH57xBLE.a(l2cap_input.o)
                0x000000000000a18c                l2capParseParamUpdateRsp
 .text.l2capProcessConnectReq
                0x000000000000a1aa       0xfc e:/Workspace/resistance_band/reistance_band_v0_1/resistance_band/LIB\libCH57xBLE.a(l2cap_input.o)
                0x000000000000a1aa                l2capProcessConnectReq
 .text.l2capParseConnectRsp
                0x000000000000a2a6       0x5e e:/Workspace/resistance_band/reistance_band_v0_1/resistance_band/LIB\libCH57xBLE.a(l2cap_input.o)
                0x000000000000a2a6                l2capParseConnectRsp
 .text.l2capParseSignalHdr
                0x000000000000a304       0x22 e:/Workspace/resistance_band/reistance_band_v0_1/resistance_band/LIB\libCH57xBLE.a(l2cap_input.o)
                0x000000000000a304                l2capParseSignalHdr
 .text.l2capParsePacket
                0x000000000000a326       0x8c e:/Workspace/resistance_band/reistance_band_v0_1/resistance_band/LIB\libCH57xBLE.a(l2cap_input.o)
                0x000000000000a326                l2capParsePacket
 .text.l2capProcessReq
                0x000000000000a3b2      0x15a e:/Workspace/resistance_band/reistance_band_v0_1/resistance_band/LIB\libCH57xBLE.a(l2cap_input.o)
                0x000000000000a3b2                l2capProcessReq
 .text.l2capProcessRsp
                0x000000000000a50c      0x150 e:/Workspace/resistance_band/reistance_band_v0_1/resistance_band/LIB\libCH57xBLE.a(l2cap_input.o)
                0x000000000000a50c                l2capProcessRsp
 .text.l2capProcessRxData
                0x000000000000a65c       0xf8 e:/Workspace/resistance_band/reistance_band_v0_1/resistance_band/LIB\libCH57xBLE.a(l2cap_input.o)
                0x000000000000a65c                l2capProcessRxData
 .text.l2capNotifyData
                0x000000000000a754       0x5a e:/Workspace/resistance_band/reistance_band_v0_1/resistance_band/LIB\libCH57xBLE.a(l2cap_output.o)
                0x000000000000a754                l2capNotifyData
 .text.l2capNotifySignal
                0x000000000000a7ae       0x76 e:/Workspace/resistance_band/reistance_band_v0_1/resistance_band/LIB\libCH57xBLE.a(l2cap_output.o)
                0x000000000000a7ae                l2capNotifySignal
 .text.l2capNotifyCreditEvt
                0x000000000000a824       0x9c e:/Workspace/resistance_band/reistance_band_v0_1/resistance_band/LIB\libCH57xBLE.a(l2cap_output.o)
                0x000000000000a824                l2capNotifyCreditEvt
 .text.l2capNotifyChannelEstEvt
                0x000000000000a8c0       0x58 e:/Workspace/resistance_band/reistance_band_v0_1/resistance_band/LIB\libCH57xBLE.a(l2cap_output.o)
                0x000000000000a8c0                l2capNotifyChannelEstEvt
 .text.l2capNotifyChannelTermEvt
                0x000000000000a918       0x3e e:/Workspace/resistance_band/reistance_band_v0_1/resistance_band/LIB\libCH57xBLE.a(l2cap_output.o)
                0x000000000000a918                l2capNotifyChannelTermEvt
 .text.l2capNotifyEvent
                0x000000000000a956       0x66 e:/Workspace/resistance_band/reistance_band_v0_1/resistance_band/LIB\libCH57xBLE.a(l2cap_output.o)
                0x000000000000a956                l2capNotifyEvent
 .text.l2capStoreFCPkt
                0x000000000000a9bc       0x32 e:/Workspace/resistance_band/reistance_band_v0_1/resistance_band/LIB\libCH57xBLE.a(l2cap_output.o)
                0x000000000000a9bc                l2capStoreFCPkt
 .text.l2capFreeTxSDU
                0x000000000000a9ee       0x9a e:/Workspace/resistance_band/reistance_band_v0_1/resistance_band/LIB\libCH57xBLE.a(l2cap_output.o)
                0x000000000000a9ee                l2capFreeTxSDU
 .text.l2capReassembleSegment
                0x000000000000aa88      0x174 e:/Workspace/resistance_band/reistance_band_v0_1/resistance_band/LIB\libCH57xBLE.a(l2cap_output.o)
                0x000000000000aa88                l2capReassembleSegment
 .text.l2capEncapSendData
                0x000000000000abfc       0xec e:/Workspace/resistance_band/reistance_band_v0_1/resistance_band/LIB\libCH57xBLE.a(l2cap_output.o)
                0x000000000000abfc                l2capEncapSendData
 .text.l2capSendFCPkt.part.3
                0x000000000000ace8       0x70 e:/Workspace/resistance_band/reistance_band_v0_1/resistance_band/LIB\libCH57xBLE.a(l2cap_output.o)
 .text.l2capSendSegment
                0x000000000000ad58      0x108 e:/Workspace/resistance_band/reistance_band_v0_1/resistance_band/LIB\libCH57xBLE.a(l2cap_output.o)
                0x000000000000ad58                l2capSendSegment
 .text.l2capSendNextSegment
                0x000000000000ae60       0xb4 e:/Workspace/resistance_band/reistance_band_v0_1/resistance_band/LIB\libCH57xBLE.a(l2cap_output.o)
                0x000000000000ae60                l2capSendNextSegment
 .text.l2capSendPkt
                0x000000000000af14       0x3a e:/Workspace/resistance_band/reistance_band_v0_1/resistance_band/LIB\libCH57xBLE.a(l2cap_output.o)
                0x000000000000af14                l2capSendPkt
 .text.L2CAP_SendData
                0x000000000000af4e       0x82 e:/Workspace/resistance_band/reistance_band_v0_1/resistance_band/LIB\libCH57xBLE.a(l2cap_output.o)
                0x000000000000af4e                L2CAP_SendData
 .text.l2capSendCmd
                0x000000000000afd0       0x8a e:/Workspace/resistance_band/reistance_band_v0_1/resistance_band/LIB\libCH57xBLE.a(l2cap_output.o)
                0x000000000000afd0                l2capSendCmd
 .text.l2capSendReq
                0x000000000000b05a       0xbc e:/Workspace/resistance_band/reistance_band_v0_1/resistance_band/LIB\libCH57xBLE.a(l2cap_output.o)
                0x000000000000b05a                l2capSendReq
 .text.l2capBuildDisconnectReq
                0x000000000000b116       0x28 e:/Workspace/resistance_band/reistance_band_v0_1/resistance_band/LIB\libCH57xBLE.a(l2cap_sdu.o)
 .text.l2capBuildParamUpdateReq
                0x000000000000b13e       0x4c e:/Workspace/resistance_band/reistance_band_v0_1/resistance_band/LIB\libCH57xBLE.a(l2cap_sdu.o)
 .text.l2capBuildParamUpdateRsp
                0x000000000000b18a       0x16 e:/Workspace/resistance_band/reistance_band_v0_1/resistance_band/LIB\libCH57xBLE.a(l2cap_sdu.o)
 .text.l2capBuildConnectRsp
                0x000000000000b1a0       0x5e e:/Workspace/resistance_band/reistance_band_v0_1/resistance_band/LIB\libCH57xBLE.a(l2cap_sdu.o)
 .text.l2capBuildCmdReject
                0x000000000000b1fe       0x62 e:/Workspace/resistance_band/reistance_band_v0_1/resistance_band/LIB\libCH57xBLE.a(l2cap_sdu.o)
                0x000000000000b1fe                l2capBuildCmdReject
 .text.l2capBuildDisconnectRsp
                0x000000000000b260       0x28 e:/Workspace/resistance_band/reistance_band_v0_1/resistance_band/LIB\libCH57xBLE.a(l2cap_sdu.o)
                0x000000000000b260                l2capBuildDisconnectRsp
 .text.l2capSendConnectRsp
                0x000000000000b288       0xa2 e:/Workspace/resistance_band/reistance_band_v0_1/resistance_band/LIB\libCH57xBLE.a(l2cap_sdu.o)
                0x000000000000b288                l2capSendConnectRsp
 .text.L2CAP_CmdReject
                0x000000000000b32a       0x12 e:/Workspace/resistance_band/reistance_band_v0_1/resistance_band/LIB\libCH57xBLE.a(l2cap_sdu.o)
                0x000000000000b32a                L2CAP_CmdReject
 .text.L2CAP_DisconnectReq
                0x000000000000b33c       0x2a e:/Workspace/resistance_band/reistance_band_v0_1/resistance_band/LIB\libCH57xBLE.a(l2cap_sdu.o)
                0x000000000000b33c                L2CAP_DisconnectReq
 .text.L2CAP_ConnParamUpdateReq
                0x000000000000b366       0x16 e:/Workspace/resistance_band/reistance_band_v0_1/resistance_band/LIB\libCH57xBLE.a(l2cap_sdu.o)
                0x000000000000b366                L2CAP_ConnParamUpdateReq
 .text.L2CAP_ConnParamUpdateRsp
                0x000000000000b37c       0x12 e:/Workspace/resistance_band/reistance_band_v0_1/resistance_band/LIB\libCH57xBLE.a(l2cap_sdu.o)
                0x000000000000b37c                L2CAP_ConnParamUpdateRsp
 .text.reportStatusChange
                0x000000000000b38e       0x3e e:/Workspace/resistance_band/reistance_band_v0_1/resistance_band/LIB\libCH57xBLE.a(linkdb.o)
 .text.linkDB_Init
                0x000000000000b3cc       0x88 e:/Workspace/resistance_band/reistance_band_v0_1/resistance_band/LIB\libCH57xBLE.a(linkdb.o)
                0x000000000000b3cc                linkDB_Init
 .text.linkDB_Find
                0x000000000000b454       0x2c e:/Workspace/resistance_band/reistance_band_v0_1/resistance_band/LIB\libCH57xBLE.a(linkdb.o)
                0x000000000000b454                linkDB_Find
 .text.linkDB_Authen
                0x000000000000b480       0x5c e:/Workspace/resistance_band/reistance_band_v0_1/resistance_band/LIB\libCH57xBLE.a(linkdb.o)
                0x000000000000b480                linkDB_Authen
 .text.linkDB_FindByAddr
                0x000000000000b4dc       0x76 e:/Workspace/resistance_band/reistance_band_v0_1/resistance_band/LIB\libCH57xBLE.a(linkdb.o)
                0x000000000000b4dc                linkDB_FindByAddr
 .text.linkDB_FindFirst
                0x000000000000b552       0x38 e:/Workspace/resistance_band/reistance_band_v0_1/resistance_band/LIB\libCH57xBLE.a(linkdb.o)
                0x000000000000b552                linkDB_FindFirst
 .text.linkDB_MTU
                0x000000000000b58a       0x18 e:/Workspace/resistance_band/reistance_band_v0_1/resistance_band/LIB\libCH57xBLE.a(linkdb.o)
                0x000000000000b58a                linkDB_MTU
 .text.linkDB_NumActive
                0x000000000000b5a2       0x2e e:/Workspace/resistance_band/reistance_band_v0_1/resistance_band/LIB\libCH57xBLE.a(linkdb.o)
                0x000000000000b5a2                linkDB_NumActive
 .text.linkDB_NumConns
                0x000000000000b5d0        0x6 e:/Workspace/resistance_band/reistance_band_v0_1/resistance_band/LIB\libCH57xBLE.a(linkdb.o)
                0x000000000000b5d0                linkDB_NumConns
 .text.linkDB_Register
                0x000000000000b5d6       0x28 e:/Workspace/resistance_band/reistance_band_v0_1/resistance_band/LIB\libCH57xBLE.a(linkdb.o)
                0x000000000000b5d6                linkDB_Register
 .text.linkDB_Remove
                0x000000000000b5fe       0x48 e:/Workspace/resistance_band/reistance_band_v0_1/resistance_band/LIB\libCH57xBLE.a(linkdb.o)
                0x000000000000b5fe                linkDB_Remove
 .text.linkDB_Role
                0x000000000000b646       0x18 e:/Workspace/resistance_band/reistance_band_v0_1/resistance_band/LIB\libCH57xBLE.a(linkdb.o)
                0x000000000000b646                linkDB_Role
 .text.linkDB_State
                0x000000000000b65e       0x30 e:/Workspace/resistance_band/reistance_band_v0_1/resistance_band/LIB\libCH57xBLE.a(linkdb.o)
                0x000000000000b65e                linkDB_State
 .text.linkDB_UpdateMTU
                0x000000000000b68e       0x28 e:/Workspace/resistance_band/reistance_band_v0_1/resistance_band/LIB\libCH57xBLE.a(linkdb.o)
                0x000000000000b68e                linkDB_UpdateMTU
 .text.linkDB_PerformFunc
                0x000000000000b6b6       0x52 e:/Workspace/resistance_band/reistance_band_v0_1/resistance_band/LIB\libCH57xBLE.a(linkdb.o)
                0x000000000000b6b6                linkDB_PerformFunc
 .text.linkDB_PeripheralLinkNum
                0x000000000000b708       0x3e e:/Workspace/resistance_band/reistance_band_v0_1/resistance_band/LIB\libCH57xBLE.a(linkdb.o)
                0x000000000000b708                linkDB_PeripheralLinkNum
 .text.linkDB_GetSMEvtID
                0x000000000000b746       0x58 e:/Workspace/resistance_band/reistance_band_v0_1/resistance_band/LIB\libCH57xBLE.a(linkdb.o)
                0x000000000000b746                linkDB_GetSMEvtID
 .text.linkDB_Add
                0x000000000000b79e       0xb2 e:/Workspace/resistance_band/reistance_band_v0_1/resistance_band/LIB\libCH57xBLE.a(linkdb.o)
                0x000000000000b79e                linkDB_Add
 .text.linkDB_GetHandleFromSMEvtID
                0x000000000000b850       0x32 e:/Workspace/resistance_band/reistance_band_v0_1/resistance_band/LIB\libCH57xBLE.a(linkdb.o)
                0x000000000000b850                linkDB_GetHandleFromSMEvtID
 .text.linkDB_GetPairingParam
                0x000000000000b882       0x54 e:/Workspace/resistance_band/reistance_band_v0_1/resistance_band/LIB\libCH57xBLE.a(linkdb.o)
                0x000000000000b882                linkDB_GetPairingParam
 .text.linkDB_NeedSendKey
                0x000000000000b8d6       0x42 e:/Workspace/resistance_band/reistance_band_v0_1/resistance_band/LIB\libCH57xBLE.a(linkdb.o)
                0x000000000000b8d6                linkDB_NeedSendKey
 .text.smpBuildPairingFailed
                0x000000000000b918       0x1a e:/Workspace/resistance_band/reistance_band_v0_1/resistance_band/LIB\libCH57xBLE.a(sm.o)
                0x000000000000b918                smpBuildPairingFailed
 .text.SM_StartEncryption
                0x000000000000b932       0x98 e:/Workspace/resistance_band/reistance_band_v0_1/resistance_band/LIB\libCH57xBLE.a(sm.o)
                0x000000000000b932                SM_StartEncryption
 .text.smpBuildEncInfo
                0x000000000000b9ca       0x30 e:/Workspace/resistance_band/reistance_band_v0_1/resistance_band/LIB\libCH57xBLE.a(sm.o)
                0x000000000000b9ca                smpBuildEncInfo
 .text.smpBuildIdentityAddrInfo
                0x000000000000b9fa       0x3a e:/Workspace/resistance_band/reistance_band_v0_1/resistance_band/LIB\libCH57xBLE.a(sm.o)
                0x000000000000b9fa                smpBuildIdentityAddrInfo
 .text.smpBuildIdentityInfo
                0x000000000000ba34       0x30 e:/Workspace/resistance_band/reistance_band_v0_1/resistance_band/LIB\libCH57xBLE.a(sm.o)
                0x000000000000ba34                smpBuildIdentityInfo
 .text.smpBuildMasterID
                0x000000000000ba64       0x44 e:/Workspace/resistance_band/reistance_band_v0_1/resistance_band/LIB\libCH57xBLE.a(sm.o)
                0x000000000000ba64                smpBuildMasterID
 .text.smpBuildPairingConfirm
                0x000000000000baa8       0x30 e:/Workspace/resistance_band/reistance_band_v0_1/resistance_band/LIB\libCH57xBLE.a(sm.o)
                0x000000000000baa8                smpBuildPairingConfirm
 .text.smpBuildPairingRandom
                0x000000000000bad8       0x30 e:/Workspace/resistance_band/reistance_band_v0_1/resistance_band/LIB\libCH57xBLE.a(sm.o)
                0x000000000000bad8                smpBuildPairingRandom
 .text.smpBuildSigningInfo
                0x000000000000bb08       0x30 e:/Workspace/resistance_band/reistance_band_v0_1/resistance_band/LIB\libCH57xBLE.a(sm.o)
                0x000000000000bb08                smpBuildSigningInfo
 .text.SM_ParamInit
                0x000000000000bb38       0x5a e:/Workspace/resistance_band/reistance_band_v0_1/resistance_band/LIB\libCH57xBLE.a(sm.o)
                0x000000000000bb38                SM_ParamInit
 .text.smDetermineKeySize
                0x000000000000bb92       0x20 e:/Workspace/resistance_band/reistance_band_v0_1/resistance_band/LIB\libCH57xBLE.a(sm.o)
                0x000000000000bb92                smDetermineKeySize
 .text.smProcessRandComplete
                0x000000000000bbb2       0x9e e:/Workspace/resistance_band/reistance_band_v0_1/resistance_band/LIB\libCH57xBLE.a(sm.o)
                0x000000000000bbb2                smProcessRandComplete
 .text.smSavePairInfo
                0x000000000000bc50      0x186 e:/Workspace/resistance_band/reistance_band_v0_1/resistance_band/LIB\libCH57xBLE.a(sm.o)
                0x000000000000bc50                smSavePairInfo
 .text.smSetPairingReqRsp
                0x000000000000bdd6       0x38 e:/Workspace/resistance_band/reistance_band_v0_1/resistance_band/LIB\libCH57xBLE.a(sm.o)
                0x000000000000bdd6                smSetPairingReqRsp
 .text.smStartEncryption
                0x000000000000be0e       0x16 e:/Workspace/resistance_band/reistance_band_v0_1/resistance_band/LIB\libCH57xBLE.a(sm.o)
                0x000000000000be0e                smStartEncryption
 .text.smStartRspTimer
                0x000000000000be24       0x36 e:/Workspace/resistance_band/reistance_band_v0_1/resistance_band/LIB\libCH57xBLE.a(sm.o)
                0x000000000000be24                smStartRspTimer
 .text.smSendSMMsg
                0x000000000000be5a       0x5c e:/Workspace/resistance_band/reistance_band_v0_1/resistance_band/LIB\libCH57xBLE.a(sm.o)
                0x000000000000be5a                smSendSMMsg
 .text.smGenerateConfirm
                0x000000000000beb6       0x34 e:/Workspace/resistance_band/reistance_band_v0_1/resistance_band/LIB\libCH57xBLE.a(sm.o)
                0x000000000000beb6                smGenerateConfirm
 .text.smGenerateRandMsg
                0x000000000000beea       0x34 e:/Workspace/resistance_band/reistance_band_v0_1/resistance_band/LIB\libCH57xBLE.a(sm.o)
                0x000000000000beea                smGenerateRandMsg
 .text.smPairingSendEncInfo
                0x000000000000bf1e       0x10 e:/Workspace/resistance_band/reistance_band_v0_1/resistance_band/LIB\libCH57xBLE.a(sm.o)
                0x000000000000bf1e                smPairingSendEncInfo
 .text.smPairingSendIdentityAddrInfo
                0x000000000000bf2e       0x38 e:/Workspace/resistance_band/reistance_band_v0_1/resistance_band/LIB\libCH57xBLE.a(sm.o)
                0x000000000000bf2e                smPairingSendIdentityAddrInfo
 .text.smPairingSendIdentityInfo
                0x000000000000bf66       0x10 e:/Workspace/resistance_band/reistance_band_v0_1/resistance_band/LIB\libCH57xBLE.a(sm.o)
                0x000000000000bf66                smPairingSendIdentityInfo
 .text.smPairingSendMasterID
                0x000000000000bf76       0x38 e:/Workspace/resistance_band/reistance_band_v0_1/resistance_band/LIB\libCH57xBLE.a(sm.o)
                0x000000000000bf76                smPairingSendMasterID
 .text.smPairingSendSingingInfo
                0x000000000000bfae       0x10 e:/Workspace/resistance_band/reistance_band_v0_1/resistance_band/LIB\libCH57xBLE.a(sm.o)
                0x000000000000bfae                smPairingSendSingingInfo
 .text.smInitiatorSendNextKeyInfo
                0x000000000000bfbe      0x1c2 e:/Workspace/resistance_band/reistance_band_v0_1/resistance_band/LIB\libCH57xBLE.a(sm.o)
                0x000000000000bfbe                smInitiatorSendNextKeyInfo
 .text.smResponderSendNextKeyInfo
                0x000000000000c180      0x216 e:/Workspace/resistance_band/reistance_band_v0_1/resistance_band/LIB\libCH57xBLE.a(sm.o)
                0x000000000000c180                smResponderSendNextKeyInfo
 .text.smGeneratePairingReqRsp
                0x000000000000c396       0x3e e:/Workspace/resistance_band/reistance_band_v0_1/resistance_band/LIB\libCH57xBLE.a(sm.o)
                0x000000000000c396                smGeneratePairingReqRsp
 .text.smStopRspTimer
                0x000000000000c3d4        0xa e:/Workspace/resistance_band/reistance_band_v0_1/resistance_band/LIB\libCH57xBLE.a(sm.o)
                0x000000000000c3d4                smStopRspTimer
 .text.smFreePairingParams
                0x000000000000c3de       0x68 e:/Workspace/resistance_band/reistance_band_v0_1/resistance_band/LIB\libCH57xBLE.a(sm.o)
                0x000000000000c3de                smFreePairingParams
 .text.smEndPairing
                0x000000000000c446       0x5c e:/Workspace/resistance_band/reistance_band_v0_1/resistance_band/LIB\libCH57xBLE.a(sm.o)
                0x000000000000c446                smEndPairing
 .text.setupInitiatorKeys
                0x000000000000c4a2       0x82 e:/Workspace/resistance_band/reistance_band_v0_1/resistance_band/LIB\libCH57xBLE.a(sm.o)
                0x000000000000c4a2                setupInitiatorKeys
 .text.smNextPairingState
                0x000000000000c524       0x56 e:/Workspace/resistance_band/reistance_band_v0_1/resistance_band/LIB\libCH57xBLE.a(sm.o)
                0x000000000000c524                smNextPairingState
 .text.smProcessEncryptChange
                0x000000000000c57a       0xde e:/Workspace/resistance_band/reistance_band_v0_1/resistance_band/LIB\libCH57xBLE.a(sm.o)
                0x000000000000c57a                smProcessEncryptChange
 .text.smSendFailAndEnd
                0x000000000000c658       0x38 e:/Workspace/resistance_band/reistance_band_v0_1/resistance_band/LIB\libCH57xBLE.a(sm.o)
                0x000000000000c658                smSendFailAndEnd
 .text.smProcessPairingReq
                0x000000000000c690       0x3c e:/Workspace/resistance_band/reistance_band_v0_1/resistance_band/LIB\libCH57xBLE.a(sm.o)
                0x000000000000c690                smProcessPairingReq
 .text.smLinkCheck
                0x000000000000c6cc       0x34 e:/Workspace/resistance_band/reistance_band_v0_1/resistance_band/LIB\libCH57xBLE.a(sm.o)
                0x000000000000c6cc                smLinkCheck
 .text.smTimedOut
                0x000000000000c700       0x20 e:/Workspace/resistance_band/reistance_band_v0_1/resistance_band/LIB\libCH57xBLE.a(sm.o)
                0x000000000000c700                smTimedOut
 .text.smUint8ToAuthReq
                0x000000000000c720        0x6 e:/Workspace/resistance_band/reistance_band_v0_1/resistance_band/LIB\libCH57xBLE.a(sm.o)
                0x000000000000c720                smUint8ToAuthReq
 .text.sm_ah    0x000000000000c726       0x80 e:/Workspace/resistance_band/reistance_band_v0_1/resistance_band/LIB\libCH57xBLE.a(sm.o)
                0x000000000000c726                sm_ah
 .text.sm_xor   0x000000000000c7a6       0x24 e:/Workspace/resistance_band/reistance_band_v0_1/resistance_band/LIB\libCH57xBLE.a(sm.o)
                0x000000000000c7a6                sm_xor
 .text.sm_c1new
                0x000000000000c7ca      0x11c e:/Workspace/resistance_band/reistance_band_v0_1/resistance_band/LIB\libCH57xBLE.a(sm.o)
                0x000000000000c7ca                sm_c1new