Archive member included to satisfy reference by file (symbol)

/home/mxk/resband/reistance_band_v0_1/SRC/StdPeriphDriver/libISP573.a(ISP573.o)
                              ./StdPeriphDriver/CH57x_flash.o (FLASH_EEPROM_CMD)
/home/mxk/resband/reistance_band_v0_1/resistance_band/LIB/libCH57xBLE.a(message.o)
                              ./HAL/MCU.o (tmos_msg_deallocate)
/home/mxk/resband/reistance_band_v0_1/resistance_band/LIB/libCH57xBLE.a(tmos.o)
                              ./Profile/battservice.o (tmos_memcpy)
/home/mxk/resband/reistance_band_v0_1/resistance_band/LIB/libCH57xBLE.a(tmos_hw.o)
                              /home/mxk/resband/reistance_band_v0_1/resistance_band/LIB/libCH57xBLE.a(tmos.o) (RTC_Get32KClock)
/home/mxk/resband/reistance_band_v0_1/resistance_band/LIB/libCH57xBLE.a(tmos_snv.o)
                              /home/mxk/resband/reistance_band_v0_1/resistance_band/LIB/libCH57xBLE.a(tmos.o) (tmos_snv_init)
/home/mxk/resband/reistance_band_v0_1/resistance_band/LIB/libCH57xBLE.a(gap.o)
                              ./APP/resband.o (GAP_GetParamValue)
/home/mxk/resband/reistance_band_v0_1/resistance_band/LIB/libCH57xBLE.a(gap_central.o)
                              /home/mxk/resband/reistance_band_v0_1/resistance_band/LIB/libCH57xBLE.a(gap.o) (GAP_CentralParamInit)
/home/mxk/resband/reistance_band_v0_1/resistance_band/LIB/libCH57xBLE.a(gap_peripheral.o)
                              /home/mxk/resband/reistance_band_v0_1/resistance_band/LIB/libCH57xBLE.a(gap.o) (GAP_PeripheralParamInit)
/home/mxk/resband/reistance_band_v0_1/resistance_band/LIB/libCH57xBLE.a(gapgattserver.o)
                              ./APP/resband.o (GGS_SetParameter)
/home/mxk/resband/reistance_band_v0_1/resistance_band/LIB/libCH57xBLE.a(gatt.o)
                              ./Profile/battservice.o (GATT_bm_alloc)
/home/mxk/resband/reistance_band_v0_1/resistance_band/LIB/libCH57xBLE.a(gatt_uuid.o)
                              ./Profile/battservice.o (reportRefUUID)
/home/mxk/resband/reistance_band_v0_1/resistance_band/LIB/libCH57xBLE.a(gattclientapp.o)
                              /home/mxk/resband/reistance_band_v0_1/resistance_band/LIB/libCH57xBLE.a(gatt.o) (gattGetClientStatus)
/home/mxk/resband/reistance_band_v0_1/resistance_band/LIB/libCH57xBLE.a(gattservapp.o)
                              ./Profile/battservice.o (GATTServApp_ReadCharCfg)
/home/mxk/resband/reistance_band_v0_1/resistance_band/LIB/libCH57xBLE.a(l2cap.o)
                              /home/mxk/resband/reistance_band_v0_1/resistance_band/LIB/libCH57xBLE.a(gatt.o) (L2CAP_GetMTU)
/home/mxk/resband/reistance_band_v0_1/resistance_band/LIB/libCH57xBLE.a(l2cap_input.o)
                              /home/mxk/resband/reistance_band_v0_1/resistance_band/LIB/libCH57xBLE.a(l2cap.o) (l2capProcessRxData)
/home/mxk/resband/reistance_band_v0_1/resistance_band/LIB/libCH57xBLE.a(l2cap_output.o)
                              /home/mxk/resband/reistance_band_v0_1/resistance_band/LIB/libCH57xBLE.a(l2cap_input.o) (l2capNotifyData)
/home/mxk/resband/reistance_band_v0_1/resistance_band/LIB/libCH57xBLE.a(l2cap_sdu.o)
                              /home/mxk/resband/reistance_band_v0_1/resistance_band/LIB/libCH57xBLE.a(l2cap_input.o) (l2capBuildDisconnectRsp)
/home/mxk/resband/reistance_band_v0_1/resistance_band/LIB/libCH57xBLE.a(linkdb.o)
                              /home/mxk/resband/reistance_band_v0_1/resistance_band/LIB/libCH57xBLE.a(l2cap.o) (linkDB_Init)
/home/mxk/resband/reistance_band_v0_1/resistance_band/LIB/libCH57xBLE.a(sm.o)
                              /home/mxk/resband/reistance_band_v0_1/resistance_band/LIB/libCH57xBLE.a(gap.o) (smStartEncryption)
/home/mxk/resband/reistance_band_v0_1/resistance_band/LIB/libCH57xBLE.a(host_input.o)
                              /home/mxk/resband/reistance_band_v0_1/resistance_band/LIB/libCH57xBLE.a(gap.o) (gBleHostPara)
/home/mxk/resband/reistance_band_v0_1/resistance_band/LIB/libCH57xBLE.a(host_output.o)
                              /home/mxk/resband/reistance_band_v0_1/resistance_band/LIB/libCH57xBLE.a(gap.o) (HCI_DisconnectCmd)
/home/mxk/resband/reistance_band_v0_1/resistance_band/LIB/libCH57xBLE.a(ll_connect.o)
                              /home/mxk/resband/reistance_band_v0_1/resistance_band/LIB/libCH57xBLE.a(tmos.o) (LL_GetNextConnectEventTime)
/home/mxk/resband/reistance_band_v0_1/resistance_band/LIB/libCH57xBLE.a(ll_core.o)
                              /home/mxk/resband/reistance_band_v0_1/resistance_band/LIB/libCH57xBLE.a(ll_connect.o) (LL_CoreGetCore)
/home/mxk/resband/reistance_band_v0_1/resistance_band/LIB/libCH57xBLE.a(ll_hop.o)
                              /home/mxk/resband/reistance_band_v0_1/resistance_band/LIB/libCH57xBLE.a(ll_connect.o) (LL_HopGetChannel)
/home/mxk/resband/reistance_band_v0_1/resistance_band/LIB/libCH57xBLE.a(ll_master.o)
                              /home/mxk/resband/reistance_band_v0_1/resistance_band/LIB/libCH57xBLE.a(gap_central.o) (LL_SetDataSendPriority)
[...]
Memory Configuration

Name             Origin             Length             Attributes
FLASH            0x0000000000000000 0x0000000000070000 xr
RAM              0x0000000020003800 0x0000000000004800 xrw
*default*        0x0000000000000000 0xffffffffffffffff

Linker script and memory map

LOAD ./StdPeriphDriver/CH57x_adc.o
LOAD ./StdPeriphDriver/CH57x_clk.o
LOAD ./StdPeriphDriver/CH57x_flash.o
LOAD ./StdPeriphDriver/CH57x_gpio.o
LOAD ./StdPeriphDriver/CH57x_pwr.o
LOAD ./StdPeriphDriver/CH57x_sys.o
LOAD ./StdPeriphDriver/CH57x_uart1.o
LOAD ./Startup/startup_CH573.o
LOAD ./RVMSIS/core_riscv.o
LOAD ./Profile/battservice.o
LOAD ./Profile/devinfoservice.o
LOAD ./Profile/resbandservice.o
LOAD ./HAL/AS5600.o
LOAD ./HAL/LED.o
LOAD ./HAL/MCU.o
LOAD ./HAL/RTC.o
LOAD ./HAL/SLEEP.o
LOAD ./APP/resband.o
LOAD ./APP/resband_main.o
LOAD ./APP/tension.o
LOAD /home/mxk/resband/reistance_band_v0_1/SRC/StdPeriphDriver/libISP573.a
LOAD /home/mxk/resband/reistance_band_v0_1/resistance_band/LIB/libCH57xBLE.a
LOAD /usr/share/MRS2/MRS-linux-x64/resources/app/resources/linux/components/WCH/Toolchain/RISC-V Embedded GCC/bin/../lib/gcc/riscv-none-embed/8.2.0/../../../../riscv-none-embed/lib/rv32imac/ilp32/libm.a
LOAD /usr/share/MRS2/MRS-linux-x64/resources/app/resources/linux/components/WCH/Toolchain/RISC-V Embedded GCC/bin/../lib/gcc/riscv-none-embed/8.2.0/rv32imac/ilp32/libgcc.a
LOAD /usr/share/MRS2/MRS-linux-x64/resources/app/resources/linux/components/WCH/Toolchain/RISC-V Embedded GCC/bin/../lib/gcc/riscv-none-embed/8.2.0/../../../../riscv-none-embed/lib/rv32imac/ilp32/libg_nano.a
LOAD /usr/share/MRS2/MRS-linux-x64/resources/app/resources/linux/components/WCH/Toolchain/RISC-V Embedded GCC/bin/../lib/gcc/riscv-none-embed/8.2.0/../../../../riscv-none-embed/lib/rv32imac/ilp32/libc_nano.a
LOAD /usr/share/MRS2/MRS-linux-x64/resources/app/resources/linux/components/WCH/Toolchain/RISC-V Embedded GCC/bin/../lib/gcc/riscv-none-embed/8.2.0/rv32imac/ilp32/libgcc.a
START GROUP
LOAD /usr/share/MRS2/MRS-linux-x64/resources/app/resources/linux/components/WCH/Toolchain/RISC-V Embedded GCC/bin/../lib/gcc/riscv-none-embed/8.2.0/rv32imac/ilp32/libgcc.a
LOAD /usr/share/MRS2/MRS-linux-x64/resources/app/resources/linux/components/WCH/Toolchain/RISC-V Embedded GCC/bin/../lib/gcc/riscv-none-embed/8.2.0/../../../../riscv-none-embed/lib/rv32imac/ilp32/libc_nano.a
LOAD /usr/share/MRS2/MRS-linux-x64/resources/app/resources/linux/components/WCH/Toolchain/RISC-V Embedded GCC/bin/../lib/gcc/riscv-none-embed/8.2.0/../../../../riscv-none-embed/lib/rv32imac/ilp32/libnosys.a
END GROUP
START GROUP
LOAD /usr/share/MRS2/MRS-linux-x64/resources/app/resources/linux/components/WCH/Toolchain/RISC-V Embedded GCC/bin/../lib/gcc/riscv-none-embed/8.2.0/rv32imac/ilp32/libgcc.a
LOAD /usr/share/MRS2/MRS-linux-x64/resources/app/resources/linux/components/WCH/Toolchain/RISC-V Embedded GCC/bin/../lib/gcc/riscv-none-embed/8.2.0/../../../../riscv-none-embed/lib/rv32imac/ilp32/libc_nano.a
LOAD /usr/share/MRS2/MRS-linux-x64/resources/app/resources/linux/components/WCH/Toolchain/RISC-V Embedded GCC/bin/../lib/gcc/riscv-none-embed/8.2.0/../../../../riscv-none-embed/lib/rv32imac/ilp32/libnosys.a
END GROUP
                0x0000000000000200                __stack_size = 0x200
                [!provide]                        PROVIDE (_stack_size = __stack_size)

.init           0x0000000000000000        0x4
                0x0000000000000000                _sinit = .
                0x0000000000000000                . = ALIGN (0x4)
 *(SORT_NONE(.init))
 .init          0x0000000000000000        0x4 ./Startup/startup_CH573.o
                0x0000000000000000                _start
                0x0000000000000004                . = ALIGN (0x4)
                0x0000000000000004                _einit = .

.highcodelalign
                0x0000000000000004        0x0
                0x0000000000000004                . = ALIGN (0x4)
                0x0000000000000004                PROVIDE (_highcode_lma = .)

.highcode       0x0000000020003800     0x11c4 load address 0x0000000000000004
                0x0000000020003800                . = ALIGN (0x4)
                0x0000000020003800                PROVIDE (_highcode_vma_start = .)
 *(.vector)
 .vector        0x0000000020003800       0x90 ./Startup/startup_CH573.o
 *(SORT_NONE(.vector_handler))
 .vector_handler
                0x0000000020003890       0x2c ./Startup/startup_CH573.o
                0x0000000020003890                NMI_Handler
                0x0000000020003894                SysTick_Handler
                0x0000000020003896                SW_Handler
                0x0000000020003898                TMR0_IRQHandler
                0x000000002000389a                GPIOA_IRQHandler
                0x000000002000389c                GPIOB_IRQHandler
                0x000000002000389e                SPI0_IRQHandler
                0x00000000200038a0                BB_IRQHandler
                0x00000000200038a2                LLE_IRQHandler
                0x00000000200038a4                USB_IRQHandler
                0x00000000200038a6                TMR1_IRQHandler
                0x00000000200038a8                TMR2_IRQHandler
                0x00000000200038aa                UART0_IRQHandler
                0x00000000200038ac                UART1_IRQHandler
                0x00000000200038b0                ADC_IRQHandler
                0x00000000200038b2                PWMX_IRQHandler
                0x00000000200038b4                TMR3_IRQHandler
                0x00000000200038b6                UART2_IRQHandler
                0x00000000200038b8                UART3_IRQHandler
                0x00000000200038ba                WDOG_BAT_IRQHandler
 *(.highcode)
 .highcode      0x00000000200038bc       0x4e ./StdPeriphDriver/CH57x_clk.o
                0x00000000200038bc                Get_Calibration_Cnt_RAM
 .highcode      0x000000002000390a      0x1d0 ./StdPeriphDriver/CH57x_sys.o
                0x000000002000390a                SetSysClock
                0x0000000020003a22                SYS_ResetExecute
                0x0000000020003a5e                HardFault_Handler
                0x0000000020003aa4                mDelayuS
                0x0000000020003ab2                mDelaymS
 .highcode      0x0000000020003ada       0x16 ./HAL/RTC.o
                0x0000000020003ada                RTC_IRQHandler
 .highcode      0x0000000020003af0        0x8 ./APP/resband_main.o
                0x0000000020003af0                Main_Circulation
 .highcode      0x0000000020003af8      0x3fa /home/mxk/resband/reistance_band_v0_1/SRC/StdPeriphDriver/libISP573.a(ISP573.o)
                0x0000000020003af8                FLASH_ROM_BEG
                0x0000000020003b08                FLASH_ROM_END
                0x0000000020003b16                FLASH_ROM_IN
                0x0000000020003b24                FLASH_ROM_OUT
                0x0000000020003b32                FLASH_ROM_ADDR
                0x0000000020003b7a                FLASH_ROM_WAIT
                0x0000000020003bb2                FLASH_EEPROM_CMD
 .highcode      0x0000000020003ef2      0x230 /home/mxk/resband/reistance_band_v0_1/resistance_band/LIB/libCH57xBLE.a(tmos.o)
                0x0000000020003f0e                tmos_memcpy
                0x0000000020003f2e                tmos_memcpy_word
                0x0000000020003f4a                TMOS_SystemProcess
 .highcode      0x0000000020004122       0xc2 /home/mxk/resband/reistance_band_v0_1/resistance_band/LIB/libCH57xBLE.a(tmos_hw.o)
                0x0000000020004122                BLE_GetHSEClock
                0x0000000020004160                RTC_Get32KClock
                0x0000000020004178                SYS_GetTickCount
 .highcode      0x00000000200041e4      0x138 /home/mxk/resband/reistance_band_v0_1/resistance_band/LIB/libCH57xBLE.a(ll_connect.o)
                0x00000000200041e4                ll_connect_process_data
                0x0000000020004232                ll_connect_event_continue
 .highcode      0x000000002000431c      0x1c4 /home/mxk/resband/reistance_band_v0_1/resistance_band/LIB/libCH57xBLE.a(bb.o)
                0x000000002000431c                BB_IRQLibHandler
                0x0000000020004496                BB_IRQLibFunction
 .highcode      0x00000000200044e0      0x156 /home/mxk/resband/reistance_band_v0_1/resistance_band/LIB/libCH57xBLE.a(ip.o)
                0x00000000200044e0                ll_tx_wait_finish
                0x000000002000450c                ll_tx_wait_tx_dma_finish
                0x0000000020004546                ll_rx_wait_finish
                0x000000002000457c                ll_rx_wait_tx_dma_finish
                0x00000000200045ac                ble_ll_chkcrc
 .highcode      0x0000000020004636      0x1a4 /home/mxk/resband/reistance_band_v0_1/resistance_band/LIB/libCH57xBLE.a(lle.o)
                0x0000000020004636                LLE_IRQLibHandler
                0x0000000020004790                LLE_IRQLibFunction
 .highcode      0x00000000200047da       0x82 /home/mxk/resband/reistance_band_v0_1/resistance_band/LIB/libCH57xBLE.a(rf_fh.o)
                0x00000000200047da                RF_HopGetChannel
 .highcode      0x000000002000485c       0x2c /home/mxk/resband/reistance_band_v0_1/resistance_band/LIB/libCH57xBLE.a(rfend.o)
                0x000000002000485c                RFEND_WaitTune
 .highcode      0x0000000020004888      0x13a /home/mxk/resband/reistance_band_v0_1/resistance_band/LIB/libCH57xBLE.a(memory.o)
                0x0000000020004888                tmos_memory_allocate
                0x0000000020004922                tmos_memory_free
 *(.highcode.*)
                0x00000000200049c4                . = ALIGN (0x4)
 *fill*         0x00000000200049c2        0x2 
                0x00000000200049c4                PROVIDE (_highcode_vma_end = .)

.text           0x00000000000011c8    0x1c564
                0x00000000000011c8                . = ALIGN (0x4)
 *(SORT_NONE(.handle_reset))
 .handle_reset  0x00000000000011c8       0xce ./Startup/startup_CH573.o
                0x00000000000011c8                handle_reset
 *(.text)
 .text          0x0000000000001296       0xa8 /usr/share/MRS2/MRS-linux-x64/resources/app/resources/linux/components/WCH/Toolchain/RISC-V Embedded GCC/bin/../lib/gcc/riscv-none-embed/8.2.0/../../../../riscv-none-embed/lib/rv32imac/ilp32/libg_nano.a(lib_a-memset.o)
                0x0000000000001296                memset
 *(.text.*)
 .text.ADC_InterTSSampInit
                0x000000000000133e       0x28 ./StdPeriphDriver/CH57x_adc.o
                0x000000000000133e                ADC_InterTSSampInit
 .text.Calibration_LSI_FLASH
                0x0000000000001366      0x290 ./StdPeriphDriver/CH57x_clk.o
                0x0000000000001366                Calibration_LSI_FLASH
 .text.Calibration_LSI_RAM
                0x00000000000015f6      0x246 ./StdPeriphDriver/CH57x_clk.o
                0x00000000000015f6                Calibration_LSI_RAM
 .text.RTC_InitTime
                0x000000000000183c      0x138 ./StdPeriphDriver/CH57x_clk.o
                0x000000000000183c                RTC_InitTime
 .text.GPIOA_ModeCfg
                0x0000000000001974       0xa6 ./StdPeriphDriver/CH57x_gpio.o
                0x0000000000001974                GPIOA_ModeCfg
 .text.SYS_GetSysTickCnt
                0x0000000000001a1a        0xa ./StdPeriphDriver/CH57x_sys.o
                0x0000000000001a1a                SYS_GetSysTickCnt
 .text.battMeasure
                0x0000000000001a24       0x7c ./Profile/battservice.o
 .text.battWriteAttrCB
                0x0000000000001aa0       0x5e ./Profile/battservice.o
 .text.battReadAttrCB
                0x0000000000001afe       0x7e ./Profile/battservice.o
 .text.battNotifyCB
                0x0000000000001b7c       0x76 ./Profile/battservice.o
 .text.Batt_AddService
                0x0000000000001bf2       0x2c ./Profile/battservice.o
                0x0000000000001bf2                Batt_AddService
 .text.Batt_Register
                0x0000000000001c1e        0x6 ./Profile/battservice.o
                0x0000000000001c1e                Batt_Register
 .text.Batt_SetParameter
                0x0000000000001c24       0x3a ./Profile/battservice.o
                0x0000000000001c24                Batt_SetParameter
 .text.Batt_MeasLevel
                0x0000000000001c5e       0x2e ./Profile/battservice.o
                0x0000000000001c5e                Batt_MeasLevel
 .text.Batt_HandleConnStatusCB
                0x0000000000001c8c       0x3e ./Profile/battservice.o
                0x0000000000001c8c                Batt_HandleConnStatusCB
 .text.devInfo_ReadAttrCB
                0x0000000000001cca      0x196 ./Profile/devinfoservice.o
 .text.DevInfo_AddService
                0x0000000000001e60       0x18 ./Profile/devinfoservice.o
                0x0000000000001e60                DevInfo_AddService
 .text.DevInfo_SetParameter
                0x0000000000001e78       0x24 ./Profile/devinfoservice.o
                0x0000000000001e78                DevInfo_SetParameter
 .text.resBand_WriteAttrCB
                0x0000000000001e9c      0x120 ./Profile/resbandservice.o
 .text.resBand_ReadAttrCB
                0x0000000000001fbc       0x6a ./Profile/resbandservice.o
 .text.ResBand_AddService
                0x0000000000002026       0x54 ./Profile/resbandservice.o
                0x0000000000002026                ResBand_AddService
 .text.ResBand_Register
                0x000000000000207a        0x6 ./Profile/resbandservice.o
                0x000000000000207a                ResBand_Register
 .text.ResBand_SetParameter
                0x0000000000002080       0x1a ./Profile/resbandservice.o
                0x0000000000002080                ResBand_SetParameter
 .text.ResBand_GetParameter
                0x000000000000209a       0x58 ./Profile/resbandservice.o
                0x000000000000209a                ResBand_GetParameter
 .text.ResBand_MeasNotify
                0x00000000000020f2       0x46 ./Profile/resbandservice.o
                0x00000000000020f2                ResBand_MeasNotify
 .text.ResBand_TrainingDataNotify
                0x0000000000002138       0x46 ./Profile/resbandservice.o
                0x0000000000002138                ResBand_TrainingDataNotify
 .text.ResBand_HandleConnStatusCB
                0x000000000000217e       0x48 ./Profile/resbandservice.o
                0x000000000000217e                ResBand_HandleConnStatusCB
 .text.ResBand_GetBandParameters
                0x00000000000021c6       0x1e ./Profile/resbandservice.o
                0x00000000000021c6                ResBand_GetBandParameters
 .text.IIC_Start
                0x00000000000021e4       0x66 ./HAL/AS5600.o
                0x00000000000021e4                IIC_Start
 .text.IIC_Stop
                0x000000000000224a       0x64 ./HAL/AS5600.o
                0x000000000000224a                IIC_Stop
 .text.IIC_Wait_Ack
                0x00000000000022ae       0x66 ./HAL/AS5600.o
                0x00000000000022ae                IIC_Wait_Ack
 .text.IIC_Ack  0x0000000000002314       0x5e ./HAL/AS5600.o
                0x0000000000002314                IIC_Ack
 .text.IIC_NAck
                0x0000000000002372       0x5e ./HAL/AS5600.o
                0x0000000000002372                IIC_NAck
 .text.IIC_Send_Byte
                0x00000000000023d0       0xaa ./HAL/AS5600.o
                0x00000000000023d0                IIC_Send_Byte
 .text.IIC_Read_Byte
                0x000000000000247a       0x8a ./HAL/AS5600.o
                0x000000000000247a                IIC_Read_Byte
 .text.AS5600_ReadOneByte
                0x0000000000002504       0x36 ./HAL/AS5600.o
                0x0000000000002504                AS5600_ReadOneByte
 .text.AS5600_ReadTwoByte
                0x000000000000253a       0x22 ./HAL/AS5600.o
                0x000000000000253a                AS5600_ReadTwoByte
 .text.HalLedBlink.part.2
                0x000000000000255c       0x9c ./HAL/LED.o
 .text.HalLedOnOff
                0x00000000000025f8       0x4c ./HAL/LED.o
                0x00000000000025f8                HalLedOnOff
 .text.HalLedSet.part.1
                0x0000000000002644       0x56 ./HAL/LED.o
 .text.HalLedBlink
                0x000000000000269a       0x1c ./HAL/LED.o
                0x000000000000269a                HalLedBlink
 .text.HalLedSet
                0x00000000000026b6       0x44 ./HAL/LED.o
                0x00000000000026b6                HalLedSet
 .text.HAL_LedInit
                0x00000000000026fa       0x32 ./HAL/LED.o
                0x00000000000026fa                HAL_LedInit
 .text.HalLedUpdate
                0x000000000000272c      0x16c ./HAL/LED.o
                0x000000000000272c                HalLedUpdate
 .text.Lib_Calibration_LSI
                0x0000000000002898       0x30 ./HAL/MCU.o
                0x0000000000002898                Lib_Calibration_LSI
 .text.Lib_Read_Flash
                0x00000000000028c8       0x1c ./HAL/MCU.o
                0x00000000000028c8                Lib_Read_Flash
 .text.Lib_Write_Flash
                0x00000000000028e4       0x40 ./HAL/MCU.o
                0x00000000000028e4                Lib_Write_Flash
 .text.HAL_GetInterTempValue
                0x0000000000002924       0x72 ./HAL/MCU.o
                0x0000000000002924                HAL_GetInterTempValue
 .text.HAL_ProcessEvent
                0x0000000000002996       0x76 ./HAL/MCU.o
                0x0000000000002996                HAL_ProcessEvent
 .text.CH57X_BLEInit
                0x0000000000002a0c      0x112 ./HAL/MCU.o
                0x0000000000002a0c                CH57X_BLEInit
 .text.HAL_Init
                0x0000000000002b1e       0x36 ./HAL/MCU.o
                0x0000000000002b1e                HAL_Init
 .text.HAL_TimeInit
                0x0000000000002b54       0x66 ./HAL/RTC.o
                0x0000000000002b54                HAL_TimeInit
 .text.resBandCB
                0x0000000000002bba       0xda ./APP/resband.o
 .text.ResBandGapStateCB
                0x0000000000002c94      0x128 ./APP/resband.o
 .text.resBandBattCB
                0x0000000000002dbc       0x34 ./APP/resband.o
 .text.ResBand_ProcessEvent
                0x0000000000002df0      0x206 ./APP/resband.o
                0x0000000000002df0                ResBand_ProcessEvent
 .text.ResBand_Init
                0x0000000000002ff6      0x12c ./APP/resband.o
                0x0000000000002ff6                ResBand_Init
 .text.startup.main
                0x0000000000003122       0x6a ./APP/resband_main.o
                0x0000000000003122                main
 .text.TensionCalculator_Init
                0x000000000000318c       0x28 ./APP/tension.o
                0x000000000000318c                TensionCalculator_Init
 .text.TensionCalculator_SetParameters
                0x00000000000031b4       0x5a ./APP/tension.o
                0x00000000000031b4                TensionCalculator_SetParameters
 .text.TensionCalculator_CalibrateZero
                0x000000000000320e       0x14 ./APP/tension.o
                0x000000000000320e                TensionCalculator_CalibrateZero
 .text.TensionCalculator_CalculateTension
                0x0000000000003222       0xb6 ./APP/tension.o
                0x0000000000003222                TensionCalculator_CalculateTension
 .text.TensionCalculator_GetTensionValue
                0x00000000000032d8       0x22 ./APP/tension.o
                0x00000000000032d8                TensionCalculator_GetTensionValue
 .text.TensionCalculator_UpdateTrainingStats
                0x00000000000032fa       0xd8 ./APP/tension.o
                0x00000000000032fa                TensionCalculator_UpdateTrainingStats
 .text.TensionCalculator_GetTrainingStats
                0x00000000000033d2       0x42 ./APP/tension.o
                0x00000000000033d2                TensionCalculator_GetTrainingStats
 .text.TensionCalculator_ResetTrainingStats
                0x0000000000003414       0x24 ./APP/tension.o
                0x0000000000003414                TensionCalculator_ResetTrainingStats
 .text.tmos_msg_enqueue
                0x0000000000003438       0x1e /home/mxk/resband/reistance_band_v0_1/resistance_band/LIB/libCH57xBLE.a(message.o)
                0x0000000000003438                tmos_msg_enqueue
 .text.tmos_msg_deallocate
                0x0000000000003456       0x2c /home/mxk/resband/reistance_band_v0_1/resistance_band/LIB/libCH57xBLE.a(message.o)
                0x0000000000003456                tmos_msg_deallocate
 .text.tmos_msg_allocate
                0x0000000000003482       0x3e /home/mxk/resband/reistance_band_v0_1/resistance_band/LIB/libCH57xBLE.a(message.o)
                0x0000000000003482                tmos_msg_allocate
 .text.tmos_msg_receive
                0x00000000000034c0       0x68 /home/mxk/resband/reistance_band_v0_1/resistance_band/LIB/libCH57xBLE.a(message.o)
                0x00000000000034c0                tmos_msg_receive
 .text.tmos_msg_send
                0x0000000000003528       0x56 /home/mxk/resband/reistance_band_v0_1/resistance_band/LIB/libCH57xBLE.a(message.o)
                0x0000000000003528                tmos_msg_send
 .text.tmos_msg_init
                0x000000000000357e        0x6 /home/mxk/resband/reistance_band_v0_1/resistance_band/LIB/libCH57xBLE.a(message.o)
                0x000000000000357e                tmos_msg_init
 .text.tmosFindTask
                0x0000000000003584       0x20 /home/mxk/resband/reistance_band_v0_1/resistance_band/LIB/libCH57xBLE.a(tmos.o)
 .text.TMOS_CbTimerProcessEvent
                0x00000000000035a4       0x7c /home/mxk/resband/reistance_band_v0_1/resistance_band/LIB/libCH57xBLE.a(tmos.o)
                0x00000000000035a4                TMOS_CbTimerProcessEvent
 .text.tmos_rand
                0x0000000000003620       0x54 /home/mxk/resband/reistance_band_v0_1/resistance_band/LIB/libCH57xBLE.a(tmos.o)
                0x0000000000003620                tmos_rand
 .text.tmos_query_sleep_time
                0x0000000000003674      0x178 /home/mxk/resband/reistance_band_v0_1/resistance_band/LIB/libCH57xBLE.a(tmos.o)
                0x0000000000003674                tmos_query_sleep_time
 .text.tmos_memset
                0x00000000000037ec       0x12 /home/mxk/resband/reistance_band_v0_1/resistance_band/LIB/libCH57xBLE.a(tmos.o)
                0x00000000000037ec                tmos_memset
 .text.tmos_strlen
                0x00000000000037fe       0x14 /home/mxk/resband/reistance_band_v0_1/resistance_band/LIB/libCH57xBLE.a(tmos.o)
                0x00000000000037fe                tmos_strlen
 .text.tmos_memdup
                0x0000000000003812       0x3c /home/mxk/resband/reistance_band_v0_1/resistance_band/LIB/libCH57xBLE.a(tmos.o)
                0x0000000000003812                tmos_memdup
 .text.tmos_memcmp
                0x000000000000384e       0x24 /home/mxk/resband/reistance_band_v0_1/resistance_band/LIB/libCH57xBLE.a(tmos.o)
                0x000000000000384e                tmos_memcmp
 .text.tmos_revmemcpy
                0x0000000000003872       0x1c /home/mxk/resband/reistance_band_v0_1/resistance_band/LIB/libCH57xBLE.a(tmos.o)
                0x0000000000003872                tmos_revmemcpy
 .text.tmos_isbufset
                0x000000000000388e       0x1e /home/mxk/resband/reistance_band_v0_1/resistance_band/LIB/libCH57xBLE.a(tmos.o)
                0x000000000000388e                tmos_isbufset
 .text.TMOS_GetSystemClock
                0x00000000000038ac        0xc /home/mxk/resband/reistance_band_v0_1/resistance_band/LIB/libCH57xBLE.a(tmos.o)
                0x00000000000038ac                TMOS_GetSystemClock
 .text.tmos_set_event
                0x00000000000038b8       0x2a /home/mxk/resband/reistance_band_v0_1/resistance_band/LIB/libCH57xBLE.a(tmos.o)
                0x00000000000038b8                tmos_set_event
 .text.tmos_query_system_time
                0x00000000000038e2       0xce /home/mxk/resband/reistance_band_v0_1/resistance_band/LIB/libCH57xBLE.a(tmos.o)
                0x00000000000038e2                tmos_query_system_time
 .text.tmos_clear_event
                0x00000000000039b0       0x2e /home/mxk/resband/reistance_band_v0_1/resistance_band/LIB/libCH57xBLE.a(tmos.o)
                0x00000000000039b0                tmos_clear_event
 .text.tmos_start_task
                0x00000000000039de       0x90 /home/mxk/resband/reistance_band_v0_1/resistance_band/LIB/libCH57xBLE.a(tmos.o)
                0x00000000000039de                tmos_start_task
 .text.tmos_start_callback_task
                0x0000000000003a6e       0xac /home/mxk/resband/reistance_band_v0_1/resistance_band/LIB/libCH57xBLE.a(tmos.o)
                0x0000000000003a6e                tmos_start_callback_task
 .text.tmos_start_reload_task
                0x0000000000003b1a       0x30 /home/mxk/resband/reistance_band_v0_1/resistance_band/LIB/libCH57xBLE.a(tmos.o)
                0x0000000000003b1a                tmos_start_reload_task
 .text.tmos_stop_task
                0x0000000000003b4a       0x42 /home/mxk/resband/reistance_band_v0_1/resistance_band/LIB/libCH57xBLE.a(tmos.o)
                0x0000000000003b4a                tmos_stop_task
 .text.tmos_stop_callback_task
                0x0000000000003b8c       0x5c /home/mxk/resband/reistance_band_v0_1/resistance_band/LIB/libCH57xBLE.a(tmos.o)
                0x0000000000003b8c                tmos_stop_callback_task
 .text.tmos_get_task_timer
                0x0000000000003be8       0x16 /home/mxk/resband/reistance_band_v0_1/resistance_band/LIB/libCH57xBLE.a(tmos.o)
                0x0000000000003be8                tmos_get_task_timer
 .text.tmos_update_callback_timer
                0x0000000000003bfe       0x62 /home/mxk/resband/reistance_band_v0_1/resistance_band/LIB/libCH57xBLE.a(tmos.o)
                0x0000000000003bfe                tmos_update_callback_timer
 .text.TMOS_Set32KTuneValue
                0x0000000000003c60        0xa /home/mxk/resband/reistance_band_v0_1/resistance_band/LIB/libCH57xBLE.a(tmos.o)
                0x0000000000003c60                TMOS_Set32KTuneValue
 .text.TMOS_TimerRegister
                0x0000000000003c6a       0x1a /home/mxk/resband/reistance_band_v0_1/resistance_band/LIB/libCH57xBLE.a(tmos.o)
                0x0000000000003c6a                TMOS_TimerRegister
 .text.TMOS_ProcessRegister
                0x0000000000003c84       0x16 /home/mxk/resband/reistance_band_v0_1/resistance_band/LIB/libCH57xBLE.a(tmos.o)
                0x0000000000003c84                TMOS_ProcessRegister
 .text.TMOS_Init
                0x0000000000003c9a       0xea /home/mxk/resband/reistance_band_v0_1/resistance_band/LIB/libCH57xBLE.a(tmos.o)
                0x0000000000003c9a                TMOS_Init
 .text.TMOS_ProcessEventRegister
                0x0000000000003d84       0x38 /home/mxk/resband/reistance_band_v0_1/resistance_band/LIB/libCH57xBLE.a(tmos.o)
                0x0000000000003d84                TMOS_ProcessEventRegister
 .text.BLE_LibInit
                0x0000000000003dbc      0x1aa /home/mxk/resband/reistance_band_v0_1/resistance_band/LIB/libCH57xBLE.a(tmos.o)
                0x0000000000003dbc                BLE_LibInit
 .text.ble_ll_common_rand8
                0x0000000000003f66       0x24 /home/mxk/resband/reistance_band_v0_1/resistance_band/LIB/libCH57xBLE.a(tmos_hw.o)
                0x0000000000003f66                ble_ll_common_rand8
 .text.ble_ll_common_rand16
                0x0000000000003f8a       0x24 /home/mxk/resband/reistance_band_v0_1/resistance_band/LIB/libCH57xBLE.a(tmos_hw.o)
                0x0000000000003f8a                ble_ll_common_rand16
 .text.ble_ll_common_rand32
                0x0000000000003fae       0x20 /home/mxk/resband/reistance_band_v0_1/resistance_band/LIB/libCH57xBLE.a(tmos_hw.o)
                0x0000000000003fae                ble_ll_common_rand32
 .text.ll_hw_temp_sample
                0x0000000000003fce       0xc0 /home/mxk/resband/reistance_band_v0_1/resistance_band/LIB/libCH57xBLE.a(tmos_hw.o)
                0x0000000000003fce                ll_hw_temp_sample
 .text.TMOS_TimerInit
                0x000000000000408e       0x5e /home/mxk/resband/reistance_band_v0_1/resistance_band/LIB/libCH57xBLE.a(tmos_hw.o)
                0x000000000000408e                TMOS_TimerInit
 .text.tmos_snv_init
                0x00000000000040ec       0xbc /home/mxk/resband/reistance_band_v0_1/resistance_band/LIB/libCH57xBLE.a(tmos_snv.o)
                0x00000000000040ec                tmos_snv_init
 .text.tmos_snv_clear
                0x00000000000041a8       0xae /home/mxk/resband/reistance_band_v0_1/resistance_band/LIB/libCH57xBLE.a(tmos_snv.o)
                0x00000000000041a8                tmos_snv_clear
 .text.tmos_snv_read
                0x0000000000004256      0x292 /home/mxk/resband/reistance_band_v0_1/resistance_band/LIB/libCH57xBLE.a(tmos_snv.o)
                0x0000000000004256                tmos_snv_read
 .text.tmos_snv_notify
                0x00000000000044e8       0x5a /home/mxk/resband/reistance_band_v0_1/resistance_band/LIB/libCH57xBLE.a(tmos_snv.o)
                0x00000000000044e8                tmos_snv_notify
 .text.tmos_snv_write
                0x0000000000004542      0x2ce /home/mxk/resband/reistance_band_v0_1/resistance_band/LIB/libCH57xBLE.a(tmos_snv.o)
                0x0000000000004542                tmos_snv_write
 .text.tmos_snv_compact
                0x0000000000004810        0x4 /home/mxk/resband/reistance_band_v0_1/resistance_band/LIB/libCH57xBLE.a(tmos_snv.o)
                0x0000000000004810                tmos_snv_compact
 .text.disconnectNext
                0x0000000000004814       0x22 /home/mxk/resband/reistance_band_v0_1/resistance_band/LIB/libCH57xBLE.a(gap.o)
 .text.GAP_ParamInit
                0x0000000000004836       0x88 /home/mxk/resband/reistance_band_v0_1/resistance_band/LIB/libCH57xBLE.a(gap.o)
                0x0000000000004836                GAP_ParamInit
 .text.sendTerminateEvent
                0x00000000000048be       0x58 /home/mxk/resband/reistance_band_v0_1/resistance_band/LIB/libCH57xBLE.a(gap.o)
                0x00000000000048be                sendTerminateEvent
 .text.gapRegisterCentral
                0x0000000000004916        0x6 /home/mxk/resband/reistance_band_v0_1/resistance_band/LIB/libCH57xBLE.a(gap.o)
                0x0000000000004916                gapRegisterCentral
 .text.gapRegisterCentralConn
                0x000000000000491c        0x6 /home/mxk/resband/reistance_band_v0_1/resistance_band/LIB/libCH57xBLE.a(gap.o)
                0x000000000000491c                gapRegisterCentralConn
 .text.gapRegisterPeripheral
                0x0000000000004922        0x6 /home/mxk/resband/reistance_band_v0_1/resistance_band/LIB/libCH57xBLE.a(gap.o)
                0x0000000000004922                gapRegisterPeripheral
 .text.gapRegisterPeripheralConn
                0x0000000000004928        0x6 /home/mxk/resband/reistance_band_v0_1/resistance_band/LIB/libCH57xBLE.a(gap.o)
                0x0000000000004928                gapRegisterPeripheralConn
 .text.smGenerateRandBuf
                0x000000000000492e       0x56 /home/mxk/resband/reistance_band_v0_1/resistance_band/LIB/libCH57xBLE.a(gap.o)
                0x000000000000492e                smGenerateRandBuf
 .text.gapL2capConnParamUpdateReq
                0x0000000000004984       0x32 /home/mxk/resband/reistance_band_v0_1/resistance_band/LIB/libCH57xBLE.a(gap.o)
                0x0000000000004984                gapL2capConnParamUpdateReq
 .text.gapValidADType
                0x00000000000049b6       0x16 /home/mxk/resband/reistance_band_v0_1/resistance_band/LIB/libCH57xBLE.a(gap.o)
                0x00000000000049b6                gapValidADType
 .text.gapFindADType
                0x00000000000049cc       0x8e /home/mxk/resband/reistance_band_v0_1/resistance_band/LIB/libCH57xBLE.a(gap.o)
                0x00000000000049cc                gapFindADType
 .text.GAP_SecParamsInit
                0x0000000000004a5a       0x9a /home/mxk/resband/reistance_band_v0_1/resistance_band/LIB/libCH57xBLE.a(gap.o)
                0x0000000000004a5a                GAP_SecParamsInit
 .text.GAP_ParamsInit
                0x0000000000004af4       0x48 /home/mxk/resband/reistance_band_v0_1/resistance_band/LIB/libCH57xBLE.a(gap.o)
                0x0000000000004af4                GAP_ParamsInit
 .text.gapAddAddrAdj
                0x0000000000004b3c       0x48 /home/mxk/resband/reistance_band_v0_1/resistance_band/LIB/libCH57xBLE.a(gap.o)
                0x0000000000004b3c                gapAddAddrAdj
 .text.gapDetermineAddrType
                0x0000000000004b84       0x28 /home/mxk/resband/reistance_band_v0_1/resistance_band/LIB/libCH57xBLE.a(gap.o)
                0x0000000000004b84                gapDetermineAddrType
 .text.gapFreeAuthLink
                0x0000000000004bac       0x4a /home/mxk/resband/reistance_band_v0_1/resistance_band/LIB/libCH57xBLE.a(gap.o)
                0x0000000000004bac                gapFreeAuthLink
 .text.gapGetDevAddress
                0x0000000000004bf6       0x24 /home/mxk/resband/reistance_band_v0_1/resistance_band/LIB/libCH57xBLE.a(gap.o)
                0x0000000000004bf6                gapGetDevAddress
 .text.gapGetDevAddressMode
                0x0000000000004c1a        0xa /home/mxk/resband/reistance_band_v0_1/resistance_band/LIB/libCH57xBLE.a(gap.o)
                0x0000000000004c1a                gapGetDevAddressMode
 .text.gapGetIRK
                0x0000000000004c24        0xc /home/mxk/resband/reistance_band_v0_1/resistance_band/LIB/libCH57xBLE.a(gap.o)
                0x0000000000004c24                gapGetIRK
 .text.gapGetSRK
                0x0000000000004c30        0xc /home/mxk/resband/reistance_band_v0_1/resistance_band/LIB/libCH57xBLE.a(gap.o)
                0x0000000000004c30                gapGetSRK
 .text.gapGetSignCounter
                0x0000000000004c3c        0xe /home/mxk/resband/reistance_band_v0_1/resistance_band/LIB/libCH57xBLE.a(gap.o)
                0x0000000000004c3c                gapGetSignCounter
 .text.gapIncSignCounter
                0x0000000000004c4a       0x28 /home/mxk/resband/reistance_band_v0_1/resistance_band/LIB/libCH57xBLE.a(gap.o)
                0x0000000000004c4a                gapIncSignCounter
 .text.gapProcessConnEvt
                0x0000000000004c72       0x48 /home/mxk/resband/reistance_band_v0_1/resistance_band/LIB/libCH57xBLE.a(gap.o)
                0x0000000000004c72                gapProcessConnEvt
 .text.gapProcessDisconnectCompleteEvt
                0x0000000000004cba       0xa8 /home/mxk/resband/reistance_band_v0_1/resistance_band/LIB/libCH57xBLE.a(gap.o)
                0x0000000000004cba                gapProcessDisconnectCompleteEvt
 .text.sendAuthEvent
                0x0000000000004d62      0x11a /home/mxk/resband/reistance_band_v0_1/resistance_band/LIB/libCH57xBLE.a(gap.o)
                0x0000000000004d62                sendAuthEvent
 .text.gapSendBondCompleteEvent
                0x0000000000004e7c       0x70 /home/mxk/resband/reistance_band_v0_1/resistance_band/LIB/libCH57xBLE.a(gap.o)
                0x0000000000004e7c                gapSendBondCompleteEvent
 .text.gapSendPairingReqEvent
                0x0000000000004eec       0x92 /home/mxk/resband/reistance_band_v0_1/resistance_band/LIB/libCH57xBLE.a(gap.o)
                0x0000000000004eec                gapSendPairingReqEvent
 .text.gapSendSlaveSecurityReqEvent
                0x0000000000004f7e       0x68 /home/mxk/resband/reistance_band_v0_1/resistance_band/LIB/libCH57xBLE.a(gap.o)
                0x0000000000004f7e                gapSendSlaveSecurityReqEvent
 .text.gapSendDeviceInitDoneEvent
                0x0000000000004fe6       0x88 /home/mxk/resband/reistance_band_v0_1/resistance_band/LIB/libCH57xBLE.a(gap.o)
                0x0000000000004fe6                gapSendDeviceInitDoneEvent
 .text.gapSendLinkUpdateEvent
                0x000000000000506e       0x84 /home/mxk/resband/reistance_band_v0_1/resistance_band/LIB/libCH57xBLE.a(gap.o)
                0x000000000000506e                gapSendLinkUpdateEvent
 .text.gapSendEstLinkEvent
                0x00000000000050f2       0xb8 /home/mxk/resband/reistance_band_v0_1/resistance_band/LIB/libCH57xBLE.a(gap.o)
                0x00000000000050f2                gapSendEstLinkEvent
 .text.gapProcessNewAddr
                0x00000000000051aa       0x3e /home/mxk/resband/reistance_band_v0_1/resistance_band/LIB/libCH57xBLE.a(gap.o)
                0x00000000000051aa                gapProcessNewAddr
 .text.gapProcessRandomAddrComplete
                0x00000000000051e8       0xb6 /home/mxk/resband/reistance_band_v0_1/resistance_band/LIB/libCH57xBLE.a(gap.o)
                0x00000000000051e8                gapProcessRandomAddrComplete
 .text.GAP_Authenticate
                0x000000000000529e       0xd2 /home/mxk/resband/reistance_band_v0_1/resistance_band/LIB/libCH57xBLE.a(gap.o)
                0x000000000000529e                GAP_Authenticate
 .text.GAP_Bond
                0x0000000000005370       0xa2 /home/mxk/resband/reistance_band_v0_1/resistance_band/LIB/libCH57xBLE.a(gap.o)
                0x0000000000005370                GAP_Bond
 .text.GAP_GetParamValue
                0x0000000000005412       0x1e /home/mxk/resband/reistance_band_v0_1/resistance_band/LIB/libCH57xBLE.a(gap.o)
                0x0000000000005412                GAP_GetParamValue
 .text.GAP_PasscodeUpdate
                0x0000000000005430       0x50 /home/mxk/resband/reistance_band_v0_1/resistance_band/LIB/libCH57xBLE.a(gap.o)
                0x0000000000005430                GAP_PasscodeUpdate
 .text.GAP_RegisterForMsgs
                0x0000000000005480        0x6 /home/mxk/resband/reistance_band_v0_1/resistance_band/LIB/libCH57xBLE.a(gap.o)
                0x0000000000005480                GAP_RegisterForMsgs
 .text.GAP_ResolvePrivateAddr
                0x0000000000005486        0x4 /home/mxk/resband/reistance_band_v0_1/resistance_band/LIB/libCH57xBLE.a(gap.o)
                0x0000000000005486                GAP_ResolvePrivateAddr
 .text.gapPairingCompleteCB
                0x000000000000548a      0x188 /home/mxk/resband/reistance_band_v0_1/resistance_band/LIB/libCH57xBLE.a(gap.o)
                0x000000000000548a                gapPairingCompleteCB
 .text.gapPasskeyNeededCB
                0x0000000000005612       0x8e /home/mxk/resband/reistance_band_v0_1/resistance_band/LIB/libCH57xBLE.a(gap.o)
                0x0000000000005612                gapPasskeyNeededCB
 .text.gapFreeEstLink
                0x00000000000056a0       0x20 /home/mxk/resband/reistance_band_v0_1/resistance_band/LIB/libCH57xBLE.a(gap.o)
                0x00000000000056a0                gapFreeEstLink
 .text.gapUpdateConnSignCounter
                0x00000000000056c0       0x7a /home/mxk/resband/reistance_band_v0_1/resistance_band/LIB/libCH57xBLE.a(gap.o)
                0x00000000000056c0                gapUpdateConnSignCounter
 .text.GAP_SendSlaveSecurityRequest
                0x000000000000573a       0x4c /home/mxk/resband/reistance_band_v0_1/resistance_band/LIB/libCH57xBLE.a(gap.o)
                0x000000000000573a                GAP_SendSlaveSecurityRequest
 .text.GAP_Signable
                0x0000000000005786       0x66 /home/mxk/resband/reistance_band_v0_1/resistance_band/LIB/libCH57xBLE.a(gap.o)
                0x0000000000005786                GAP_Signable
 .text.GAP_TerminateAuth
                0x00000000000057ec       0x2a /home/mxk/resband/reistance_band_v0_1/resistance_band/LIB/libCH57xBLE.a(gap.o)
                0x00000000000057ec                GAP_TerminateAuth
 .text.GAP_NumActiveConnections
                0x0000000000005816        0x4 /home/mxk/resband/reistance_band_v0_1/resistance_band/LIB/libCH57xBLE.a(gap.o)
                0x0000000000005816                GAP_NumActiveConnections
 .text.GAP_TerminateLinkReq
                0x000000000000581a       0x8e /home/mxk/resband/reistance_band_v0_1/resistance_band/LIB/libCH57xBLE.a(gap.o)
                0x000000000000581a                GAP_TerminateLinkReq
 .text.GAP_SetParamValue
                0x00000000000058a8       0x4a /home/mxk/resband/reistance_band_v0_1/resistance_band/LIB/libCH57xBLE.a(gap.o)
                0x00000000000058a8                GAP_SetParamValue
 .text.GAP_Init
                0x00000000000058f2       0x44 /home/mxk/resband/reistance_band_v0_1/resistance_band/LIB/libCH57xBLE.a(gap.o)
                0x00000000000058f2                GAP_Init
 .text.GAP_ProcessEvent
                0x0000000000005936      0x57e /home/mxk/resband/reistance_band_v0_1/resistance_band/LIB/libCH57xBLE.a(gap.o)
                0x0000000000005936                GAP_ProcessEvent
 .text.gapSendScanEnable
                0x0000000000005eb4       0x1e /home/mxk/resband/reistance_band_v0_1/resistance_band/LIB/libCH57xBLE.a(gap_central.o)
 .text.gapCentProcessConnEvt
                0x0000000000005ed2      0x154 /home/mxk/resband/reistance_band_v0_1/resistance_band/LIB/libCH57xBLE.a(gap_central.o)
                0x0000000000005ed2                gapCentProcessConnEvt
 .text.gapCancelLinkReq
                0x0000000000006026       0x38 /home/mxk/resband/reistance_band_v0_1/resistance_band/LIB/libCH57xBLE.a(gap_central.o)
                0x0000000000006026                gapCancelLinkReq
 .text.GAP_CentralParamInit
                0x000000000000605e       0x4c /home/mxk/resband/reistance_band_v0_1/resistance_band/LIB/libCH57xBLE.a(gap_central.o)
                0x000000000000605e                GAP_CentralParamInit
 .text.gapProcessAdvertDevInfo
                0x00000000000060aa      0x23a /home/mxk/resband/reistance_band_v0_1/resistance_band/LIB/libCH57xBLE.a(gap_central.o)
                0x00000000000060aa                gapProcessAdvertDevInfo
 .text.gapFreeScanRecs
                0x00000000000062e4       0xa2 /home/mxk/resband/reistance_band_v0_1/resistance_band/LIB/libCH57xBLE.a(gap_central.o)
                0x00000000000062e4                gapFreeScanRecs
 .text.gapSendDevDiscEvent
                0x0000000000006386      0x124 /home/mxk/resband/reistance_band_v0_1/resistance_band/LIB/libCH57xBLE.a(gap_central.o)
                0x0000000000006386                gapSendDevDiscEvent
 .text.gapSetScanParamStatus.part.2
                0x00000000000064aa       0x42 /home/mxk/resband/reistance_band_v0_1/resistance_band/LIB/libCH57xBLE.a(gap_central.o)
 .text.gapCentProcessHCICmdEvt
                0x00000000000064ec       0x3c /home/mxk/resband/reistance_band_v0_1/resistance_band/LIB/libCH57xBLE.a(gap_central.o)
                0x00000000000064ec                gapCentProcessHCICmdEvt
 .text.gapProcessScanningEvt
                0x0000000000006528      0x110 /home/mxk/resband/reistance_band_v0_1/resistance_band/LIB/libCH57xBLE.a(gap_central.o)
                0x0000000000006528                gapProcessScanningEvt
 .text.gapProcessScanningDirectEvt
                0x0000000000006638       0xfe /home/mxk/resband/reistance_band_v0_1/resistance_band/LIB/libCH57xBLE.a(gap_central.o)
                0x0000000000006638                gapProcessScanningDirectEvt
 .text.GAP_CentConnRegister
                0x0000000000006736       0x12 /home/mxk/resband/reistance_band_v0_1/resistance_band/LIB/libCH57xBLE.a(gap_central.o)
                0x0000000000006736                GAP_CentConnRegister
 .text.GAP_CentDevMgrInit
                0x0000000000006748       0x94 /home/mxk/resband/reistance_band_v0_1/resistance_band/LIB/libCH57xBLE.a(gap_central.o)
                0x0000000000006748                GAP_CentDevMgrInit
 .text.gapFreeAdvertState
                0x00000000000067dc       0x20 /home/mxk/resband/reistance_band_v0_1/resistance_band/LIB/libCH57xBLE.a(gap_peripheral.o)
 .text.gapPeriProcessConnEvt
                0x00000000000067fc       0xbc /home/mxk/resband/reistance_band_v0_1/resistance_band/LIB/libCH57xBLE.a(gap_peripheral.o)
 .text.gapSetAdvParams
                0x00000000000068b8       0x7e /home/mxk/resband/reistance_band_v0_1/resistance_band/LIB/libCH57xBLE.a(gap_peripheral.o)
 .text.GAP_PeripheralParamInit
                0x0000000000006936       0x4a /home/mxk/resband/reistance_band_v0_1/resistance_band/LIB/libCH57xBLE.a(gap_peripheral.o)
                0x0000000000006936                GAP_PeripheralParamInit
 .text.gapSendMakeDiscEvent
                0x0000000000006980       0x50 /home/mxk/resband/reistance_band_v0_1/resistance_band/LIB/libCH57xBLE.a(gap_peripheral.o)
                0x0000000000006980                gapSendMakeDiscEvent
 .text.gapPeriProcessHCICmdCompleteEvt
                0x00000000000069d0      0x192 /home/mxk/resband/reistance_band_v0_1/resistance_band/LIB/libCH57xBLE.a(gap_peripheral.o)
 .text.GAP_MakeDiscoverable
                0x0000000000006b62       0xf0 /home/mxk/resband/reistance_band_v0_1/resistance_band/LIB/libCH57xBLE.a(gap_peripheral.o)
                0x0000000000006b62                GAP_MakeDiscoverable
 .text.GAP_EndDiscoverable
                0x0000000000006c52       0x5c /home/mxk/resband/reistance_band_v0_1/resistance_band/LIB/libCH57xBLE.a(gap_peripheral.o)
                0x0000000000006c52                GAP_EndDiscoverable
 .text.gapProcessAdvertisingEvt
                0x0000000000006cae       0x90 /home/mxk/resband/reistance_band_v0_1/resistance_band/LIB/libCH57xBLE.a(gap_peripheral.o)
 .text.GAP_UpdateAdvertisingData
                0x0000000000006d3e       0xb8 /home/mxk/resband/reistance_band_v0_1/resistance_band/LIB/libCH57xBLE.a(gap_peripheral.o)
                0x0000000000006d3e                GAP_UpdateAdvertisingData
 .text.GAP_PeriConnRegister
                0x0000000000006df6       0x2a /home/mxk/resband/reistance_band_v0_1/resistance_band/LIB/libCH57xBLE.a(gap_peripheral.o)
                0x0000000000006df6                GAP_PeriConnRegister
 .text.GAP_PeriDevMgrInit
                0x0000000000006e20       0xbc /home/mxk/resband/reistance_band_v0_1/resistance_band/LIB/libCH57xBLE.a(gap_peripheral.o)
                0x0000000000006e20                GAP_PeriDevMgrInit
 .text.ggs_SetAttrWPermit
                0x0000000000006edc       0x68 /home/mxk/resband/reistance_band_v0_1/resistance_band/LIB/libCH57xBLE.a(gapgattserver.o)
 .text.ggs_ReadAttrCB
                0x0000000000006f44      0x152 /home/mxk/resband/reistance_band_v0_1/resistance_band/LIB/libCH57xBLE.a(gapgattserver.o)
 .text.ggs_WriteAttrCB
                0x0000000000007096      0x154 /home/mxk/resband/reistance_band_v0_1/resistance_band/LIB/libCH57xBLE.a(gapgattserver.o)
 .text.GGS_ParamInit
                0x00000000000071ea      0x23a /home/mxk/resband/reistance_band_v0_1/resistance_band/LIB/libCH57xBLE.a(gapgattserver.o)
                0x00000000000071ea                GGS_ParamInit
 .text.GGS_SetParameter
                0x0000000000007424       0xde /home/mxk/resband/reistance_band_v0_1/resistance_band/LIB/libCH57xBLE.a(gapgattserver.o)
                0x0000000000007424                GGS_SetParameter
 .text.GGS_AddService
                0x0000000000007502       0x2c /home/mxk/resband/reistance_band_v0_1/resistance_band/LIB/libCH57xBLE.a(gapgattserver.o)
                0x0000000000007502                GGS_AddService
 .text.GAP_DeviceInit
                0x000000000000752e       0xd8 /home/mxk/resband/reistance_band_v0_1/resistance_band/LIB/libCH57xBLE.a(gapgattserver.o)
                0x000000000000752e                GAP_DeviceInit
 .text.gattGetPayload
                0x0000000000007606       0x7e /home/mxk/resband/reistance_band_v0_1/resistance_band/LIB/libCH57xBLE.a(gatt.o)
                0x0000000000007606                gattGetPayload
 .text.gattNotifyEvent
                0x0000000000007684       0x80 /home/mxk/resband/reistance_band_v0_1/resistance_band/LIB/libCH57xBLE.a(gatt.o)
                0x0000000000007684                gattNotifyEvent
 .text.gattSendFlowCtrlEvt
                0x0000000000007704       0x4a /home/mxk/resband/reistance_band_v0_1/resistance_band/LIB/libCH57xBLE.a(gatt.o)
                0x0000000000007704                gattSendFlowCtrlEvt
 .text.gattStartTimer
                0x000000000000774e        0xc /home/mxk/resband/reistance_band_v0_1/resistance_band/LIB/libCH57xBLE.a(gatt.o)
                0x000000000000774e                gattStartTimer
 .text.gattStopTimer
                0x000000000000775a       0x32 /home/mxk/resband/reistance_band_v0_1/resistance_band/LIB/libCH57xBLE.a(gatt.o)
                0x000000000000775a                gattStopTimer
 .text.GATT_AppCompletedMsg
                0x000000000000778c       0x30 /home/mxk/resband/reistance_band_v0_1/resistance_band/LIB/libCH57xBLE.a(gatt.o)
                0x000000000000778c                GATT_AppCompletedMsg
 .text.GATT_NotifyEvent
                0x00000000000077bc       0x4e /home/mxk/resband/reistance_band_v0_1/resistance_band/LIB/libCH57xBLE.a(gatt.o)
                0x00000000000077bc                GATT_NotifyEvent
 .text.gattRegisterServer
                0x000000000000780a        0x6 /home/mxk/resband/reistance_band_v0_1/resistance_band/LIB/libCH57xBLE.a(gatt.o)
                0x000000000000780a                gattRegisterServer
 .text.GATT_UpdateMTU
                0x0000000000007810       0x5c /home/mxk/resband/reistance_band_v0_1/resistance_band/LIB/libCH57xBLE.a(gatt.o)
                0x0000000000007810                GATT_UpdateMTU
 .text.GATT_bm_alloc
                0x000000000000786c       0xea /home/mxk/resband/reistance_band_v0_1/resistance_band/LIB/libCH57xBLE.a(gatt.o)
                0x000000000000786c                GATT_bm_alloc
 .text.GATT_ServiceChangedInd
                0x0000000000007956       0x94 /home/mxk/resband/reistance_band_v0_1/resistance_band/LIB/libCH57xBLE.a(gatt.o)
                0x0000000000007956                GATT_ServiceChangedInd
 .text.GATT_bm_free
                0x00000000000079ea       0x1c /home/mxk/resband/reistance_band_v0_1/resistance_band/LIB/libCH57xBLE.a(gatt.o)
                0x00000000000079ea                GATT_bm_free
 .text.GATT_RegisterForPeriMsgs
                0x0000000000007a06        0x6 /home/mxk/resband/reistance_band_v0_1/resistance_band/LIB/libCH57xBLE.a(gatt.o)
                0x0000000000007a06                GATT_RegisterForPeriMsgs
 .text.GATT_Init
                0x0000000000007a0c       0x30 /home/mxk/resband/reistance_band_v0_1/resistance_band/LIB/libCH57xBLE.a(gatt.o)
                0x0000000000007a0c                GATT_Init
 .text.GATT_ProcessEvent
                0x0000000000007a3c      0x136 /home/mxk/resband/reistance_band_v0_1/resistance_band/LIB/libCH57xBLE.a(gatt.o)
                0x0000000000007a3c                GATT_ProcessEvent
 .text.gattProcessExchangeMTUReq
                0x0000000000007b72        0x4 /home/mxk/resband/reistance_band_v0_1/resistance_band/LIB/libCH57xBLE.a(gattservapp.o)
 .text.gattServApp_FindCharCfgItem
                0x0000000000007b76       0x20 /home/mxk/resband/reistance_band_v0_1/resistance_band/LIB/libCH57xBLE.a(gattservapp.o)
 .text.gattServerHandleTimerCB
                0x0000000000007b96       0x3c /home/mxk/resband/reistance_band_v0_1/resistance_band/LIB/libCH57xBLE.a(gattservapp.o)
 .text.GATTServApp_InitCharCfg.part.12
                0x0000000000007bd2       0x1c /home/mxk/resband/reistance_band_v0_1/resistance_band/LIB/libCH57xBLE.a(gattservapp.o)
 .text.gattProcessExecuteWriteReq
                0x0000000000007bee        0x4 /home/mxk/resband/reistance_band_v0_1/resistance_band/LIB/libCH57xBLE.a(gattservapp.o)
 .text.GATTServApp_ParamInit
                0x0000000000007bf2       0xd6 /home/mxk/resband/reistance_band_v0_1/resistance_band/LIB/libCH57xBLE.a(gattservapp.o)
                0x0000000000007bf2                GATTServApp_ParamInit
 .text.GATTServApp_ReadCharCfg
                0x0000000000007cc8       0x18 /home/mxk/resband/reistance_band_v0_1/resistance_band/LIB/libCH57xBLE.a(gattservapp.o)
                0x0000000000007cc8                GATTServApp_ReadCharCfg
 .text.GATTServApp_WriteCharCfg
                0x0000000000007ce0       0x3c /home/mxk/resband/reistance_band_v0_1/resistance_band/LIB/libCH57xBLE.a(gattservapp.o)
                0x0000000000007ce0                GATTServApp_WriteCharCfg
 .text.GATTServApp_ProcessCCCWriteReq
                0x0000000000007d1c       0x60 /home/mxk/resband/reistance_band_v0_1/resistance_band/LIB/libCH57xBLE.a(gattservapp.o)
                0x0000000000007d1c                GATTServApp_ProcessCCCWriteReq
 .text.gattServApp_WriteAttrCB
                0x0000000000007d7c       0x34 /home/mxk/resband/reistance_band_v0_1/resistance_band/LIB/libCH57xBLE.a(gattservapp.o)
                0x0000000000007d7c                gattServApp_WriteAttrCB
 .text.GATTServApp_SendCCCUpdatedEvent
                0x0000000000007db0       0x5e /home/mxk/resband/reistance_band_v0_1/resistance_band/LIB/libCH57xBLE.a(gattservapp.o)
                0x0000000000007db0                GATTServApp_SendCCCUpdatedEvent
 .text.GATTServApp_SendServiceChangedInd
                0x0000000000007e0e       0x36 /home/mxk/resband/reistance_band_v0_1/resistance_band/LIB/libCH57xBLE.a(gattservapp.o)
                0x0000000000007e0e                GATTServApp_SendServiceChangedInd
 .text.gattServApp_ClearPrepareWriteQ
                0x0000000000007e44       0x4c /home/mxk/resband/reistance_band_v0_1/resistance_band/LIB/libCH57xBLE.a(gattservapp.o)
                0x0000000000007e44                gattServApp_ClearPrepareWriteQ
 .text.gattServApp_FindPrepareWriteQ
                0x0000000000007e90       0x2c /home/mxk/resband/reistance_band_v0_1/resistance_band/LIB/libCH57xBLE.a(gattservapp.o)
                0x0000000000007e90                gattServApp_FindPrepareWriteQ
 .text.gattServApp_FindServiceCBs
                0x0000000000007ebc       0x18 /home/mxk/resband/reistance_band_v0_1/resistance_band/LIB/libCH57xBLE.a(gattservapp.o)
                0x0000000000007ebc                gattServApp_FindServiceCBs
 .text.gattServApp_FindAuthorizeAttrCB
                0x0000000000007ed4       0x16 /home/mxk/resband/reistance_band_v0_1/resistance_band/LIB/libCH57xBLE.a(gattservapp.o)
                0x0000000000007ed4                gattServApp_FindAuthorizeAttrCB
 .text.gattServApp_IsWriteLong
                0x0000000000007eea       0xe6 /home/mxk/resband/reistance_band_v0_1/resistance_band/LIB/libCH57xBLE.a(gattservapp.o)
                0x0000000000007eea                gattServApp_IsWriteLong
 .text.gattFindService
                0x0000000000007fd0       0x1c /home/mxk/resband/reistance_band_v0_1/resistance_band/LIB/libCH57xBLE.a(gattservapp.o)
                0x0000000000007fd0                gattFindService
 .text.GATT_ServiceNumAttrs
                0x0000000000007fec       0x18 /home/mxk/resband/reistance_band_v0_1/resistance_band/LIB/libCH57xBLE.a(gattservapp.o)
                0x0000000000007fec                GATT_ServiceNumAttrs
 .text.GATT_ServiceEncKeySize
                0x0000000000008004       0x18 /home/mxk/resband/reistance_band_v0_1/resistance_band/LIB/libCH57xBLE.a(gattservapp.o)
                0x0000000000008004                GATT_ServiceEncKeySize
 .text.GATT_VerifyWritePermissions.part.7
                0x000000000000801c       0x2e /home/mxk/resband/reistance_band_v0_1/resistance_band/LIB/libCH57xBLE.a(gattservapp.o)
 .text.gattResetServerInfo
                0x000000000000804a       0x1c /home/mxk/resband/reistance_band_v0_1/resistance_band/LIB/libCH57xBLE.a(gattservapp.o)
                0x000000000000804a                gattResetServerInfo
 .text.gattFindServerInfo
                0x0000000000008066       0x28 /home/mxk/resband/reistance_band_v0_1/resistance_band/LIB/libCH57xBLE.a(gattservapp.o)
                0x0000000000008066                gattFindServerInfo
 .text.gattServerHandleConnStatusCB
                0x000000000000808e       0x98 /home/mxk/resband/reistance_band_v0_1/resistance_band/LIB/libCH57xBLE.a(gattservapp.o)
                0x000000000000808e                gattServerHandleConnStatusCB
 .text.gattServerProcessMsgCB
                0x0000000000008126      0x1c0 /home/mxk/resband/reistance_band_v0_1/resistance_band/LIB/libCH57xBLE.a(gattservapp.o)
                0x0000000000008126                gattServerProcessMsgCB
 .text.gattServerNotifyTxCB
                0x00000000000082e6       0x28 /home/mxk/resband/reistance_band_v0_1/resistance_band/LIB/libCH57xBLE.a(gattservapp.o)
 .text.GATT_FindHandle
                0x000000000000830e       0x4a /home/mxk/resband/reistance_band_v0_1/resistance_band/LIB/libCH57xBLE.a(gattservapp.o)
                0x000000000000830e                GATT_FindHandle
 .text.GATTServApp_WriteAttr
                0x0000000000008358       0xa8 /home/mxk/resband/reistance_band_v0_1/resistance_band/LIB/libCH57xBLE.a(gattservapp.o)
                0x0000000000008358                GATTServApp_WriteAttr
 .text.gattServApp_ProcessExecuteWriteReq
                0x0000000000008400      0x100 /home/mxk/resband/reistance_band_v0_1/resistance_band/LIB/libCH57xBLE.a(gattservapp.o)
                0x0000000000008400                gattServApp_ProcessExecuteWriteReq
 .text.GATTServApp_UpdateCharCfg
                0x0000000000008500       0x1e /home/mxk/resband/reistance_band_v0_1/resistance_band/LIB/libCH57xBLE.a(gattservapp.o)
                0x0000000000008500                GATTServApp_UpdateCharCfg
 .text.gattServApp_ProcessPrepareWriteReq
                0x000000000000851e      0x10e /home/mxk/resband/reistance_band_v0_1/resistance_band/LIB/libCH57xBLE.a(gattservapp.o)
                0x000000000000851e                gattServApp_ProcessPrepareWriteReq
 .text.gattServApp_ProcessWriteReq
                0x000000000000862c       0xb0 /home/mxk/resband/reistance_band_v0_1/resistance_band/LIB/libCH57xBLE.a(gattservapp.o)
                0x000000000000862c                gattServApp_ProcessWriteReq
 .text.GATT_Indication
                0x00000000000086dc       0xa4 /home/mxk/resband/reistance_band_v0_1/resistance_band/LIB/libCH57xBLE.a(gattservapp.o)
                0x00000000000086dc                GATT_Indication
 .text.GATT_FindHandleUUID
                0x0000000000008780       0x94 /home/mxk/resband/reistance_band_v0_1/resistance_band/LIB/libCH57xBLE.a(gattservapp.o)
                0x0000000000008780                GATT_FindHandleUUID
 .text.gattProcessReadByGrpTypeReq
                0x0000000000008814       0x60 /home/mxk/resband/reistance_band_v0_1/resistance_band/LIB/libCH57xBLE.a(gattservapp.o)
 .text.gattProcessReadByTypeReq
                0x0000000000008874       0x34 /home/mxk/resband/reistance_band_v0_1/resistance_band/LIB/libCH57xBLE.a(gattservapp.o)
 .text.gattProcessFindByTypeValueReq
                0x00000000000088a8       0x34 /home/mxk/resband/reistance_band_v0_1/resistance_band/LIB/libCH57xBLE.a(gattservapp.o)
 .text.gattProcessFindInfoReq
                0x00000000000088dc      0x1aa /home/mxk/resband/reistance_band_v0_1/resistance_band/LIB/libCH57xBLE.a(gattservapp.o)
 .text.GATT_Notification
                0x0000000000008a86       0x70 /home/mxk/resband/reistance_band_v0_1/resistance_band/LIB/libCH57xBLE.a(gattservapp.o)
                0x0000000000008a86                GATT_Notification
 .text.GATT_VerifyWritePermissions
                0x0000000000008af6       0x6a /home/mxk/resband/reistance_band_v0_1/resistance_band/LIB/libCH57xBLE.a(gattservapp.o)
                0x0000000000008af6                GATT_VerifyWritePermissions
 .text.gattProcessWriteReq
                0x0000000000008b60       0x36 /home/mxk/resband/reistance_band_v0_1/resistance_band/LIB/libCH57xBLE.a(gattservapp.o)
 .text.GATT_VerifyPrepareWritePermissions
                0x0000000000008b96       0x56 /home/mxk/resband/reistance_band_v0_1/resistance_band/LIB/libCH57xBLE.a(gattservapp.o)
                0x0000000000008b96                GATT_VerifyPrepareWritePermissions
 .text.gattProcessPrepareWriteReq
                0x0000000000008bec       0x36 /home/mxk/resband/reistance_band_v0_1/resistance_band/LIB/libCH57xBLE.a(gattservapp.o)
 .text.GATT_FindNextAttr
                0x0000000000008c22       0xc2 /home/mxk/resband/reistance_band_v0_1/resistance_band/LIB/libCH57xBLE.a(gattservapp.o)
                0x0000000000008c22                GATT_FindNextAttr
 .text.GATTServApp_ReadAttr
                0x0000000000008ce4      0x2e2 /home/mxk/resband/reistance_band_v0_1/resistance_band/LIB/libCH57xBLE.a(gattservapp.o)
                0x0000000000008ce4                GATTServApp_ReadAttr
 .text.gattServApp_ProcessReadMultiReq
                0x0000000000008fc6      0x16e /home/mxk/resband/reistance_band_v0_1/resistance_band/LIB/libCH57xBLE.a(gattservapp.o)
                0x0000000000008fc6                gattServApp_ProcessReadMultiReq
 .text.gattServApp_ProcessFindByTypeValueReq
                0x0000000000009134      0x19c /home/mxk/resband/reistance_band_v0_1/resistance_band/LIB/libCH57xBLE.a(gattservapp.o)
                0x0000000000009134                gattServApp_ProcessFindByTypeValueReq
 .text.GATT_VerifyReadPermissions
                0x00000000000092d0       0x68 /home/mxk/resband/reistance_band_v0_1/resistance_band/LIB/libCH57xBLE.a(gattservapp.o)
                0x00000000000092d0                GATT_VerifyReadPermissions
 .text.gattProcessReadMultiReq
                0x0000000000009338       0xae /home/mxk/resband/reistance_band_v0_1/resistance_band/LIB/libCH57xBLE.a(gattservapp.o)
 .text.gattProcessReadReq
                0x00000000000093e6       0x30 /home/mxk/resband/reistance_band_v0_1/resistance_band/LIB/libCH57xBLE.a(gattservapp.o)
 .text.gattServApp_ProcessReadByGrpTypeReq
                0x0000000000009416      0x21c /home/mxk/resband/reistance_band_v0_1/resistance_band/LIB/libCH57xBLE.a(gattservapp.o)
                0x0000000000009416                gattServApp_ProcessReadByGrpTypeReq
 .text.gattServApp_ProcessReadByTypeReq
                0x0000000000009632      0x1ae /home/mxk/resband/reistance_band_v0_1/resistance_band/LIB/libCH57xBLE.a(gattservapp.o)
                0x0000000000009632                gattServApp_ProcessReadByTypeReq
 .text.GATT_RegisterService
                0x00000000000097e0       0xfc /home/mxk/resband/reistance_band_v0_1/resistance_band/LIB/libCH57xBLE.a(gattservapp.o)
                0x00000000000097e0                GATT_RegisterService
 .text.GATTServApp_RegisterService
                0x00000000000098dc       0x8a /home/mxk/resband/reistance_band_v0_1/resistance_band/LIB/libCH57xBLE.a(gattservapp.o)
                0x00000000000098dc                GATTServApp_RegisterService
 .text.GATTServApp_AddService
                0x0000000000009966       0x2c /home/mxk/resband/reistance_band_v0_1/resistance_band/LIB/libCH57xBLE.a(gattservapp.o)
                0x0000000000009966                GATTServApp_AddService
 .text.GATTServApp_RegisterForMsg
                0x0000000000009992        0x6 /home/mxk/resband/reistance_band_v0_1/resistance_band/LIB/libCH57xBLE.a(gattservapp.o)
                0x0000000000009992                GATTServApp_RegisterForMsg
 .text.GATTServApp_InitCharCfg
                0x0000000000009998       0x28 /home/mxk/resband/reistance_band_v0_1/resistance_band/LIB/libCH57xBLE.a(gattservapp.o)
                0x0000000000009998                GATTServApp_InitCharCfg
 .text.gattServApp_HandleConnStatusCB
                0x00000000000099c0       0x74 /home/mxk/resband/reistance_band_v0_1/resistance_band/LIB/libCH57xBLE.a(gattservapp.o)
                0x00000000000099c0                gattServApp_HandleConnStatusCB
 .text.GATT_InitServer
                0x0000000000009a34       0xf6 /home/mxk/resband/reistance_band_v0_1/resistance_band/LIB/libCH57xBLE.a(gattservapp.o)
                0x0000000000009a34                GATT_InitServer
 .text.GATTServApp_Init
                0x0000000000009b2a       0x34 /home/mxk/resband/reistance_band_v0_1/resistance_band/LIB/libCH57xBLE.a(gattservapp.o)
                0x0000000000009b2a                GATTServApp_Init
 .text.GATTServApp_ProcessEvent
                0x0000000000009b5e      0x366 /home/mxk/resband/reistance_band_v0_1/resistance_band/LIB/libCH57xBLE.a(gattservapp.o)
                0x0000000000009b5e                GATTServApp_ProcessEvent
 .text.l2capAllocConnChannel
                0x0000000000009ec4       0xd8 /home/mxk/resband/reistance_band_v0_1/resistance_band/LIB/libCH57xBLE.a(l2cap.o)
                0x0000000000009ec4                l2capAllocConnChannel
 .text.l2capFindLocalCID
                0x0000000000009f9c       0x2c /home/mxk/resband/reistance_band_v0_1/resistance_band/LIB/libCH57xBLE.a(l2cap.o)
                0x0000000000009f9c                l2capFindLocalCID
 .text.l2capFindLocalId
                0x0000000000009fc8       0x30 /home/mxk/resband/reistance_band_v0_1/resistance_band/LIB/libCH57xBLE.a(l2cap.o)
                0x0000000000009fc8                l2capFindLocalId
 .text.l2capFindPsm
                0x0000000000009ff8       0x2c /home/mxk/resband/reistance_band_v0_1/resistance_band/LIB/libCH57xBLE.a(l2cap.o)
                0x0000000000009ff8                l2capFindPsm
 .text.l2capFindRemoteCID
                0x000000000000a024       0x3c /home/mxk/resband/reistance_band_v0_1/resistance_band/LIB/libCH57xBLE.a(l2cap.o)
                0x000000000000a024                l2capFindRemoteCID
 .text.l2capFreeChannel
                0x000000000000a060       0x4a /home/mxk/resband/reistance_band_v0_1/resistance_band/LIB/libCH57xBLE.a(l2cap.o)
                0x000000000000a060                l2capFreeChannel
 .text.l2capDisconnectChannel
                0x000000000000a0aa       0x28 /home/mxk/resband/reistance_band_v0_1/resistance_band/LIB/libCH57xBLE.a(l2cap.o)
                0x000000000000a0aa                l2capDisconnectChannel
 .text.l2capHandleTimerCB
                0x000000000000a0d2       0x2c /home/mxk/resband/reistance_band_v0_1/resistance_band/LIB/libCH57xBLE.a(l2cap.o)
                0x000000000000a0d2                l2capHandleTimerCB
 .text.l2capFreePendingPkt
                0x000000000000a0fe       0x58 /home/mxk/resband/reistance_band_v0_1/resistance_band/LIB/libCH57xBLE.a(l2cap.o)
                0x000000000000a0fe                l2capFreePendingPkt
 .text.l2capGetCoChannelInfo
                0x000000000000a156       0x7e /home/mxk/resband/reistance_band_v0_1/resistance_band/LIB/libCH57xBLE.a(l2cap.o)
                0x000000000000a156                l2capGetCoChannelInfo
 .text.l2capNumActiveChannnels
                0x000000000000a1d4       0x44 /home/mxk/resband/reistance_band_v0_1/resistance_band/LIB/libCH57xBLE.a(l2cap.o)
                0x000000000000a1d4                l2capNumActiveChannnels
 .text.l2capStartTimer
                0x000000000000a218       0x1a /home/mxk/resband/reistance_band_v0_1/resistance_band/LIB/libCH57xBLE.a(l2cap.o)
                0x000000000000a218                l2capStartTimer
 .text.l2capStopTimer
                0x000000000000a232       0x1e /home/mxk/resband/reistance_band_v0_1/resistance_band/LIB/libCH57xBLE.a(l2cap.o)
                0x000000000000a232                l2capStopTimer
 .text.l2capDisconnectAllChannels
                0x000000000000a250       0xdc /home/mxk/resband/reistance_band_v0_1/resistance_band/LIB/libCH57xBLE.a(l2cap.o)
                0x000000000000a250                l2capDisconnectAllChannels
 .text.l2capHandleConnStatusCB
                0x000000000000a32c       0x3c /home/mxk/resband/reistance_band_v0_1/resistance_band/LIB/libCH57xBLE.a(l2cap.o)
                0x000000000000a32c                l2capHandleConnStatusCB
 .text.l2capHandleRxError
                0x000000000000a368        0x6 /home/mxk/resband/reistance_band_v0_1/resistance_band/LIB/libCH57xBLE.a(l2cap.o)
                0x000000000000a368                l2capHandleRxError
 .text.L2CAP_GetMTU
                0x000000000000a36e        0x6 /home/mxk/resband/reistance_band_v0_1/resistance_band/LIB/libCH57xBLE.a(l2cap.o)
                0x000000000000a36e                L2CAP_GetMTU
 .text.L2CAP_HostNumCompletedPkts
                0x000000000000a374       0x28 /home/mxk/resband/reistance_band_v0_1/resistance_band/LIB/libCH57xBLE.a(l2cap.o)
                0x000000000000a374                L2CAP_HostNumCompletedPkts
 .text.L2CAP_ParseConnectReq
                0x000000000000a39c       0x5e /home/mxk/resband/reistance_band_v0_1/resistance_band/LIB/libCH57xBLE.a(l2cap.o)
                0x000000000000a39c                L2CAP_ParseConnectReq
 .text.L2CAP_ParseFlowCtrlCredit
                0x000000000000a3fa       0x2e /home/mxk/resband/reistance_band_v0_1/resistance_band/LIB/libCH57xBLE.a(l2cap.o)
                0x000000000000a3fa                L2CAP_ParseFlowCtrlCredit
 .text.L2CAP_RegisterApp
                0x000000000000a428       0x30 /home/mxk/resband/reistance_band_v0_1/resistance_band/LIB/libCH57xBLE.a(l2cap.o)
                0x000000000000a428                L2CAP_RegisterApp
 .text.L2CAP_SetBufSize
                0x000000000000a458       0x1e /home/mxk/resband/reistance_band_v0_1/resistance_band/LIB/libCH57xBLE.a(l2cap.o)
                0x000000000000a458                L2CAP_SetBufSize
 .text.L2CAP_bm_alloc
                0x000000000000a476       0x30 /home/mxk/resband/reistance_band_v0_1/resistance_band/LIB/libCH57xBLE.a(l2cap.o)
                0x000000000000a476                L2CAP_bm_alloc
 .text.L2CAP_Init
                0x000000000000a4a6      0x12e /home/mxk/resband/reistance_band_v0_1/resistance_band/LIB/libCH57xBLE.a(l2cap.o)
                0x000000000000a4a6                L2CAP_Init
 .text.L2CAP_ProcessEvent
                0x000000000000a5d4       0xc8 /home/mxk/resband/reistance_band_v0_1/resistance_band/LIB/libCH57xBLE.a(l2cap.o)
                0x000000000000a5d4                L2CAP_ProcessEvent
 .text.l2capParseCmdReject
                0x000000000000a69c       0x5e /home/mxk/resband/reistance_band_v0_1/resistance_band/LIB/libCH57xBLE.a(l2cap_input.o)
                0x000000000000a69c                l2capParseCmdReject
 .text.l2capParseDisconnectReq
                0x000000000000a6fa       0x2e /home/mxk/resband/reistance_band_v0_1/resistance_band/LIB/libCH57xBLE.a(l2cap_input.o)
                0x000000000000a6fa                l2capParseDisconnectReq
 .text.l2capParseDisconnectRsp
                0x000000000000a728       0x2e /home/mxk/resband/reistance_band_v0_1/resistance_band/LIB/libCH57xBLE.a(l2cap_input.o)
                0x000000000000a728                l2capParseDisconnectRsp
 .text.L2CAP_ParseParamUpdateReq
                0x000000000000a756       0x4e /home/mxk/resband/reistance_band_v0_1/resistance_band/LIB/libCH57xBLE.a(l2cap_input.o)
                0x000000000000a756                L2CAP_ParseParamUpdateReq
 .text.l2capParseParamUpdateRsp
                0x000000000000a7a4       0x1e /home/mxk/resband/reistance_band_v0_1/resistance_band/LIB/libCH57xBLE.a(l2cap_input.o)
                0x000000000000a7a4                l2capParseParamUpdateRsp
 .text.l2capProcessConnectReq
                0x000000000000a7c2       0xfc /home/mxk/resband/reistance_band_v0_1/resistance_band/LIB/libCH57xBLE.a(l2cap_input.o)
                0x000000000000a7c2                l2capProcessConnectReq
 .text.l2capParseConnectRsp
                0x000000000000a8be       0x5e /home/mxk/resband/reistance_band_v0_1/resistance_band/LIB/libCH57xBLE.a(l2cap_input.o)
                0x000000000000a8be                l2capParseConnectRsp
 .text.l2capParseSignalHdr
                0x000000000000a91c       0x22 /home/mxk/resband/reistance_band_v0_1/resistance_band/LIB/libCH57xBLE.a(l2cap_input.o)
                0x000000000000a91c                l2capParseSignalHdr
 .text.l2capParsePacket
                0x000000000000a93e       0x8c /home/mxk/resband/reistance_band_v0_1/resistance_band/LIB/libCH57xBLE.a(l2cap_input.o)
                0x000000000000a93e                l2capParsePacket
 .text.l2capProcessReq
                0x000000000000a9ca      0x15a /home/mxk/resband/reistance_band_v0_1/resistance_band/LIB/libCH57xBLE.a(l2cap_input.o)
                0x000000000000a9ca                l2capProcessReq
 .text.l2capProcessRsp
                0x000000000000ab24      0x150 /home/mxk/resband/reistance_band_v0_1/resistance_band/LIB/libCH57xBLE.a(l2cap_input.o)
                0x000000000000ab24                l2capProcessRsp
 .text.l2capProcessRxData
                0x000000000000ac74       0xf8 /home/mxk/resband/reistance_band_v0_1/resistance_band/LIB/libCH57xBLE.a(l2cap_input.o)
                0x000000000000ac74                l2capProcessRxData
 .text.l2capNotifyData
                0x000000000000ad6c       0x5a /home/mxk/resband/reistance_band_v0_1/resistance_band/LIB/libCH57xBLE.a(l2cap_output.o)
                0x000000000000ad6c                l2capNotifyData
 .text.l2capNotifySignal
                0x000000000000adc6       0x76 /home/mxk/resband/reistance_band_v0_1/resistance_band/LIB/libCH57xBLE.a(l2cap_output.o)
                0x000000000000adc6                l2capNotifySignal
 .text.l2capNotifyCreditEvt
                0x000000000000ae3c       0x9c /home/mxk/resband/reistance_band_v0_1/resistance_band/LIB/libCH57xBLE.a(l2cap_output.o)
                0x000000000000ae3c                l2capNotifyCreditEvt
 .text.l2capNotifyChannelEstEvt
                0x000000000000aed8       0x58 /home/mxk/resband/reistance_band_v0_1/resistance_band/LIB/libCH57xBLE.a(l2cap_output.o)
                0x000000000000aed8                l2capNotifyChannelEstEvt
 .text.l2capNotifyChannelTermEvt
                0x000000000000af30       0x3e /home/mxk/resband/reistance_band_v0_1/resistance_band/LIB/libCH57xBLE.a(l2cap_output.o)
                0x000000000000af30                l2capNotifyChannelTermEvt
 .text.l2capNotifyEvent
                0x000000000000af6e       0x66 /home/mxk/resband/reistance_band_v0_1/resistance_band/LIB/libCH57xBLE.a(l2cap_output.o)
                0x000000000000af6e                l2capNotifyEvent
 .text.l2capStoreFCPkt
                0x000000000000afd4       0x32 /home/mxk/resband/reistance_band_v0_1/resistance_band/LIB/libCH57xBLE.a(l2cap_output.o)
                0x000000000000afd4                l2capStoreFCPkt
 .text.l2capFreeTxSDU
                0x000000000000b006       0x9a /home/mxk/resband/reistance_band_v0_1/resistance_band/LIB/libCH57xBLE.a(l2cap_output.o)
                0x000000000000b006                l2capFreeTxSDU
 .text.l2capReassembleSegment
                0x000000000000b0a0      0x174 /home/mxk/resband/reistance_band_v0_1/resistance_band/LIB/libCH57xBLE.a(l2cap_output.o)
                0x000000000000b0a0                l2capReassembleSegment
 .text.l2capEncapSendData
                0x000000000000b214       0xec /home/mxk/resband/reistance_band_v0_1/resistance_band/LIB/libCH57xBLE.a(l2cap_output.o)
                0x000000000000b214                l2capEncapSendData
 .text.l2capSendFCPkt.part.3
                0x000000000000b300       0x70 /home/mxk/resband/reistance_band_v0_1/resistance_band/LIB/libCH57xBLE.a(l2cap_output.o)
 .text.l2capSendSegment
                0x000000000000b370      0x108 /home/mxk/resband/reistance_band_v0_1/resistance_band/LIB/libCH57xBLE.a(l2cap_output.o)
                0x000000000000b370                l2capSendSegment
 .text.l2capSendNextSegment
                0x000000000000b478       0xb4 /home/mxk/resband/reistance_band_v0_1/resistance_band/LIB/libCH57xBLE.a(l2cap_output.o)
                0x000000000000b478                l2capSendNextSegment
 .text.l2capSendPkt
                0x000000000000b52c       0x3a /home/mxk/resband/reistance_band_v0_1/resistance_band/LIB/libCH57xBLE.a(l2cap_output.o)
                0x000000000000b52c                l2capSendPkt
 .text.L2CAP_SendData
                0x000000000000b566       0x82 /home/mxk/resband/reistance_band_v0_1/resistance_band/LIB/libCH57xBLE.a(l2cap_output.o)
                0x000000000000b566                L2CAP_SendData
 .text.l2capSendCmd
                0x000000000000b5e8       0x8a /home/mxk/resband/reistance_band_v0_1/resistance_band/LIB/libCH57xBLE.a(l2cap_output.o)
                0x000000000000b5e8                l2capSendCmd
 .text.l2capSendReq
                0x000000000000b672       0xbc /home/mxk/resband/reistance_band_v0_1/resistance_band/LIB/libCH57xBLE.a(l2cap_output.o)
                0x000000000000b672                l2capSendReq
 .text.l2capBuildDisconnectReq
                0x000000000000b72e       0x28 /home/mxk/resband/reistance_band_v0_1/resistance_band/LIB/libCH57xBLE.a(l2cap_sdu.o)
 .text.l2capBuildParamUpdateReq
                0x000000000000b756       0x4c /home/mxk/resband/reistance_band_v0_1/resistance_band/LIB/libCH57xBLE.a(l2cap_sdu.o)
 .text.l2capBuildParamUpdateRsp
                0x000000000000b7a2       0x16 /home/mxk/resband/reistance_band_v0_1/resistance_band/LIB/libCH57xBLE.a(l2cap_sdu.o)
 .text.l2capBuildConnectRsp
                0x000000000000b7b8       0x5e /home/mxk/resband/reistance_band_v0_1/resistance_band/LIB/libCH57xBLE.a(l2cap_sdu.o)
 .text.l2capBuildCmdReject
                0x000000000000b816       0x62 /home/mxk/resband/reistance_band_v0_1/resistance_band/LIB/libCH57xBLE.a(l2cap_sdu.o)
                0x000000000000b816                l2capBuildCmdReject
 .text.l2capBuildDisconnectRsp
                0x000000000000b878       0x28 /home/mxk/resband/reistance_band_v0_1/resistance_band/LIB/libCH57xBLE.a(l2cap_sdu.o)
                0x000000000000b878                l2capBuildDisconnectRsp
 .text.l2capSendConnectRsp
                0x000000000000b8a0       0xa2 /home/mxk/resband/reistance_band_v0_1/resistance_band/LIB/libCH57xBLE.a(l2cap_sdu.o)
                0x000000000000b8a0                l2capSendConnectRsp
 .text.L2CAP_CmdReject
                0x000000000000b942       0x12 /home/mxk/resband/reistance_band_v0_1/resistance_band/LIB/libCH57xBLE.a(l2cap_sdu.o)
                0x000000000000b942                L2CAP_CmdReject
 .text.L2CAP_DisconnectReq
                0x000000000000b954       0x2a /home/mxk/resband/reistance_band_v0_1/resistance_band/LIB/libCH57xBLE.a(l2cap_sdu.o)
                0x000000000000b954                L2CAP_DisconnectReq
 .text.L2CAP_ConnParamUpdateReq
                0x000000000000b97e       0x16 /home/mxk/resband/reistance_band_v0_1/resistance_band/LIB/libCH57xBLE.a(l2cap_sdu.o)
                0x000000000000b97e                L2CAP_ConnParamUpdateReq
 .text.L2CAP_ConnParamUpdateRsp
                0x000000000000b994       0x12 /home/mxk/resband/reistance_band_v0_1/resistance_band/LIB/libCH57xBLE.a(l2cap_sdu.o)
                0x000000000000b994                L2CAP_ConnParamUpdateRsp
 .text.reportStatusChange
                0x000000000000b9a6       0x3e /home/mxk/resband/reistance_band_v0_1/resistance_band/LIB/libCH57xBLE.a(linkdb.o)
 .text.linkDB_Init
                0x000000000000b9e4       0x88 /home/mxk/resband/reistance_band_v0_1/resistance_band/LIB/libCH57xBLE.a(linkdb.o)
                0x000000000000b9e4                linkDB_Init
 .text.linkDB_Find
                0x000000000000ba6c       0x2c /home/mxk/resband/reistance_band_v0_1/resistance_band/LIB/libCH57xBLE.a(linkdb.o)
                0x000000000000ba6c                linkDB_Find
 .text.linkDB_Authen
                0x000000000000ba98       0x5c /home/mxk/resband/reistance_band_v0_1/resistance_band/LIB/libCH57xBLE.a(linkdb.o)
                0x000000000000ba98                linkDB_Authen
 .text.linkDB_FindByAddr
                0x000000000000baf4       0x76 /home/mxk/resband/reistance_band_v0_1/resistance_band/LIB/libCH57xBLE.a(linkdb.o)
                0x000000000000baf4                linkDB_FindByAddr
 .text.linkDB_FindFirst
                0x000000000000bb6a       0x38 /home/mxk/resband/reistance_band_v0_1/resistance_band/LIB/libCH57xBLE.a(linkdb.o)
                0x000000000000bb6a                linkDB_FindFirst
 .text.linkDB_MTU
                0x000000000000bba2       0x18 /home/mxk/resband/reistance_band_v0_1/resistance_band/LIB/libCH57xBLE.a(linkdb.o)
                0x000000000000bba2                linkDB_MTU
 .text.linkDB_NumActive
                0x000000000000bbba       0x2e /home/mxk/resband/reistance_band_v0_1/resistance_band/LIB/libCH57xBLE.a(linkdb.o)
                0x000000000000bbba                linkDB_NumActive
 .text.linkDB_NumConns
                0x000000000000bbe8        0x6 /home/mxk/resband/reistance_band_v0_1/resistance_band/LIB/libCH57xBLE.a(linkdb.o)
                0x000000000000bbe8                linkDB_NumConns
 .text.linkDB_Register
                0x000000000000bbee       0x28 /home/mxk/resband/reistance_band_v0_1/resistance_band/LIB/libCH57xBLE.a(linkdb.o)
                0x000000000000bbee                linkDB_Register
 .text.linkDB_Remove
                0x000000000000bc16       0x48 /home/mxk/resband/reistance_band_v0_1/resistance_band/LIB/libCH57xBLE.a(linkdb.o)
                0x000000000000bc16                linkDB_Remove
 .text.linkDB_Role
                0x000000000000bc5e       0x18 /home/mxk/resband/reistance_band_v0_1/resistance_band/LIB/libCH57xBLE.a(linkdb.o)
                0x000000000000bc5e                linkDB_Role
 .text.linkDB_State
                0x000000000000bc76       0x30 /home/mxk/resband/reistance_band_v0_1/resistance_band/LIB/libCH57xBLE.a(linkdb.o)
                0x000000000000bc76                linkDB_State
 .text.linkDB_UpdateMTU
                0x000000000000bca6       0x28 /home/mxk/resband/reistance_band_v0_1/resistance_band/LIB/libCH57xBLE.a(linkdb.o)
                0x000000000000bca6                linkDB_UpdateMTU
 .text.linkDB_PerformFunc
                0x000000000000bcce       0x52 /home/mxk/resband/reistance_band_v0_1/resistance_band/LIB/libCH57xBLE.a(linkdb.o)
                0x000000000000bcce                linkDB_PerformFunc
 .text.linkDB_PeripheralLinkNum
                0x000000000000bd20       0x3e /home/mxk/resband/reistance_band_v0_1/resistance_band/LIB/libCH57xBLE.a(linkdb.o)
                0x000000000000bd20                linkDB_PeripheralLinkNum
 .text.linkDB_GetSMEvtID
                0x000000000000bd5e       0x58 /home/mxk/resband/reistance_band_v0_1/resistance_band/LIB/libCH57xBLE.a(linkdb.o)
                0x000000000000bd5e                linkDB_GetSMEvtID
 .text.linkDB_Add
                0x000000000000bdb6       0xb2 /home/mxk/resband/reistance_band_v0_1/resistance_band/LIB/libCH57xBLE.a(linkdb.o)
                0x000000000000bdb6                linkDB_Add
 .text.linkDB_GetHandleFromSMEvtID
                0x000000000000be68       0x32 /home/mxk/resband/reistance_band_v0_1/resistance_band/LIB/libCH57xBLE.a(linkdb.o)
                0x000000000000be68                linkDB_GetHandleFromSMEvtID
 .text.linkDB_GetPairingParam
                0x000000000000be9a       0x54 /home/mxk/resband/reistance_band_v0_1/resistance_band/LIB/libCH57xBLE.a(linkdb.o)
                0x000000000000be9a                linkDB_GetPairingParam
 .text.linkDB_NeedSendKey
                0x000000000000beee       0x42 /home/mxk/resband/reistance_band_v0_1/resistance_band/LIB/libCH57xBLE.a(linkdb.o)
                0x000000000000beee                linkDB_NeedSendKey
 .text.smpBuildPairingFailed
                0x000000000000bf30       0x1a /home/mxk/resband/reistance_band_v0_1/resistance_band/LIB/libCH57xBLE.a(sm.o)
                0x000000000000bf30                smpBuildPairingFailed
 .text.SM_StartEncryption
                0x000000000000bf4a       0x98 /home/mxk/resband/reistance_band_v0_1/resistance_band/LIB/libCH57xBLE.a(sm.o)
                0x000000000000bf4a                SM_StartEncryption
 .text.smpBuildEncInfo
                0x000000000000bfe2       0x30 /home/mxk/resband/reistance_band_v0_1/resistance_band/LIB/libCH57xBLE.a(sm.o)
                0x000000000000bfe2                smpBuildEncInfo
 .text.smpBuildIdentityAddrInfo
                0x000000000000c012       0x3a /home/mxk/resband/reistance_band_v0_1/resistance_band/LIB/libCH57xBLE.a(sm.o)
                0x000000000000c012                smpBuildIdentityAddrInfo
 .text.smpBuildIdentityInfo
                0x000000000000c04c       0x30 /home/mxk/resband/reistance_band_v0_1/resistance_band/LIB/libCH57xBLE.a(sm.o)
                0x000000000000c04c                smpBuildIdentityInfo
 .text.smpBuildMasterID
                0x000000000000c07c       0x44 /home/mxk/resband/reistance_band_v0_1/resistance_band/LIB/libCH57xBLE.a(sm.o)
                0x000000000000c07c                smpBuildMasterID
 .text.smpBuildPairingConfirm
                0x000000000000c0c0       0x30 /home/mxk/resband/reistance_band_v0_1/resistance_band/LIB/libCH57xBLE.a(sm.o)
                0x000000000000c0c0                smpBuildPairingConfirm
 .text.smpBuildPairingRandom
                0x000000000000c0f0       0x30 /home/mxk/resband/reistance_band_v0_1/resistance_band/LIB/libCH57xBLE.a(sm.o)
                0x000000000000c0f0                smpBuildPairingRandom
 .text.smpBuildSigningInfo
                0x000000000000c120       0x30 /home/mxk/resband/reistance_band_v0_1/resistance_band/LIB/libCH57xBLE.a(sm.o)
                0x000000000000c120                smpBuildSigningInfo
 .text.SM_ParamInit
                0x000000000000c150       0x5a /home/mxk/resband/reistance_band_v0_1/resistance_band/LIB/libCH57xBLE.a(sm.o)
                0x000000000000c150                SM_ParamInit
 .text.smDetermineKeySize
                0x000000000000c1aa       0x20 /home/mxk/resband/reistance_band_v0_1/resistance_band/LIB/libCH57xBLE.a(sm.o)
                0x000000000000c1aa                smDetermineKeySize
 .text.smProcessRandComplete
                0x000000000000c1ca       0x9e /home/mxk/resband/reistance_band_v0_1/resistance_band/LIB/libCH57xBLE.a(sm.o)
                0x000000000000c1ca                smProcessRandComplete
 .text.smSavePairInfo
                0x000000000000c268      0x186 /home/mxk/resband/reistance_band_v0_1/resistance_band/LIB/libCH57xBLE.a(sm.o)
                0x000000000000c268                smSavePairInfo
 .text.smSetPairingReqRsp
                0x000000000000c3ee       0x38 /home/mxk/resband/reistance_band_v0_1/resistance_band/LIB/libCH57xBLE.a(sm.o)
                0x000000000000c3ee                smSetPairingReqRsp
 .text.smStartEncryption
                0x000000000000c426       0x16 /home/mxk/resband/reistance_band_v0_1/resistance_band/LIB/libCH57xBLE.a(sm.o)
                0x000000000000c426                smStartEncryption
 .text.smStartRspTimer
                0x000000000000c43c       0x36 /home/mxk/resband/reistance_band_v0_1/resistance_band/LIB/libCH57xBLE.a(sm.o)
                0x000000000000c43c                smStartRspTimer
 .text.smSendSMMsg
                0x000000000000c472       0x5c /home/mxk/resband/reistance_band_v0_1/resistance_band/LIB/libCH57xBLE.a(sm.o)
                0x000000000000c472                smSendSMMsg
 .text.smGenerateConfirm
                0x000000000000c4ce       0x34 /home/mxk/resband/reistance_band_v0_1/resistance_band/LIB/libCH57xBLE.a(sm.o)
                0x000000000000c4ce                smGenerateConfirm
 .text.smGenerateRandMsg
                0x000000000000c502       0x34 /home/mxk/resband/reistance_band_v0_1/resistance_band/LIB/libCH57xBLE.a(sm.o)
                0x000000000000c502                smGenerateRandMsg
 .text.smPairingSendEncInfo
                0x000000000000c536       0x10 /home/mxk/resband/reistance_band_v0_1/resistance_band/LIB/libCH57xBLE.a(sm.o)
                0x000000000000c536                smPairingSendEncInfo
 .text.smPairingSendIdentityAddrInfo
                0x000000000000c546       0x38 /home/mxk/resband/reistance_band_v0_1/resistance_band/LIB/libCH57xBLE.a(sm.o)
                0x000000000000c546                smPairingSendIdentityAddrInfo
 .text.smPairingSendIdentityInfo
                0x000000000000c57e       0x10 /home/mxk/resband/reistance_band_v0_1/resistance_band/LIB/libCH57xBLE.a(sm.o)
                0x000000000000c57e                smPairingSendIdentityInfo
 .text.smPairingSendMasterID
                0x000000000000c58e       0x38 /home/mxk/resband/reistance_band_v0_1/resistance_band/LIB/libCH57xBLE.a(sm.o)
                0x000000000000c58e                smPairingSendMasterID
 .text.smPairingSendSingingInfo
                0x000000000000c5c6       0x10 /home/mxk/resband/reistance_band_v0_1/resistance_band/LIB/libCH57xBLE.a(sm.o)
                0x000000000000c5c6                smPairingSendSingingInfo
 .text.smInitiatorSendNextKeyInfo
                0x000000000000c5d6      0x1c2 /home/mxk/resband/reistance_band_v0_1/resistance_band/LIB/libCH57xBLE.a(sm.o)
                0x000000000000c5d6                smInitiatorSendNextKeyInfo
 .text.smResponderSendNextKeyInfo
                0x000000000000c798      0x216 /home/mxk/resband/reistance_band_v0_1/resistance_band/LIB/libCH57xBLE.a(sm.o)
                0x000000000000c798                smResponderSendNextKeyInfo
 .text.smGeneratePairingReqRsp
                0x000000000000c9ae       0x3e /home/mxk/resband/reistance_band_v0_1/resistance_band/LIB/libCH57xBLE.a(sm.o)
                0x000000000000c9ae                smGeneratePairingReqRsp
 .text.smStopRspTimer
                0x000000000000c9ec        0xa /home/mxk/resband/reistance_band_v0_1/resistance_band/LIB/libCH57xBLE.a(sm.o)
                0x000000000000c9ec                smStopRspTimer
 .text.smFreePairingParams
                0x000000000000c9f6       0x68 /home/mxk/resband/reistance_band_v0_1/resistance_band/LIB/libCH57xBLE.a(sm.o)
                0x000000000000c9f6                smFreePairingParams
 .text.smEndPairing
                0x000000000000ca5e       0x5c /home/mxk/resband/reistance_band_v0_1/resistance_band/LIB/libCH57xBLE.a(sm.o)
                0x000000000000ca5e                smEndPairing
 .text.setupInitiatorKeys
                0x000000000000caba       0x82 /home/mxk/resband/reistance_band_v0_1/resistance_band/LIB/libCH57xBLE.a(sm.o)
                0x000000000000caba                setupInitiatorKeys
 .text.smNextPairingState
                0x000000000000cb3c       0x56 /home/mxk/resband/reistance_band_v0_1/resistance_band/LIB/libCH57xBLE.a(sm.o)
                0x000000000000cb3c                smNextPairingState
 .text.smProcessEncryptChange
                0x000000000000cb92       0xde /home/mxk/resband/reistance_band_v0_1/resistance_band/LIB/libCH57xBLE.a(sm.o)
                0x000000000000cb92                smProcessEncryptChange
 .text.smSendFailAndEnd
                0x000000000000cc70       0x38 /home/mxk/resband/reistance_band_v0_1/resistance_band/LIB/libCH57xBLE.a(sm.o)
                0x000000000000cc70                smSendFailAndEnd
 .text.smProcessPairingReq
                0x000000000000cca8       0x3c /home/mxk/resband/reistance_band_v0_1/resistance_band/LIB/libCH57xBLE.a(sm.o)
                0x000000000000cca8                smProcessPairingReq
 .text.smLinkCheck
                0x000000000000cce4       0x34 /home/mxk/resband/reistance_band_v0_1/resistance_band/LIB/libCH57xBLE.a(sm.o)
                0x000000000000cce4                smLinkCheck
 .text.smTimedOut
                0x000000000000cd18       0x20 /home/mxk/resband/reistance_band_v0_1/resistance_band/LIB/libCH57xBLE.a(sm.o)
                0x000000000000cd18                smTimedOut
 .text.smUint8ToAuthReq
                0x000000000000cd38        0x6 /home/mxk/resband/reistance_band_v0_1/resistance_band/LIB/libCH57xBLE.a(sm.o)
                0x000000000000cd38                smUint8ToAuthReq
 .text.sm_ah    0x000000000000cd3e       0x80 /home/mxk/resband/reistance_band_v0_1/resistance_band/LIB/libCH57xBLE.a(sm.o)
                0x000000000000cd3e                sm_ah
 .text.sm_xor   0x000000000000cdbe       0x24 /home/mxk/resband/reistance_band_v0_1/resistance_band/LIB/libCH57xBLE.a(sm.o)
                0x000000000000cdbe                sm_xor
 .text.sm_c1new
                0x000000000000cde2      0x11c /home/mxk/resband/reistance_band_v0_1/resistance_band/LIB/libCH57xBLE.a(sm.o)
                0x000000000000cde2                sm_c1new
 .text.sm_s1    0x000000000000cefe       0x86 /home/mxk/resband/reistance_band_v0_1/resistance_band/LIB/libCH57xBLE.a(sm.o)
                0x000000000000cefe                sm_s1
 .text.smResponderProcessLTKReq
                0x000000000000cf84      0x1e6 /home/mxk/resband/reistance_band_v0_1/resistance_band/LIB/libCH57xBLE.a(sm.o)
                0x000000000000cf84                smResponderProcessLTKReq
 .text.xor_128  0x000000000000d16a       0x28 /home/mxk/resband/reistance_band_v0_1/resistance_band/LIB/libCH57xBLE.a(sm.o)
                0x000000000000d16a                xor_128
 .text.leftshift_onebit
                0x000000000000d192       0x2e /home/mxk/resband/reistance_band_v0_1/resistance_band/LIB/libCH57xBLE.a(sm.o)
                0x000000000000d192                leftshift_onebit
 .text.padding  0x000000000000d1c0       0x38 /home/mxk/resband/reistance_band_v0_1/resistance_band/LIB/libCH57xBLE.a(sm.o)
                0x000000000000d1c0                padding
 .text.generate_subkey
                0x000000000000d1f8       0xd0 /home/mxk/resband/reistance_band_v0_1/resistance_band/LIB/libCH57xBLE.a(sm.o)
                0x000000000000d1f8                generate_subkey
 .text.sm_CMAC  0x000000000000d2c8      0x16e /home/mxk/resband/reistance_band_v0_1/resistance_band/LIB/libCH57xBLE.a(sm.o)
                0x000000000000d2c8                sm_CMAC
 .text.smpBuildPairingReqRsp
                0x000000000000d436       0xc6 /home/mxk/resband/reistance_band_v0_1/resistance_band/LIB/libCH57xBLE.a(sm.o)
                0x000000000000d436                smpBuildPairingReqRsp
 .text.smpBuildPairingReq
                0x000000000000d4fc        0xa /home/mxk/resband/reistance_band_v0_1/resistance_band/LIB/libCH57xBLE.a(sm.o)
                0x000000000000d4fc                smpBuildPairingReq
 .text.smpBuildPairingRsp
                0x000000000000d506        0xa /home/mxk/resband/reistance_band_v0_1/resistance_band/LIB/libCH57xBLE.a(sm.o)
                0x000000000000d506                smpBuildPairingRsp
 .text.sm_c1    0x000000000000d510       0xb4 /home/mxk/resband/reistance_band_v0_1/resistance_band/LIB/libCH57xBLE.a(sm.o)
                0x000000000000d510                sm_c1
 .text.smpBuildSecurityReq
                0x000000000000d5c4       0x1a /home/mxk/resband/reistance_band_v0_1/resistance_band/LIB/libCH57xBLE.a(sm.o)
                0x000000000000d5c4                smpBuildSecurityReq
 .text.smpInitiatorProcessPairingRsp