Archive member included to satisfy reference by file (symbol)

d:/BaiduSyncdisk/Edith/墨小孔实习/resband/SRC/StdPeriphDriver\libISP573.a(ISP573.o)
                              ./StdPeriphDriver/CH57x_flash.o (FLASH_EEPROM_CMD)
d:/BaiduSyncdisk/Edith/墨小孔实习/resband/resistance_band/LIB\libCH57xBLE.a(message.o)
                              ./HAL/MCU.o (tmos_msg_deallocate)
d:/BaiduSyncdisk/Edith/墨小孔实习/resband/resistance_band/LIB\libCH57xBLE.a(tmos.o)
                              ./Profile/battservice.o (tmos_memcpy)
d:/BaiduSyncdisk/Edith/墨小孔实习/resband/resistance_band/LIB\libCH57xBLE.a(tmos_hw.o)
                              d:/BaiduSyncdisk/Edith/墨小孔实习/resband/resistance_band/LIB\libCH57xBLE.a(tmos.o) (RTC_Get32KClock)
d:/BaiduSyncdisk/Edith/墨小孔实习/resband/resistance_band/LIB\libCH57xBLE.a(tmos_snv.o)
                              d:/BaiduSyncdisk/Edith/墨小孔实习/resband/resistance_band/LIB\libCH57xBLE.a(tmos.o) (tmos_snv_init)
d:/BaiduSyncdisk/Edith/墨小孔实习/resband/resistance_band/LIB\libCH57xBLE.a(gap.o)
                              ./APP/resband.o (GAP_GetParamValue)
d:/BaiduSyncdisk/Edith/墨小孔实习/resband/resistance_band/LIB\libCH57xBLE.a(gap_central.o)
                              d:/BaiduSyncdisk/Edith/墨小孔实习/resband/resistance_band/LIB\libCH57xBLE.a(gap.o) (GAP_CentralParamInit)
d:/BaiduSyncdisk/Edith/墨小孔实习/resband/resistance_band/LIB\libCH57xBLE.a(gap_peripheral.o)
                              d:/BaiduSyncdisk/Edith/墨小孔实习/resband/resistance_band/LIB\libCH57xBLE.a(gap.o) (GAP_PeripheralParamInit)
d:/BaiduSyncdisk/Edith/墨小孔实习/resband/resistance_band/LIB\libCH57xBLE.a(gapgattserver.o)
                              ./APP/resband.o (GGS_SetParameter)
d:/BaiduSyncdisk/Edith/墨小孔实习/resband/resistance_band/LIB\libCH57xBLE.a(gatt.o)
                              ./Profile/battservice.o (GATT_bm_alloc)
d:/BaiduSyncdisk/Edith/墨小孔实习/resband/resistance_band/LIB\libCH57xBLE.a(gatt_uuid.o)
                              ./Profile/battservice.o (reportRefUUID)
d:/BaiduSyncdisk/Edith/墨小孔实习/resband/resistance_band/LIB\libCH57xBLE.a(gattclientapp.o)
                              d:/BaiduSyncdisk/Edith/墨小孔实习/resband/resistance_band/LIB\libCH57xBLE.a(gatt.o) (gattGetClientStatus)
d:/BaiduSyncdisk/Edith/墨小孔实习/resband/resistance_band/LIB\libCH57xBLE.a(gattservapp.o)
                              ./Profile/battservice.o (GATTServApp_ReadCharCfg)
d:/BaiduSyncdisk/Edith/墨小孔实习/resband/resistance_band/LIB\libCH57xBLE.a(l2cap.o)
                              d:/BaiduSyncdisk/Edith/墨小孔实习/resband/resistance_band/LIB\libCH57xBLE.a(gatt.o) (L2CAP_GetMTU)
d:/BaiduSyncdisk/Edith/墨小孔实习/resband/resistance_band/LIB\libCH57xBLE.a(l2cap_input.o)
                              d:/BaiduSyncdisk/Edith/墨小孔实习/resband/resistance_band/LIB\libCH57xBLE.a(l2cap.o) (l2capProcessRxData)
d:/BaiduSyncdisk/Edith/墨小孔实习/resband/resistance_band/LIB\libCH57xBLE.a(l2cap_output.o)
                              d:/BaiduSyncdisk/Edith/墨小孔实习/resband/resistance_band/LIB\libCH57xBLE.a(l2cap_input.o) (l2capNotifyData)
d:/BaiduSyncdisk/Edith/墨小孔实习/resband/resistance_band/LIB\libCH57xBLE.a(l2cap_sdu.o)
                              d:/BaiduSyncdisk/Edith/墨小孔实习/resband/resistance_band/LIB\libCH57xBLE.a(l2cap_input.o) (l2capBuildDisconnectRsp)
d:/BaiduSyncdisk/Edith/墨小孔实习/resband/resistance_band/LIB\libCH57xBLE.a(linkdb.o)
                              d:/BaiduSyncdisk/Edith/墨小孔实习/resband/resistance_band/LIB\libCH57xBLE.a(l2cap.o) (linkDB_Init)
d:/BaiduSyncdisk/Edith/墨小孔实习/resband/resistance_band/LIB\libCH57xBLE.a(sm.o)
                              d:/BaiduSyncdisk/Edith/墨小孔实习/resband/resistance_band/LIB\libCH57xBLE.a(gap.o) (smStartEncryption)
d:/BaiduSyncdisk/Edith/墨小孔实习/resband/resistance_band/LIB\libCH57xBLE.a(host_input.o)
                              d:/BaiduSyncdisk/Edith/墨小孔实习/resband/resistance_band/LIB\libCH57xBLE.a(gap.o) (gBleHostPara)
d:/BaiduSyncdisk/Edith/墨小孔实习/resband/resistance_band/LIB\libCH57xBLE.a(host_output.o)
                              d:/BaiduSyncdisk/Edith/墨小孔实习/resband/resistance_band/LIB\libCH57xBLE.a(gap.o) (HCI_DisconnectCmd)
d:/BaiduSyncdisk/Edith/墨小孔实习/resband/resistance_band/LIB\libCH57xBLE.a(ll_connect.o)
                              d:/BaiduSyncdisk/Edith/墨小孔实习/resband/resistance_band/LIB\libCH57xBLE.a(tmos.o) (LL_GetNextConnectEventTime)
d:/BaiduSyncdisk/Edith/墨小孔实习/resband/resistance_band/LIB\libCH57xBLE.a(ll_core.o)
                              d:/BaiduSyncdisk/Edith/墨小孔实习/resband/resistance_band/LIB\libCH57xBLE.a(ll_connect.o) (LL_CoreGetCore)
d:/BaiduSyncdisk/Edith/墨小孔实习/resband/resistance_band/LIB\libCH57xBLE.a(ll_hop.o)
                              d:/BaiduSyncdisk/Edith/墨小孔实习/resband/resistance_band/LIB\libCH57xBLE.a(ll_connect.o) (LL_HopGetChannel)
d:/BaiduSyncdisk/Edith/墨小孔实习/resband/resistance_band/LIB\libCH57xBLE.a(ll_master.o)
                              d:/BaiduSyncdisk/Edith/墨小孔实习/resband/resistance_band/LIB\libCH57xBLE.a(gap_central.o) (LL_SetDataSendPriority)
[...]
Memory Configuration

Name             Origin             Length             Attributes
FLASH            0x0000000000000000 0x0000000000070000 xr
RAM              0x0000000020003800 0x0000000000004800 xrw
*default*        0x0000000000000000 0xffffffffffffffff

Linker script and memory map

LOAD ./StdPeriphDriver/CH57x_adc.o
LOAD ./StdPeriphDriver/CH57x_clk.o
LOAD ./StdPeriphDriver/CH57x_flash.o
LOAD ./StdPeriphDriver/CH57x_gpio.o
LOAD ./StdPeriphDriver/CH57x_pwr.o
LOAD ./StdPeriphDriver/CH57x_spi0.o
LOAD ./StdPeriphDriver/CH57x_sys.o
LOAD ./StdPeriphDriver/CH57x_uart1.o
LOAD ./Startup/startup_CH573.o
LOAD ./RVMSIS/core_riscv.o
LOAD ./Profile/battservice.o
LOAD ./Profile/devinfoservice.o
LOAD ./Profile/resbandservice.o
LOAD ./HAL/AS5600.o
LOAD ./HAL/LED.o
LOAD ./HAL/MCU.o
LOAD ./HAL/RTC.o
LOAD ./HAL/SLEEP.o
LOAD ./APP/OY8699.o
LOAD ./APP/resband.o
LOAD ./APP/resband_main.o
LOAD ./APP/tension.o
LOAD d:/BaiduSyncdisk/Edith/墨小孔实习/resband/SRC/StdPeriphDriver\libISP573.a
LOAD d:/BaiduSyncdisk/Edith/墨小孔实习/resband/resistance_band/LIB\libCH57xBLE.a
LOAD d:/lenovosoftstore/install/mounriver_studio2/resources/app/resources/win32/components/wch/toolchain/risc-v embedded gcc/bin/../lib/gcc/riscv-none-embed/8.2.0/../../../../riscv-none-embed/lib/rv32imac/ilp32\libm.a
LOAD d:/lenovosoftstore/install/mounriver_studio2/resources/app/resources/win32/components/wch/toolchain/risc-v embedded gcc/bin/../lib/gcc/riscv-none-embed/8.2.0/rv32imac/ilp32\libgcc.a
LOAD d:/lenovosoftstore/install/mounriver_studio2/resources/app/resources/win32/components/wch/toolchain/risc-v embedded gcc/bin/../lib/gcc/riscv-none-embed/8.2.0/../../../../riscv-none-embed/lib/rv32imac/ilp32\libg_nano.a
LOAD d:/lenovosoftstore/install/mounriver_studio2/resources/app/resources/win32/components/wch/toolchain/risc-v embedded gcc/bin/../lib/gcc/riscv-none-embed/8.2.0/../../../../riscv-none-embed/lib/rv32imac/ilp32\libc_nano.a
LOAD d:/lenovosoftstore/install/mounriver_studio2/resources/app/resources/win32/components/wch/toolchain/risc-v embedded gcc/bin/../lib/gcc/riscv-none-embed/8.2.0/rv32imac/ilp32\libgcc.a
START GROUP
LOAD d:/lenovosoftstore/install/mounriver_studio2/resources/app/resources/win32/components/wch/toolchain/risc-v embedded gcc/bin/../lib/gcc/riscv-none-embed/8.2.0/rv32imac/ilp32\libgcc.a
LOAD d:/lenovosoftstore/install/mounriver_studio2/resources/app/resources/win32/components/wch/toolchain/risc-v embedded gcc/bin/../lib/gcc/riscv-none-embed/8.2.0/../../../../riscv-none-embed/lib/rv32imac/ilp32\libc_nano.a
LOAD d:/lenovosoftstore/install/mounriver_studio2/resources/app/resources/win32/components/wch/toolchain/risc-v embedded gcc/bin/../lib/gcc/riscv-none-embed/8.2.0/../../../../riscv-none-embed/lib/rv32imac/ilp32\libnosys.a
END GROUP
START GROUP
LOAD d:/lenovosoftstore/install/mounriver_studio2/resources/app/resources/win32/components/wch/toolchain/risc-v embedded gcc/bin/../lib/gcc/riscv-none-embed/8.2.0/rv32imac/ilp32\libgcc.a
LOAD d:/lenovosoftstore/install/mounriver_studio2/resources/app/resources/win32/components/wch/toolchain/risc-v embedded gcc/bin/../lib/gcc/riscv-none-embed/8.2.0/../../../../riscv-none-embed/lib/rv32imac/ilp32\libc_nano.a
LOAD d:/lenovosoftstore/install/mounriver_studio2/resources/app/resources/win32/components/wch/toolchain/risc-v embedded gcc/bin/../lib/gcc/riscv-none-embed/8.2.0/../../../../riscv-none-embed/lib/rv32imac/ilp32\libnosys.a
END GROUP
                0x0000000000000200                __stack_size = 0x200
                [!provide]                        PROVIDE (_stack_size = __stack_size)

.init           0x0000000000000000        0x4
                0x0000000000000000                _sinit = .
                0x0000000000000000                . = ALIGN (0x4)
 *(SORT_NONE(.init))
 .init          0x0000000000000000        0x4 ./Startup/startup_CH573.o
                0x0000000000000000                _start
                0x0000000000000004                . = ALIGN (0x4)
                0x0000000000000004                _einit = .

.highcodelalign
                0x0000000000000004        0x0
                0x0000000000000004                . = ALIGN (0x4)
                0x0000000000000004                PROVIDE (_highcode_lma = .)

.highcode       0x0000000020003800     0x11c4 load address 0x0000000000000004
                0x0000000020003800                . = ALIGN (0x4)
                0x0000000020003800                PROVIDE (_highcode_vma_start = .)
 *(.vector)
 .vector        0x0000000020003800       0x90 ./Startup/startup_CH573.o
 *(SORT_NONE(.vector_handler))
 .vector_handler
                0x0000000020003890       0x2c ./Startup/startup_CH573.o
                0x0000000020003890                NMI_Handler
                0x0000000020003894                SysTick_Handler
                0x0000000020003896                SW_Handler
                0x0000000020003898                TMR0_IRQHandler
                0x000000002000389a                GPIOA_IRQHandler
                0x000000002000389c                GPIOB_IRQHandler
                0x000000002000389e                SPI0_IRQHandler
                0x00000000200038a0                BB_IRQHandler
                0x00000000200038a2                LLE_IRQHandler
                0x00000000200038a4                USB_IRQHandler
                0x00000000200038a6                TMR1_IRQHandler
                0x00000000200038a8                TMR2_IRQHandler
                0x00000000200038aa                UART0_IRQHandler
                0x00000000200038ac                UART1_IRQHandler
                0x00000000200038b0                ADC_IRQHandler
                0x00000000200038b2                PWMX_IRQHandler
                0x00000000200038b4                TMR3_IRQHandler
                0x00000000200038b6                UART2_IRQHandler
                0x00000000200038b8                UART3_IRQHandler
                0x00000000200038ba                WDOG_BAT_IRQHandler
 *(.highcode)
 .highcode      0x00000000200038bc       0x4e ./StdPeriphDriver/CH57x_clk.o
                0x00000000200038bc                Get_Calibration_Cnt_RAM
 .highcode      0x000000002000390a      0x1d0 ./StdPeriphDriver/CH57x_sys.o
                0x000000002000390a                SetSysClock
                0x0000000020003a22                SYS_ResetExecute
                0x0000000020003a5e                HardFault_Handler
                0x0000000020003aa4                mDelayuS
                0x0000000020003ab2                mDelaymS
 .highcode      0x0000000020003ada       0x16 ./HAL/RTC.o
                0x0000000020003ada                RTC_IRQHandler
 .highcode      0x0000000020003af0        0x8 ./APP/resband_main.o
                0x0000000020003af0                Main_Circulation
 .highcode      0x0000000020003af8      0x3fa d:/BaiduSyncdisk/Edith/墨小孔实习/resband/SRC/StdPeriphDriver\libISP573.a(ISP573.o)
                0x0000000020003af8                FLASH_ROM_BEG
                0x0000000020003b08                FLASH_ROM_END
                0x0000000020003b16                FLASH_ROM_IN
                0x0000000020003b24                FLASH_ROM_OUT
                0x0000000020003b32                FLASH_ROM_ADDR
                0x0000000020003b7a                FLASH_ROM_WAIT
                0x0000000020003bb2                FLASH_EEPROM_CMD
 .highcode      0x0000000020003ef2      0x230 d:/BaiduSyncdisk/Edith/墨小孔实习/resband/resistance_band/LIB\libCH57xBLE.a(tmos.o)
                0x0000000020003f0e                tmos_memcpy
                0x0000000020003f2e                tmos_memcpy_word
                0x0000000020003f4a                TMOS_SystemProcess
 .highcode      0x0000000020004122       0xc2 d:/BaiduSyncdisk/Edith/墨小孔实习/resband/resistance_band/LIB\libCH57xBLE.a(tmos_hw.o)
                0x0000000020004122                BLE_GetHSEClock
                0x0000000020004160                RTC_Get32KClock
                0x0000000020004178                SYS_GetTickCount
 .highcode      0x00000000200041e4      0x138 d:/BaiduSyncdisk/Edith/墨小孔实习/resband/resistance_band/LIB\libCH57xBLE.a(ll_connect.o)
                0x00000000200041e4                ll_connect_process_data
                0x0000000020004232                ll_connect_event_continue
 .highcode      0x000000002000431c      0x1c4 d:/BaiduSyncdisk/Edith/墨小孔实习/resband/resistance_band/LIB\libCH57xBLE.a(bb.o)
                0x000000002000431c                BB_IRQLibHandler
                0x0000000020004496                BB_IRQLibFunction
 .highcode      0x00000000200044e0      0x156 d:/BaiduSyncdisk/Edith/墨小孔实习/resband/resistance_band/LIB\libCH57xBLE.a(ip.o)
                0x00000000200044e0                ll_tx_wait_finish
                0x000000002000450c                ll_tx_wait_tx_dma_finish
                0x0000000020004546                ll_rx_wait_finish
                0x000000002000457c                ll_rx_wait_tx_dma_finish
                0x00000000200045ac                ble_ll_chkcrc
 .highcode      0x0000000020004636      0x1a4 d:/BaiduSyncdisk/Edith/墨小孔实习/resband/resistance_band/LIB\libCH57xBLE.a(lle.o)
                0x0000000020004636                LLE_IRQLibHandler
                0x0000000020004790                LLE_IRQLibFunction
 .highcode      0x00000000200047da       0x82 d:/BaiduSyncdisk/Edith/墨小孔实习/resband/resistance_band/LIB\libCH57xBLE.a(rf_fh.o)
                0x00000000200047da                RF_HopGetChannel
 .highcode      0x000000002000485c       0x2c d:/BaiduSyncdisk/Edith/墨小孔实习/resband/resistance_band/LIB\libCH57xBLE.a(rfend.o)
                0x000000002000485c                RFEND_WaitTune
 .highcode      0x0000000020004888      0x13a d:/BaiduSyncdisk/Edith/墨小孔实习/resband/resistance_band/LIB\libCH57xBLE.a(memory.o)
                0x0000000020004888                tmos_memory_allocate
                0x0000000020004922                tmos_memory_free
 *(.highcode.*)
                0x00000000200049c4                . = ALIGN (0x4)
 *fill*         0x00000000200049c2        0x2 
                0x00000000200049c4                PROVIDE (_highcode_vma_end = .)

.text           0x00000000000011c8    0x1b3a0
                0x00000000000011c8                . = ALIGN (0x4)
 *(SORT_NONE(.handle_reset))
 .handle_reset  0x00000000000011c8       0xce ./Startup/startup_CH573.o
                0x00000000000011c8                handle_reset
 *(.text)
 *(.text.*)
 .text.ADC_InterTSSampInit
                0x0000000000001296       0x28 ./StdPeriphDriver/CH57x_adc.o
                0x0000000000001296                ADC_InterTSSampInit
 .text.Calibration_LSI_FLASH
                0x00000000000012be      0x290 ./StdPeriphDriver/CH57x_clk.o
                0x00000000000012be                Calibration_LSI_FLASH
 .text.Calibration_LSI_RAM
                0x000000000000154e      0x246 ./StdPeriphDriver/CH57x_clk.o
                0x000000000000154e                Calibration_LSI_RAM
 .text.RTC_InitTime
                0x0000000000001794      0x138 ./StdPeriphDriver/CH57x_clk.o
                0x0000000000001794                RTC_InitTime
 .text.GPIOB_ModeCfg
                0x00000000000018cc       0xa6 ./StdPeriphDriver/CH57x_gpio.o
                0x00000000000018cc                GPIOB_ModeCfg
 .text.SYS_GetSysTickCnt
                0x0000000000001972        0xa ./StdPeriphDriver/CH57x_sys.o
                0x0000000000001972                SYS_GetSysTickCnt
 .text.battMeasure
                0x000000000000197c       0x7c ./Profile/battservice.o
 .text.battWriteAttrCB
                0x00000000000019f8       0x5e ./Profile/battservice.o
 .text.battReadAttrCB
                0x0000000000001a56       0x7e ./Profile/battservice.o
 .text.battNotifyCB
                0x0000000000001ad4       0x76 ./Profile/battservice.o
 .text.Batt_AddService
                0x0000000000001b4a       0x2c ./Profile/battservice.o
                0x0000000000001b4a                Batt_AddService
 .text.Batt_Register
                0x0000000000001b76        0x6 ./Profile/battservice.o
                0x0000000000001b76                Batt_Register
 .text.Batt_SetParameter
                0x0000000000001b7c       0x3a ./Profile/battservice.o
                0x0000000000001b7c                Batt_SetParameter
 .text.Batt_MeasLevel
                0x0000000000001bb6       0x2e ./Profile/battservice.o
                0x0000000000001bb6                Batt_MeasLevel
 .text.Batt_HandleConnStatusCB
                0x0000000000001be4       0x3e ./Profile/battservice.o
                0x0000000000001be4                Batt_HandleConnStatusCB
 .text.devInfo_ReadAttrCB
                0x0000000000001c22      0x196 ./Profile/devinfoservice.o
 .text.DevInfo_AddService
                0x0000000000001db8       0x18 ./Profile/devinfoservice.o
                0x0000000000001db8                DevInfo_AddService
 .text.DevInfo_SetParameter
                0x0000000000001dd0       0x24 ./Profile/devinfoservice.o
                0x0000000000001dd0                DevInfo_SetParameter
 .text.resBand_ReadAttrCB
                0x0000000000001df4        0xa ./Profile/resbandservice.o
 .text.resBand_WriteAttrCB
                0x0000000000001dfe       0xac ./Profile/resbandservice.o
 .text.ResBand_AddService
                0x0000000000001eaa       0x40 ./Profile/resbandservice.o
                0x0000000000001eaa                ResBand_AddService
 .text.ResBand_Register
                0x0000000000001eea        0x6 ./Profile/resbandservice.o
                0x0000000000001eea                ResBand_Register
 .text.ResBand_MeasNotify
                0x0000000000001ef0       0x46 ./Profile/resbandservice.o
                0x0000000000001ef0                ResBand_MeasNotify
 .text.ResBand_HandleConnStatusCB
                0x0000000000001f36       0x3e ./Profile/resbandservice.o
                0x0000000000001f36                ResBand_HandleConnStatusCB
 .text.HalLedBlink.part.2
                0x0000000000001f74       0x9c ./HAL/LED.o
 .text.HalLedOnOff
                0x0000000000002010       0x46 ./HAL/LED.o
                0x0000000000002010                HalLedOnOff
 .text.HalLedSet.part.1
                0x0000000000002056       0x56 ./HAL/LED.o
 .text.HalLedBlink
                0x00000000000020ac       0x1c ./HAL/LED.o
                0x00000000000020ac                HalLedBlink
 .text.HalLedSet
                0x00000000000020c8       0x44 ./HAL/LED.o
                0x00000000000020c8                HalLedSet
 .text.HAL_LedInit
                0x000000000000210c       0x32 ./HAL/LED.o
                0x000000000000210c                HAL_LedInit
 .text.HalLedUpdate
                0x000000000000213e      0x16c ./HAL/LED.o
                0x000000000000213e                HalLedUpdate
 .text.Lib_Calibration_LSI
                0x00000000000022aa       0x30 ./HAL/MCU.o
                0x00000000000022aa                Lib_Calibration_LSI
 .text.Lib_Read_Flash
                0x00000000000022da       0x1c ./HAL/MCU.o
                0x00000000000022da                Lib_Read_Flash
 .text.Lib_Write_Flash
                0x00000000000022f6       0x40 ./HAL/MCU.o
                0x00000000000022f6                Lib_Write_Flash
 .text.HAL_GetInterTempValue
                0x0000000000002336       0x72 ./HAL/MCU.o
                0x0000000000002336                HAL_GetInterTempValue
 .text.HAL_ProcessEvent
                0x00000000000023a8       0x76 ./HAL/MCU.o
                0x00000000000023a8                HAL_ProcessEvent
 .text.CH57X_BLEInit
                0x000000000000241e      0x112 ./HAL/MCU.o
                0x000000000000241e                CH57X_BLEInit
 .text.HAL_Init
                0x0000000000002530       0x36 ./HAL/MCU.o
                0x0000000000002530                HAL_Init
 .text.HAL_TimeInit
                0x0000000000002566       0x66 ./HAL/RTC.o
                0x0000000000002566                HAL_TimeInit
 .text.OY_Serial_Resync
                0x00000000000025cc       0x46 ./APP/OY8699.o
                0x00000000000025cc                OY_Serial_Resync
 .text.OY_SPI_Init
                0x0000000000002612       0x32 ./APP/OY8699.o
                0x0000000000002612                OY_SPI_Init
 .text.OY_Read_Reg
                0x0000000000002644      0x104 ./APP/OY8699.o
                0x0000000000002644                OY_Read_Reg
 .text.ResBandGapStateCB
                0x0000000000002748      0x128 ./APP/resband.o
 .text.resBandBattCB
                0x0000000000002870       0x34 ./APP/resband.o
 .text.resBandCB
                0x00000000000028a4       0x64 ./APP/resband.o
 .text.ResBand_ProcessEvent
                0x0000000000002908      0x158 ./APP/resband.o
                0x0000000000002908                ResBand_ProcessEvent
 .text.ResBand_Init
                0x0000000000002a60      0x118 ./APP/resband.o
                0x0000000000002a60                ResBand_Init
 .text.startup.main
                0x0000000000002b78       0x42 ./APP/resband_main.o
                0x0000000000002b78                main
 .text.tmos_msg_enqueue
                0x0000000000002bba       0x1e d:/BaiduSyncdisk/Edith/墨小孔实习/resband/resistance_band/LIB\libCH57xBLE.a(message.o)
                0x0000000000002bba                tmos_msg_enqueue
 .text.tmos_msg_deallocate
                0x0000000000002bd8       0x2c d:/BaiduSyncdisk/Edith/墨小孔实习/resband/resistance_band/LIB\libCH57xBLE.a(message.o)
                0x0000000000002bd8                tmos_msg_deallocate
 .text.tmos_msg_allocate
                0x0000000000002c04       0x3e d:/BaiduSyncdisk/Edith/墨小孔实习/resband/resistance_band/LIB\libCH57xBLE.a(message.o)
                0x0000000000002c04                tmos_msg_allocate
 .text.tmos_msg_receive
                0x0000000000002c42       0x68 d:/BaiduSyncdisk/Edith/墨小孔实习/resband/resistance_band/LIB\libCH57xBLE.a(message.o)
                0x0000000000002c42                tmos_msg_receive
 .text.tmos_msg_send
                0x0000000000002caa       0x56 d:/BaiduSyncdisk/Edith/墨小孔实习/resband/resistance_band/LIB\libCH57xBLE.a(message.o)
                0x0000000000002caa                tmos_msg_send
 .text.tmos_msg_init
                0x0000000000002d00        0x6 d:/BaiduSyncdisk/Edith/墨小孔实习/resband/resistance_band/LIB\libCH57xBLE.a(message.o)
                0x0000000000002d00                tmos_msg_init
 .text.tmosFindTask
                0x0000000000002d06       0x20 d:/BaiduSyncdisk/Edith/墨小孔实习/resband/resistance_band/LIB\libCH57xBLE.a(tmos.o)
 .text.TMOS_CbTimerProcessEvent
                0x0000000000002d26       0x7c d:/BaiduSyncdisk/Edith/墨小孔实习/resband/resistance_band/LIB\libCH57xBLE.a(tmos.o)
                0x0000000000002d26                TMOS_CbTimerProcessEvent
 .text.tmos_rand
                0x0000000000002da2       0x54 d:/BaiduSyncdisk/Edith/墨小孔实习/resband/resistance_band/LIB\libCH57xBLE.a(tmos.o)
                0x0000000000002da2                tmos_rand
 .text.tmos_query_sleep_time
                0x0000000000002df6      0x178 d:/BaiduSyncdisk/Edith/墨小孔实习/resband/resistance_band/LIB\libCH57xBLE.a(tmos.o)
                0x0000000000002df6                tmos_query_sleep_time
 .text.tmos_memset
                0x0000000000002f6e       0x12 d:/BaiduSyncdisk/Edith/墨小孔实习/resband/resistance_band/LIB\libCH57xBLE.a(tmos.o)
                0x0000000000002f6e                tmos_memset
 .text.tmos_strlen
                0x0000000000002f80       0x14 d:/BaiduSyncdisk/Edith/墨小孔实习/resband/resistance_band/LIB\libCH57xBLE.a(tmos.o)
                0x0000000000002f80                tmos_strlen
 .text.tmos_memdup
                0x0000000000002f94       0x3c d:/BaiduSyncdisk/Edith/墨小孔实习/resband/resistance_band/LIB\libCH57xBLE.a(tmos.o)
                0x0000000000002f94                tmos_memdup
 .text.tmos_memcmp
                0x0000000000002fd0       0x24 d:/BaiduSyncdisk/Edith/墨小孔实习/resband/resistance_band/LIB\libCH57xBLE.a(tmos.o)
                0x0000000000002fd0                tmos_memcmp
 .text.tmos_revmemcpy
                0x0000000000002ff4       0x1c d:/BaiduSyncdisk/Edith/墨小孔实习/resband/resistance_band/LIB\libCH57xBLE.a(tmos.o)
                0x0000000000002ff4                tmos_revmemcpy
 .text.tmos_isbufset
                0x0000000000003010       0x1e d:/BaiduSyncdisk/Edith/墨小孔实习/resband/resistance_band/LIB\libCH57xBLE.a(tmos.o)
                0x0000000000003010                tmos_isbufset
 .text.TMOS_GetSystemClock
                0x000000000000302e        0xc d:/BaiduSyncdisk/Edith/墨小孔实习/resband/resistance_band/LIB\libCH57xBLE.a(tmos.o)
                0x000000000000302e                TMOS_GetSystemClock
 .text.tmos_set_event
                0x000000000000303a       0x2a d:/BaiduSyncdisk/Edith/墨小孔实习/resband/resistance_band/LIB\libCH57xBLE.a(tmos.o)
                0x000000000000303a                tmos_set_event
 .text.tmos_query_system_time
                0x0000000000003064       0xce d:/BaiduSyncdisk/Edith/墨小孔实习/resband/resistance_band/LIB\libCH57xBLE.a(tmos.o)
                0x0000000000003064                tmos_query_system_time
 .text.tmos_clear_event
                0x0000000000003132       0x2e d:/BaiduSyncdisk/Edith/墨小孔实习/resband/resistance_band/LIB\libCH57xBLE.a(tmos.o)
                0x0000000000003132                tmos_clear_event
 .text.tmos_start_task
                0x0000000000003160       0x8e d:/BaiduSyncdisk/Edith/墨小孔实习/resband/resistance_band/LIB\libCH57xBLE.a(tmos.o)
                0x0000000000003160                tmos_start_task
 .text.tmos_start_callback_task
                0x00000000000031ee       0xac d:/BaiduSyncdisk/Edith/墨小孔实习/resband/resistance_band/LIB\libCH57xBLE.a(tmos.o)
                0x00000000000031ee                tmos_start_callback_task
 .text.tmos_start_reload_task
                0x000000000000329a       0x30 d:/BaiduSyncdisk/Edith/墨小孔实习/resband/resistance_band/LIB\libCH57xBLE.a(tmos.o)
                0x000000000000329a                tmos_start_reload_task
 .text.tmos_stop_task
                0x00000000000032ca       0x42 d:/BaiduSyncdisk/Edith/墨小孔实习/resband/resistance_band/LIB\libCH57xBLE.a(tmos.o)
                0x00000000000032ca                tmos_stop_task
 .text.tmos_stop_callback_task
                0x000000000000330c       0x5c d:/BaiduSyncdisk/Edith/墨小孔实习/resband/resistance_band/LIB\libCH57xBLE.a(tmos.o)
                0x000000000000330c                tmos_stop_callback_task
 .text.tmos_get_task_timer
                0x0000000000003368       0x16 d:/BaiduSyncdisk/Edith/墨小孔实习/resband/resistance_band/LIB\libCH57xBLE.a(tmos.o)
                0x0000000000003368                tmos_get_task_timer
 .text.tmos_update_callback_timer
                0x000000000000337e       0x62 d:/BaiduSyncdisk/Edith/墨小孔实习/resband/resistance_band/LIB\libCH57xBLE.a(tmos.o)
                0x000000000000337e                tmos_update_callback_timer
 .text.TMOS_Set32KTuneValue
                0x00000000000033e0        0xa d:/BaiduSyncdisk/Edith/墨小孔实习/resband/resistance_band/LIB\libCH57xBLE.a(tmos.o)
                0x00000000000033e0                TMOS_Set32KTuneValue
 .text.TMOS_TimerRegister
                0x00000000000033ea       0x1a d:/BaiduSyncdisk/Edith/墨小孔实习/resband/resistance_band/LIB\libCH57xBLE.a(tmos.o)
                0x00000000000033ea                TMOS_TimerRegister
 .text.TMOS_ProcessRegister
                0x0000000000003404       0x16 d:/BaiduSyncdisk/Edith/墨小孔实习/resband/resistance_band/LIB\libCH57xBLE.a(tmos.o)
                0x0000000000003404                TMOS_ProcessRegister
 .text.TMOS_Init
                0x000000000000341a       0xe6 d:/BaiduSyncdisk/Edith/墨小孔实习/resband/resistance_band/LIB\libCH57xBLE.a(tmos.o)
                0x000000000000341a                TMOS_Init
 .text.TMOS_ProcessEventRegister
                0x0000000000003500       0x38 d:/BaiduSyncdisk/Edith/墨小孔实习/resband/resistance_band/LIB\libCH57xBLE.a(tmos.o)
                0x0000000000003500                TMOS_ProcessEventRegister
 .text.BLE_LibInit
                0x0000000000003538      0x1aa d:/BaiduSyncdisk/Edith/墨小孔实习/resband/resistance_band/LIB\libCH57xBLE.a(tmos.o)
                0x0000000000003538                BLE_LibInit
 .text.ble_ll_common_rand8
                0x00000000000036e2       0x24 d:/BaiduSyncdisk/Edith/墨小孔实习/resband/resistance_band/LIB\libCH57xBLE.a(tmos_hw.o)
                0x00000000000036e2                ble_ll_common_rand8
 .text.ble_ll_common_rand16
                0x0000000000003706       0x24 d:/BaiduSyncdisk/Edith/墨小孔实习/resband/resistance_band/LIB\libCH57xBLE.a(tmos_hw.o)
                0x0000000000003706                ble_ll_common_rand16
 .text.ble_ll_common_rand32
                0x000000000000372a       0x20 d:/BaiduSyncdisk/Edith/墨小孔实习/resband/resistance_band/LIB\libCH57xBLE.a(tmos_hw.o)
                0x000000000000372a                ble_ll_common_rand32
 .text.ll_hw_temp_sample
                0x000000000000374a       0xc0 d:/BaiduSyncdisk/Edith/墨小孔实习/resband/resistance_band/LIB\libCH57xBLE.a(tmos_hw.o)
                0x000000000000374a                ll_hw_temp_sample
 .text.TMOS_TimerInit
                0x000000000000380a       0x5c d:/BaiduSyncdisk/Edith/墨小孔实习/resband/resistance_band/LIB\libCH57xBLE.a(tmos_hw.o)
                0x000000000000380a                TMOS_TimerInit
 .text.tmos_snv_init
                0x0000000000003866       0xbc d:/BaiduSyncdisk/Edith/墨小孔实习/resband/resistance_band/LIB\libCH57xBLE.a(tmos_snv.o)
                0x0000000000003866                tmos_snv_init
 .text.tmos_snv_clear
                0x0000000000003922       0xae d:/BaiduSyncdisk/Edith/墨小孔实习/resband/resistance_band/LIB\libCH57xBLE.a(tmos_snv.o)
                0x0000000000003922                tmos_snv_clear
 .text.tmos_snv_read
                0x00000000000039d0      0x292 d:/BaiduSyncdisk/Edith/墨小孔实习/resband/resistance_band/LIB\libCH57xBLE.a(tmos_snv.o)
                0x00000000000039d0                tmos_snv_read
 .text.tmos_snv_notify
                0x0000000000003c62       0x5a d:/BaiduSyncdisk/Edith/墨小孔实习/resband/resistance_band/LIB\libCH57xBLE.a(tmos_snv.o)
                0x0000000000003c62                tmos_snv_notify
 .text.tmos_snv_write
                0x0000000000003cbc      0x2ce d:/BaiduSyncdisk/Edith/墨小孔实习/resband/resistance_band/LIB\libCH57xBLE.a(tmos_snv.o)
                0x0000000000003cbc                tmos_snv_write
 .text.tmos_snv_compact
                0x0000000000003f8a        0x4 d:/BaiduSyncdisk/Edith/墨小孔实习/resband/resistance_band/LIB\libCH57xBLE.a(tmos_snv.o)
                0x0000000000003f8a                tmos_snv_compact
 .text.disconnectNext
                0x0000000000003f8e       0x22 d:/BaiduSyncdisk/Edith/墨小孔实习/resband/resistance_band/LIB\libCH57xBLE.a(gap.o)
 .text.GAP_ParamInit
                0x0000000000003fb0       0x88 d:/BaiduSyncdisk/Edith/墨小孔实习/resband/resistance_band/LIB\libCH57xBLE.a(gap.o)
                0x0000000000003fb0                GAP_ParamInit
 .text.sendTerminateEvent
                0x0000000000004038       0x58 d:/BaiduSyncdisk/Edith/墨小孔实习/resband/resistance_band/LIB\libCH57xBLE.a(gap.o)
                0x0000000000004038                sendTerminateEvent
 .text.gapRegisterCentral
                0x0000000000004090        0x6 d:/BaiduSyncdisk/Edith/墨小孔实习/resband/resistance_band/LIB\libCH57xBLE.a(gap.o)
                0x0000000000004090                gapRegisterCentral
 .text.gapRegisterCentralConn
                0x0000000000004096        0x6 d:/BaiduSyncdisk/Edith/墨小孔实习/resband/resistance_band/LIB\libCH57xBLE.a(gap.o)
                0x0000000000004096                gapRegisterCentralConn
 .text.gapRegisterPeripheral
                0x000000000000409c        0x6 d:/BaiduSyncdisk/Edith/墨小孔实习/resband/resistance_band/LIB\libCH57xBLE.a(gap.o)
                0x000000000000409c                gapRegisterPeripheral
 .text.gapRegisterPeripheralConn
                0x00000000000040a2        0x6 d:/BaiduSyncdisk/Edith/墨小孔实习/resband/resistance_band/LIB\libCH57xBLE.a(gap.o)
                0x00000000000040a2                gapRegisterPeripheralConn
 .text.smGenerateRandBuf
                0x00000000000040a8       0x56 d:/BaiduSyncdisk/Edith/墨小孔实习/resband/resistance_band/LIB\libCH57xBLE.a(gap.o)
                0x00000000000040a8                smGenerateRandBuf
 .text.gapL2capConnParamUpdateReq
                0x00000000000040fe       0x32 d:/BaiduSyncdisk/Edith/墨小孔实习/resband/resistance_band/LIB\libCH57xBLE.a(gap.o)
                0x00000000000040fe                gapL2capConnParamUpdateReq
 .text.gapValidADType
                0x0000000000004130       0x16 d:/BaiduSyncdisk/Edith/墨小孔实习/resband/resistance_band/LIB\libCH57xBLE.a(gap.o)
                0x0000000000004130                gapValidADType
 .text.gapFindADType
                0x0000000000004146       0x8e d:/BaiduSyncdisk/Edith/墨小孔实习/resband/resistance_band/LIB\libCH57xBLE.a(gap.o)
                0x0000000000004146                gapFindADType
 .text.GAP_SecParamsInit
                0x00000000000041d4       0x9a d:/BaiduSyncdisk/Edith/墨小孔实习/resband/resistance_band/LIB\libCH57xBLE.a(gap.o)
                0x00000000000041d4                GAP_SecParamsInit
 .text.GAP_ParamsInit
                0x000000000000426e       0x48 d:/BaiduSyncdisk/Edith/墨小孔实习/resband/resistance_band/LIB\libCH57xBLE.a(gap.o)
                0x000000000000426e                GAP_ParamsInit
 .text.gapAddAddrAdj
                0x00000000000042b6       0x48 d:/BaiduSyncdisk/Edith/墨小孔实习/resband/resistance_band/LIB\libCH57xBLE.a(gap.o)
                0x00000000000042b6                gapAddAddrAdj
 .text.gapDetermineAddrType
                0x00000000000042fe       0x28 d:/BaiduSyncdisk/Edith/墨小孔实习/resband/resistance_band/LIB\libCH57xBLE.a(gap.o)
                0x00000000000042fe                gapDetermineAddrType
 .text.gapFreeAuthLink
                0x0000000000004326       0x4a d:/BaiduSyncdisk/Edith/墨小孔实习/resband/resistance_band/LIB\libCH57xBLE.a(gap.o)
                0x0000000000004326                gapFreeAuthLink
 .text.gapGetDevAddress
                0x0000000000004370       0x24 d:/BaiduSyncdisk/Edith/墨小孔实习/resband/resistance_band/LIB\libCH57xBLE.a(gap.o)
                0x0000000000004370                gapGetDevAddress
 .text.gapGetDevAddressMode
                0x0000000000004394        0xa d:/BaiduSyncdisk/Edith/墨小孔实习/resband/resistance_band/LIB\libCH57xBLE.a(gap.o)
                0x0000000000004394                gapGetDevAddressMode
 .text.gapGetIRK
                0x000000000000439e        0xc d:/BaiduSyncdisk/Edith/墨小孔实习/resband/resistance_band/LIB\libCH57xBLE.a(gap.o)
                0x000000000000439e                gapGetIRK
 .text.gapGetSRK
                0x00000000000043aa        0xc d:/BaiduSyncdisk/Edith/墨小孔实习/resband/resistance_band/LIB\libCH57xBLE.a(gap.o)
                0x00000000000043aa                gapGetSRK
 .text.gapGetSignCounter
                0x00000000000043b6        0xe d:/BaiduSyncdisk/Edith/墨小孔实习/resband/resistance_band/LIB\libCH57xBLE.a(gap.o)
                0x00000000000043b6                gapGetSignCounter
 .text.gapIncSignCounter
                0x00000000000043c4       0x28 d:/BaiduSyncdisk/Edith/墨小孔实习/resband/resistance_band/LIB\libCH57xBLE.a(gap.o)
                0x00000000000043c4                gapIncSignCounter
 .text.gapProcessConnEvt
                0x00000000000043ec       0x48 d:/BaiduSyncdisk/Edith/墨小孔实习/resband/resistance_band/LIB\libCH57xBLE.a(gap.o)
                0x00000000000043ec                gapProcessConnEvt
 .text.gapProcessDisconnectCompleteEvt
                0x0000000000004434       0xa8 d:/BaiduSyncdisk/Edith/墨小孔实习/resband/resistance_band/LIB\libCH57xBLE.a(gap.o)
                0x0000000000004434                gapProcessDisconnectCompleteEvt
 .text.sendAuthEvent
                0x00000000000044dc      0x11a d:/BaiduSyncdisk/Edith/墨小孔实习/resband/resistance_band/LIB\libCH57xBLE.a(gap.o)
                0x00000000000044dc                sendAuthEvent
 .text.gapSendBondCompleteEvent
                0x00000000000045f6       0x70 d:/BaiduSyncdisk/Edith/墨小孔实习/resband/resistance_band/LIB\libCH57xBLE.a(gap.o)
                0x00000000000045f6                gapSendBondCompleteEvent
 .text.gapSendPairingReqEvent
                0x0000000000004666       0x92 d:/BaiduSyncdisk/Edith/墨小孔实习/resband/resistance_band/LIB\libCH57xBLE.a(gap.o)
                0x0000000000004666                gapSendPairingReqEvent
 .text.gapSendSlaveSecurityReqEvent
                0x00000000000046f8       0x68 d:/BaiduSyncdisk/Edith/墨小孔实习/resband/resistance_band/LIB\libCH57xBLE.a(gap.o)
                0x00000000000046f8                gapSendSlaveSecurityReqEvent
 .text.gapSendDeviceInitDoneEvent
                0x0000000000004760       0x88 d:/BaiduSyncdisk/Edith/墨小孔实习/resband/resistance_band/LIB\libCH57xBLE.a(gap.o)
                0x0000000000004760                gapSendDeviceInitDoneEvent
 .text.gapSendLinkUpdateEvent
                0x00000000000047e8       0x84 d:/BaiduSyncdisk/Edith/墨小孔实习/resband/resistance_band/LIB\libCH57xBLE.a(gap.o)
                0x00000000000047e8                gapSendLinkUpdateEvent
 .text.gapSendEstLinkEvent
                0x000000000000486c       0xb8 d:/BaiduSyncdisk/Edith/墨小孔实习/resband/resistance_band/LIB\libCH57xBLE.a(gap.o)
                0x000000000000486c                gapSendEstLinkEvent
 .text.gapProcessNewAddr
                0x0000000000004924       0x3e d:/BaiduSyncdisk/Edith/墨小孔实习/resband/resistance_band/LIB\libCH57xBLE.a(gap.o)
                0x0000000000004924                gapProcessNewAddr
 .text.gapProcessRandomAddrComplete
                0x0000000000004962       0xb6 d:/BaiduSyncdisk/Edith/墨小孔实习/resband/resistance_band/LIB\libCH57xBLE.a(gap.o)
                0x0000000000004962                gapProcessRandomAddrComplete
 .text.GAP_Authenticate
                0x0000000000004a18       0xd2 d:/BaiduSyncdisk/Edith/墨小孔实习/resband/resistance_band/LIB\libCH57xBLE.a(gap.o)
                0x0000000000004a18                GAP_Authenticate
 .text.GAP_Bond
                0x0000000000004aea       0xa2 d:/BaiduSyncdisk/Edith/墨小孔实习/resband/resistance_band/LIB\libCH57xBLE.a(gap.o)
                0x0000000000004aea                GAP_Bond
 .text.GAP_GetParamValue
                0x0000000000004b8c       0x1e d:/BaiduSyncdisk/Edith/墨小孔实习/resband/resistance_band/LIB\libCH57xBLE.a(gap.o)
                0x0000000000004b8c                GAP_GetParamValue
 .text.GAP_PasscodeUpdate
                0x0000000000004baa       0x50 d:/BaiduSyncdisk/Edith/墨小孔实习/resband/resistance_band/LIB\libCH57xBLE.a(gap.o)
                0x0000000000004baa                GAP_PasscodeUpdate
 .text.GAP_RegisterForMsgs
                0x0000000000004bfa        0x6 d:/BaiduSyncdisk/Edith/墨小孔实习/resband/resistance_band/LIB\libCH57xBLE.a(gap.o)
                0x0000000000004bfa                GAP_RegisterForMsgs
 .text.GAP_ResolvePrivateAddr
                0x0000000000004c00        0x4 d:/BaiduSyncdisk/Edith/墨小孔实习/resband/resistance_band/LIB\libCH57xBLE.a(gap.o)
                0x0000000000004c00                GAP_ResolvePrivateAddr
 .text.gapPairingCompleteCB
                0x0000000000004c04      0x188 d:/BaiduSyncdisk/Edith/墨小孔实习/resband/resistance_band/LIB\libCH57xBLE.a(gap.o)
                0x0000000000004c04                gapPairingCompleteCB
 .text.gapPasskeyNeededCB
                0x0000000000004d8c       0x8e d:/BaiduSyncdisk/Edith/墨小孔实习/resband/resistance_band/LIB\libCH57xBLE.a(gap.o)
                0x0000000000004d8c                gapPasskeyNeededCB
 .text.gapFreeEstLink
                0x0000000000004e1a       0x20 d:/BaiduSyncdisk/Edith/墨小孔实习/resband/resistance_band/LIB\libCH57xBLE.a(gap.o)
                0x0000000000004e1a                gapFreeEstLink
 .text.gapUpdateConnSignCounter
                0x0000000000004e3a       0x7a d:/BaiduSyncdisk/Edith/墨小孔实习/resband/resistance_band/LIB\libCH57xBLE.a(gap.o)
                0x0000000000004e3a                gapUpdateConnSignCounter
 .text.GAP_SendSlaveSecurityRequest
                0x0000000000004eb4       0x4c d:/BaiduSyncdisk/Edith/墨小孔实习/resband/resistance_band/LIB\libCH57xBLE.a(gap.o)
                0x0000000000004eb4                GAP_SendSlaveSecurityRequest
 .text.GAP_Signable
                0x0000000000004f00       0x66 d:/BaiduSyncdisk/Edith/墨小孔实习/resband/resistance_band/LIB\libCH57xBLE.a(gap.o)
                0x0000000000004f00                GAP_Signable
 .text.GAP_TerminateAuth
                0x0000000000004f66       0x2a d:/BaiduSyncdisk/Edith/墨小孔实习/resband/resistance_band/LIB\libCH57xBLE.a(gap.o)
                0x0000000000004f66                GAP_TerminateAuth
 .text.GAP_NumActiveConnections
                0x0000000000004f90        0x4 d:/BaiduSyncdisk/Edith/墨小孔实习/resband/resistance_band/LIB\libCH57xBLE.a(gap.o)
                0x0000000000004f90                GAP_NumActiveConnections
 .text.GAP_TerminateLinkReq
                0x0000000000004f94       0x8e d:/BaiduSyncdisk/Edith/墨小孔实习/resband/resistance_band/LIB\libCH57xBLE.a(gap.o)
                0x0000000000004f94                GAP_TerminateLinkReq
 .text.GAP_SetParamValue
                0x0000000000005022       0x4a d:/BaiduSyncdisk/Edith/墨小孔实习/resband/resistance_band/LIB\libCH57xBLE.a(gap.o)
                0x0000000000005022                GAP_SetParamValue
 .text.GAP_Init
                0x000000000000506c       0x44 d:/BaiduSyncdisk/Edith/墨小孔实习/resband/resistance_band/LIB\libCH57xBLE.a(gap.o)
                0x000000000000506c                GAP_Init
 .text.GAP_ProcessEvent
                0x00000000000050b0      0x57e d:/BaiduSyncdisk/Edith/墨小孔实习/resband/resistance_band/LIB\libCH57xBLE.a(gap.o)
                0x00000000000050b0                GAP_ProcessEvent
 .text.gapSendScanEnable
                0x000000000000562e       0x1e d:/BaiduSyncdisk/Edith/墨小孔实习/resband/resistance_band/LIB\libCH57xBLE.a(gap_central.o)
 .text.gapCentProcessConnEvt
                0x000000000000564c      0x154 d:/BaiduSyncdisk/Edith/墨小孔实习/resband/resistance_band/LIB\libCH57xBLE.a(gap_central.o)
                0x000000000000564c                gapCentProcessConnEvt
 .text.gapCancelLinkReq
                0x00000000000057a0       0x38 d:/BaiduSyncdisk/Edith/墨小孔实习/resband/resistance_band/LIB\libCH57xBLE.a(gap_central.o)
                0x00000000000057a0                gapCancelLinkReq
 .text.GAP_CentralParamInit
                0x00000000000057d8       0x4c d:/BaiduSyncdisk/Edith/墨小孔实习/resband/resistance_band/LIB\libCH57xBLE.a(gap_central.o)
                0x00000000000057d8                GAP_CentralParamInit
 .text.gapProcessAdvertDevInfo
                0x0000000000005824      0x23a d:/BaiduSyncdisk/Edith/墨小孔实习/resband/resistance_band/LIB\libCH57xBLE.a(gap_central.o)
                0x0000000000005824                gapProcessAdvertDevInfo
 .text.gapFreeScanRecs
                0x0000000000005a5e       0xa2 d:/BaiduSyncdisk/Edith/墨小孔实习/resband/resistance_band/LIB\libCH57xBLE.a(gap_central.o)
                0x0000000000005a5e                gapFreeScanRecs
 .text.gapSendDevDiscEvent
                0x0000000000005b00      0x124 d:/BaiduSyncdisk/Edith/墨小孔实习/resband/resistance_band/LIB\libCH57xBLE.a(gap_central.o)
                0x0000000000005b00                gapSendDevDiscEvent
 .text.gapSetScanParamStatus.part.2
                0x0000000000005c24       0x40 d:/BaiduSyncdisk/Edith/墨小孔实习/resband/resistance_band/LIB\libCH57xBLE.a(gap_central.o)
 .text.gapCentProcessHCICmdEvt
                0x0000000000005c64       0x3c d:/BaiduSyncdisk/Edith/墨小孔实习/resband/resistance_band/LIB\libCH57xBLE.a(gap_central.o)
                0x0000000000005c64                gapCentProcessHCICmdEvt
 .text.gapProcessScanningEvt
                0x0000000000005ca0      0x110 d:/BaiduSyncdisk/Edith/墨小孔实习/resband/resistance_band/LIB\libCH57xBLE.a(gap_central.o)
                0x0000000000005ca0                gapProcessScanningEvt
 .text.gapProcessScanningDirectEvt
                0x0000000000005db0       0xfe d:/BaiduSyncdisk/Edith/墨小孔实习/resband/resistance_band/LIB\libCH57xBLE.a(gap_central.o)
                0x0000000000005db0                gapProcessScanningDirectEvt
 .text.GAP_CentConnRegister
                0x0000000000005eae       0x12 d:/BaiduSyncdisk/Edith/墨小孔实习/resband/resistance_band/LIB\libCH57xBLE.a(gap_central.o)
                0x0000000000005eae                GAP_CentConnRegister
 .text.GAP_CentDevMgrInit
                0x0000000000005ec0       0x94 d:/BaiduSyncdisk/Edith/墨小孔实习/resband/resistance_band/LIB\libCH57xBLE.a(gap_central.o)
                0x0000000000005ec0                GAP_CentDevMgrInit
 .text.gapFreeAdvertState
                0x0000000000005f54       0x20 d:/BaiduSyncdisk/Edith/墨小孔实习/resband/resistance_band/LIB\libCH57xBLE.a(gap_peripheral.o)
 .text.gapPeriProcessConnEvt
                0x0000000000005f74       0xbc d:/BaiduSyncdisk/Edith/墨小孔实习/resband/resistance_band/LIB\libCH57xBLE.a(gap_peripheral.o)
 .text.gapSetAdvParams
                0x0000000000006030       0x7e d:/BaiduSyncdisk/Edith/墨小孔实习/resband/resistance_band/LIB\libCH57xBLE.a(gap_peripheral.o)
 .text.GAP_PeripheralParamInit
                0x00000000000060ae       0x4a d:/BaiduSyncdisk/Edith/墨小孔实习/resband/resistance_band/LIB\libCH57xBLE.a(gap_peripheral.o)
                0x00000000000060ae                GAP_PeripheralParamInit
 .text.gapSendMakeDiscEvent
                0x00000000000060f8       0x4e d:/BaiduSyncdisk/Edith/墨小孔实习/resband/resistance_band/LIB\libCH57xBLE.a(gap_peripheral.o)
                0x00000000000060f8                gapSendMakeDiscEvent
 .text.gapPeriProcessHCICmdCompleteEvt
                0x0000000000006146      0x190 d:/BaiduSyncdisk/Edith/墨小孔实习/resband/resistance_band/LIB\libCH57xBLE.a(gap_peripheral.o)
 .text.GAP_MakeDiscoverable
                0x00000000000062d6       0xf0 d:/BaiduSyncdisk/Edith/墨小孔实习/resband/resistance_band/LIB\libCH57xBLE.a(gap_peripheral.o)
                0x00000000000062d6                GAP_MakeDiscoverable
 .text.GAP_EndDiscoverable
                0x00000000000063c6       0x5c d:/BaiduSyncdisk/Edith/墨小孔实习/resband/resistance_band/LIB\libCH57xBLE.a(gap_peripheral.o)
                0x00000000000063c6                GAP_EndDiscoverable
 .text.gapProcessAdvertisingEvt
                0x0000000000006422       0x8e d:/BaiduSyncdisk/Edith/墨小孔实习/resband/resistance_band/LIB\libCH57xBLE.a(gap_peripheral.o)
 .text.GAP_UpdateAdvertisingData
                0x00000000000064b0       0xb8 d:/BaiduSyncdisk/Edith/墨小孔实习/resband/resistance_band/LIB\libCH57xBLE.a(gap_peripheral.o)
                0x00000000000064b0                GAP_UpdateAdvertisingData
 .text.GAP_PeriConnRegister
                0x0000000000006568       0x2a d:/BaiduSyncdisk/Edith/墨小孔实习/resband/resistance_band/LIB\libCH57xBLE.a(gap_peripheral.o)
                0x0000000000006568                GAP_PeriConnRegister
 .text.GAP_PeriDevMgrInit
                0x0000000000006592       0xbc d:/BaiduSyncdisk/Edith/墨小孔实习/resband/resistance_band/LIB\libCH57xBLE.a(gap_peripheral.o)
                0x0000000000006592                GAP_PeriDevMgrInit
 .text.ggs_SetAttrWPermit
                0x000000000000664e       0x68 d:/BaiduSyncdisk/Edith/墨小孔实习/resband/resistance_band/LIB\libCH57xBLE.a(gapgattserver.o)
 .text.ggs_ReadAttrCB
                0x00000000000066b6      0x152 d:/BaiduSyncdisk/Edith/墨小孔实习/resband/resistance_band/LIB\libCH57xBLE.a(gapgattserver.o)
 .text.ggs_WriteAttrCB
                0x0000000000006808      0x154 d:/BaiduSyncdisk/Edith/墨小孔实习/resband/resistance_band/LIB\libCH57xBLE.a(gapgattserver.o)
 .text.GGS_ParamInit
                0x000000000000695c      0x23a d:/BaiduSyncdisk/Edith/墨小孔实习/resband/resistance_band/LIB\libCH57xBLE.a(gapgattserver.o)
                0x000000000000695c                GGS_ParamInit
 .text.GGS_SetParameter
                0x0000000000006b96       0xde d:/BaiduSyncdisk/Edith/墨小孔实习/resband/resistance_band/LIB\libCH57xBLE.a(gapgattserver.o)
                0x0000000000006b96                GGS_SetParameter
 .text.GGS_AddService
                0x0000000000006c74       0x2c d:/BaiduSyncdisk/Edith/墨小孔实习/resband/resistance_band/LIB\libCH57xBLE.a(gapgattserver.o)
                0x0000000000006c74                GGS_AddService
 .text.GAP_DeviceInit
                0x0000000000006ca0       0xd8 d:/BaiduSyncdisk/Edith/墨小孔实习/resband/resistance_band/LIB\libCH57xBLE.a(gapgattserver.o)
                0x0000000000006ca0                GAP_DeviceInit
 .text.gattGetPayload
                0x0000000000006d78       0x7e d:/BaiduSyncdisk/Edith/墨小孔实习/resband/resistance_band/LIB\libCH57xBLE.a(gatt.o)
                0x0000000000006d78                gattGetPayload
 .text.gattNotifyEvent
                0x0000000000006df6       0x80 d:/BaiduSyncdisk/Edith/墨小孔实习/resband/resistance_band/LIB\libCH57xBLE.a(gatt.o)
                0x0000000000006df6                gattNotifyEvent
 .text.gattSendFlowCtrlEvt
                0x0000000000006e76       0x48 d:/BaiduSyncdisk/Edith/墨小孔实习/resband/resistance_band/LIB\libCH57xBLE.a(gatt.o)
                0x0000000000006e76                gattSendFlowCtrlEvt
 .text.gattStartTimer
                0x0000000000006ebe        0xc d:/BaiduSyncdisk/Edith/墨小孔实习/resband/resistance_band/LIB\libCH57xBLE.a(gatt.o)
                0x0000000000006ebe                gattStartTimer
 .text.gattStopTimer
                0x0000000000006eca       0x32 d:/BaiduSyncdisk/Edith/墨小孔实习/resband/resistance_band/LIB\libCH57xBLE.a(gatt.o)
                0x0000000000006eca                gattStopTimer
 .text.GATT_AppCompletedMsg
                0x0000000000006efc       0x30 d:/BaiduSyncdisk/Edith/墨小孔实习/resband/resistance_band/LIB\libCH57xBLE.a(gatt.o)
                0x0000000000006efc                GATT_AppCompletedMsg
 .text.GATT_NotifyEvent
                0x0000000000006f2c       0x4e d:/BaiduSyncdisk/Edith/墨小孔实习/resband/resistance_band/LIB\libCH57xBLE.a(gatt.o)
                0x0000000000006f2c                GATT_NotifyEvent
 .text.gattRegisterServer
                0x0000000000006f7a        0x6 d:/BaiduSyncdisk/Edith/墨小孔实习/resband/resistance_band/LIB\libCH57xBLE.a(gatt.o)
                0x0000000000006f7a                gattRegisterServer
 .text.GATT_UpdateMTU
                0x0000000000006f80       0x5c d:/BaiduSyncdisk/Edith/墨小孔实习/resband/resistance_band/LIB\libCH57xBLE.a(gatt.o)
                0x0000000000006f80                GATT_UpdateMTU
 .text.GATT_bm_alloc
                0x0000000000006fdc       0xea d:/BaiduSyncdisk/Edith/墨小孔实习/resband/resistance_band/LIB\libCH57xBLE.a(gatt.o)
                0x0000000000006fdc                GATT_bm_alloc
 .text.GATT_ServiceChangedInd
                0x00000000000070c6       0x94 d:/BaiduSyncdisk/Edith/墨小孔实习/resband/resistance_band/LIB\libCH57xBLE.a(gatt.o)
                0x00000000000070c6                GATT_ServiceChangedInd
 .text.GATT_bm_free
                0x000000000000715a       0x1c d:/BaiduSyncdisk/Edith/墨小孔实习/resband/resistance_band/LIB\libCH57xBLE.a(gatt.o)
                0x000000000000715a                GATT_bm_free
 .text.GATT_RegisterForPeriMsgs
                0x0000000000007176        0x6 d:/BaiduSyncdisk/Edith/墨小孔实习/resband/resistance_band/LIB\libCH57xBLE.a(gatt.o)
                0x0000000000007176                GATT_RegisterForPeriMsgs
 .text.GATT_Init
                0x000000000000717c       0x30 d:/BaiduSyncdisk/Edith/墨小孔实习/resband/resistance_band/LIB\libCH57xBLE.a(gatt.o)
                0x000000000000717c                GATT_Init
 .text.GATT_ProcessEvent
                0x00000000000071ac      0x136 d:/BaiduSyncdisk/Edith/墨小孔实习/resband/resistance_band/LIB\libCH57xBLE.a(gatt.o)
                0x00000000000071ac                GATT_ProcessEvent
 .text.gattProcessExchangeMTUReq
                0x00000000000072e2        0x4 d:/BaiduSyncdisk/Edith/墨小孔实习/resband/resistance_band/LIB\libCH57xBLE.a(gattservapp.o)
 .text.gattServApp_FindCharCfgItem
                0x00000000000072e6       0x20 d:/BaiduSyncdisk/Edith/墨小孔实习/resband/resistance_band/LIB\libCH57xBLE.a(gattservapp.o)
 .text.gattServerHandleTimerCB
                0x0000000000007306       0x3c d:/BaiduSyncdisk/Edith/墨小孔实习/resband/resistance_band/LIB\libCH57xBLE.a(gattservapp.o)
 .text.GATTServApp_InitCharCfg.part.12
                0x0000000000007342       0x1c d:/BaiduSyncdisk/Edith/墨小孔实习/resband/resistance_band/LIB\libCH57xBLE.a(gattservapp.o)
 .text.gattProcessExecuteWriteReq
                0x000000000000735e        0x4 d:/BaiduSyncdisk/Edith/墨小孔实习/resband/resistance_band/LIB\libCH57xBLE.a(gattservapp.o)
 .text.GATTServApp_ParamInit
                0x0000000000007362       0xd6 d:/BaiduSyncdisk/Edith/墨小孔实习/resband/resistance_band/LIB\libCH57xBLE.a(gattservapp.o)
                0x0000000000007362                GATTServApp_ParamInit
 .text.GATTServApp_ReadCharCfg
                0x0000000000007438       0x18 d:/BaiduSyncdisk/Edith/墨小孔实习/resband/resistance_band/LIB\libCH57xBLE.a(gattservapp.o)
                0x0000000000007438                GATTServApp_ReadCharCfg
 .text.GATTServApp_WriteCharCfg
                0x0000000000007450       0x3c d:/BaiduSyncdisk/Edith/墨小孔实习/resband/resistance_band/LIB\libCH57xBLE.a(gattservapp.o)
                0x0000000000007450                GATTServApp_WriteCharCfg
 .text.GATTServApp_ProcessCCCWriteReq
                0x000000000000748c       0x5c d:/BaiduSyncdisk/Edith/墨小孔实习/resband/resistance_band/LIB\libCH57xBLE.a(gattservapp.o)
                0x000000000000748c                GATTServApp_ProcessCCCWriteReq
 .text.gattServApp_WriteAttrCB
                0x00000000000074e8       0x34 d:/BaiduSyncdisk/Edith/墨小孔实习/resband/resistance_band/LIB\libCH57xBLE.a(gattservapp.o)
                0x00000000000074e8                gattServApp_WriteAttrCB
 .text.GATTServApp_SendCCCUpdatedEvent
                0x000000000000751c       0x5e d:/BaiduSyncdisk/Edith/墨小孔实习/resband/resistance_band/LIB\libCH57xBLE.a(gattservapp.o)
                0x000000000000751c                GATTServApp_SendCCCUpdatedEvent
 .text.GATTServApp_SendServiceChangedInd
                0x000000000000757a       0x36 d:/BaiduSyncdisk/Edith/墨小孔实习/resband/resistance_band/LIB\libCH57xBLE.a(gattservapp.o)
                0x000000000000757a                GATTServApp_SendServiceChangedInd
 .text.gattServApp_ClearPrepareWriteQ
                0x00000000000075b0       0x4c d:/BaiduSyncdisk/Edith/墨小孔实习/resband/resistance_band/LIB\libCH57xBLE.a(gattservapp.o)
                0x00000000000075b0                gattServApp_ClearPrepareWriteQ
 .text.gattServApp_FindPrepareWriteQ
                0x00000000000075fc       0x2c d:/BaiduSyncdisk/Edith/墨小孔实习/resband/resistance_band/LIB\libCH57xBLE.a(gattservapp.o)
                0x00000000000075fc                gattServApp_FindPrepareWriteQ
 .text.gattServApp_FindServiceCBs
                0x0000000000007628       0x18 d:/BaiduSyncdisk/Edith/墨小孔实习/resband/resistance_band/LIB\libCH57xBLE.a(gattservapp.o)
                0x0000000000007628                gattServApp_FindServiceCBs
 .text.gattServApp_FindAuthorizeAttrCB
                0x0000000000007640       0x14 d:/BaiduSyncdisk/Edith/墨小孔实习/resband/resistance_band/LIB\libCH57xBLE.a(gattservapp.o)
                0x0000000000007640                gattServApp_FindAuthorizeAttrCB
 .text.gattServApp_IsWriteLong
                0x0000000000007654       0xe6 d:/BaiduSyncdisk/Edith/墨小孔实习/resband/resistance_band/LIB\libCH57xBLE.a(gattservapp.o)
                0x0000000000007654                gattServApp_IsWriteLong
 .text.gattFindService
                0x000000000000773a       0x1c d:/BaiduSyncdisk/Edith/墨小孔实习/resband/resistance_band/LIB\libCH57xBLE.a(gattservapp.o)
                0x000000000000773a                gattFindService
 .text.GATT_ServiceNumAttrs
                0x0000000000007756       0x16 d:/BaiduSyncdisk/Edith/墨小孔实习/resband/resistance_band/LIB\libCH57xBLE.a(gattservapp.o)
                0x0000000000007756                GATT_ServiceNumAttrs
 .text.GATT_ServiceEncKeySize
                0x000000000000776c       0x16 d:/BaiduSyncdisk/Edith/墨小孔实习/resband/resistance_band/LIB\libCH57xBLE.a(gattservapp.o)
                0x000000000000776c                GATT_ServiceEncKeySize
 .text.GATT_VerifyWritePermissions.part.7
                0x0000000000007782       0x2c d:/BaiduSyncdisk/Edith/墨小孔实习/resband/resistance_band/LIB\libCH57xBLE.a(gattservapp.o)
 .text.gattResetServerInfo
                0x00000000000077ae       0x1c d:/BaiduSyncdisk/Edith/墨小孔实习/resband/resistance_band/LIB\libCH57xBLE.a(gattservapp.o)
                0x00000000000077ae                gattResetServerInfo
 .text.gattFindServerInfo
                0x00000000000077ca       0x28 d:/BaiduSyncdisk/Edith/墨小孔实习/resband/resistance_band/LIB\libCH57xBLE.a(gattservapp.o)
                0x00000000000077ca                gattFindServerInfo
 .text.gattServerHandleConnStatusCB
                0x00000000000077f2       0x98 d:/BaiduSyncdisk/Edith/墨小孔实习/resband/resistance_band/LIB\libCH57xBLE.a(gattservapp.o)
                0x00000000000077f2                gattServerHandleConnStatusCB
 .text.gattServerProcessMsgCB
                0x000000000000788a      0x1c0 d:/BaiduSyncdisk/Edith/墨小孔实习/resband/resistance_band/LIB\libCH57xBLE.a(gattservapp.o)
                0x000000000000788a                gattServerProcessMsgCB
 .text.gattServerNotifyTxCB
                0x0000000000007a4a       0x28 d:/BaiduSyncdisk/Edith/墨小孔实习/resband/resistance_band/LIB\libCH57xBLE.a(gattservapp.o)
 .text.GATT_FindHandle
                0x0000000000007a72       0x4a d:/BaiduSyncdisk/Edith/墨小孔实习/resband/resistance_band/LIB\libCH57xBLE.a(gattservapp.o)
                0x0000000000007a72                GATT_FindHandle
 .text.GATTServApp_WriteAttr
                0x0000000000007abc       0xa8 d:/BaiduSyncdisk/Edith/墨小孔实习/resband/resistance_band/LIB\libCH57xBLE.a(gattservapp.o)
                0x0000000000007abc                GATTServApp_WriteAttr
 .text.gattServApp_ProcessExecuteWriteReq
                0x0000000000007b64      0x100 d:/BaiduSyncdisk/Edith/墨小孔实习/resband/resistance_band/LIB\libCH57xBLE.a(gattservapp.o)
                0x0000000000007b64                gattServApp_ProcessExecuteWriteReq
 .text.GATTServApp_UpdateCharCfg
                0x0000000000007c64       0x1e d:/BaiduSyncdisk/Edith/墨小孔实习/resband/resistance_band/LIB\libCH57xBLE.a(gattservapp.o)
                0x0000000000007c64                GATTServApp_UpdateCharCfg
 .text.gattServApp_ProcessPrepareWriteReq
                0x0000000000007c82      0x10e d:/BaiduSyncdisk/Edith/墨小孔实习/resband/resistance_band/LIB\libCH57xBLE.a(gattservapp.o)
                0x0000000000007c82                gattServApp_ProcessPrepareWriteReq
 .text.gattServApp_ProcessWriteReq
                0x0000000000007d90       0xb0 d:/BaiduSyncdisk/Edith/墨小孔实习/resband/resistance_band/LIB\libCH57xBLE.a(gattservapp.o)
                0x0000000000007d90                gattServApp_ProcessWriteReq
 .text.GATT_Indication
                0x0000000000007e40       0xa4 d:/BaiduSyncdisk/Edith/墨小孔实习/resband/resistance_band/LIB\libCH57xBLE.a(gattservapp.o)
                0x0000000000007e40                GATT_Indication
 .text.GATT_FindHandleUUID
                0x0000000000007ee4       0x94 d:/BaiduSyncdisk/Edith/墨小孔实习/resband/resistance_band/LIB\libCH57xBLE.a(gattservapp.o)
                0x0000000000007ee4                GATT_FindHandleUUID
 .text.gattProcessReadByGrpTypeReq
                0x0000000000007f78       0x60 d:/BaiduSyncdisk/Edith/墨小孔实习/resband/resistance_band/LIB\libCH57xBLE.a(gattservapp.o)
 .text.gattProcessReadByTypeReq
                0x0000000000007fd8       0x34 d:/BaiduSyncdisk/Edith/墨小孔实习/resband/resistance_band/LIB\libCH57xBLE.a(gattservapp.o)
 .text.gattProcessFindByTypeValueReq
                0x000000000000800c       0x34 d:/BaiduSyncdisk/Edith/墨小孔实习/resband/resistance_band/LIB\libCH57xBLE.a(gattservapp.o)
 .text.gattProcessFindInfoReq
                0x0000000000008040      0x1aa d:/BaiduSyncdisk/Edith/墨小孔实习/resband/resistance_band/LIB\libCH57xBLE.a(gattservapp.o)
 .text.GATT_Notification
                0x00000000000081ea       0x70 d:/BaiduSyncdisk/Edith/墨小孔实习/resband/resistance_band/LIB\libCH57xBLE.a(gattservapp.o)
                0x00000000000081ea                GATT_Notification
 .text.GATT_VerifyWritePermissions
                0x000000000000825a       0x6a d:/BaiduSyncdisk/Edith/墨小孔实习/resband/resistance_band/LIB\libCH57xBLE.a(gattservapp.o)
                0x000000000000825a                GATT_VerifyWritePermissions
 .text.gattProcessWriteReq
                0x00000000000082c4       0x36 d:/BaiduSyncdisk/Edith/墨小孔实习/resband/resistance_band/LIB\libCH57xBLE.a(gattservapp.o)
 .text.GATT_VerifyPrepareWritePermissions
                0x00000000000082fa       0x56 d:/BaiduSyncdisk/Edith/墨小孔实习/resband/resistance_band/LIB\libCH57xBLE.a(gattservapp.o)
                0x00000000000082fa                GATT_VerifyPrepareWritePermissions
 .text.gattProcessPrepareWriteReq
                0x0000000000008350       0x36 d:/BaiduSyncdisk/Edith/墨小孔实习/resband/resistance_band/LIB\libCH57xBLE.a(gattservapp.o)
 .text.GATT_FindNextAttr
                0x0000000000008386       0xc2 d:/BaiduSyncdisk/Edith/墨小孔实习/resband/resistance_band/LIB\libCH57xBLE.a(gattservapp.o)
                0x0000000000008386                GATT_FindNextAttr
 .text.GATTServApp_ReadAttr
                0x0000000000008448      0x2e2 d:/BaiduSyncdisk/Edith/墨小孔实习/resband/resistance_band/LIB\libCH57xBLE.a(gattservapp.o)
                0x0000000000008448                GATTServApp_ReadAttr
 .text.gattServApp_ProcessReadMultiReq
                0x000000000000872a      0x16e d:/BaiduSyncdisk/Edith/墨小孔实习/resband/resistance_band/LIB\libCH57xBLE.a(gattservapp.o)
                0x000000000000872a                gattServApp_ProcessReadMultiReq
 .text.gattServApp_ProcessFindByTypeValueReq
                0x0000000000008898      0x19c d:/BaiduSyncdisk/Edith/墨小孔实习/resband/resistance_band/LIB\libCH57xBLE.a(gattservapp.o)
                0x0000000000008898                gattServApp_ProcessFindByTypeValueReq
 .text.GATT_VerifyReadPermissions
                0x0000000000008a34       0x68 d:/BaiduSyncdisk/Edith/墨小孔实习/resband/resistance_band/LIB\libCH57xBLE.a(gattservapp.o)
                0x0000000000008a34                GATT_VerifyReadPermissions
 .text.gattProcessReadMultiReq
                0x0000000000008a9c       0xae d:/BaiduSyncdisk/Edith/墨小孔实习/resband/resistance_band/LIB\libCH57xBLE.a(gattservapp.o)
 .text.gattProcessReadReq
                0x0000000000008b4a       0x30 d:/BaiduSyncdisk/Edith/墨小孔实习/resband/resistance_band/LIB\libCH57xBLE.a(gattservapp.o)
 .text.gattServApp_ProcessReadByGrpTypeReq
                0x0000000000008b7a      0x21c d:/BaiduSyncdisk/Edith/墨小孔实习/resband/resistance_band/LIB\libCH57xBLE.a(gattservapp.o)
                0x0000000000008b7a                gattServApp_ProcessReadByGrpTypeReq
 .text.gattServApp_ProcessReadByTypeReq
                0x0000000000008d96      0x1ae d:/BaiduSyncdisk/Edith/墨小孔实习/resband/resistance_band/LIB\libCH57xBLE.a(gattservapp.o)
                0x0000000000008d96                gattServApp_ProcessReadByTypeReq
 .text.GATT_RegisterService
                0x0000000000008f44       0xfc d:/BaiduSyncdisk/Edith/墨小孔实习/resband/resistance_band/LIB\libCH57xBLE.a(gattservapp.o)
                0x0000000000008f44                GATT_RegisterService
 .text.GATTServApp_RegisterService
                0x0000000000009040       0x8a d:/BaiduSyncdisk/Edith/墨小孔实习/resband/resistance_band/LIB\libCH57xBLE.a(gattservapp.o)
                0x0000000000009040                GATTServApp_RegisterService
 .text.GATTServApp_AddService
                0x00000000000090ca       0x2c d:/BaiduSyncdisk/Edith/墨小孔实习/resband/resistance_band/LIB\libCH57xBLE.a(gattservapp.o)
                0x00000000000090ca                GATTServApp_AddService
 .text.GATTServApp_RegisterForMsg
                0x00000000000090f6        0x6 d:/BaiduSyncdisk/Edith/墨小孔实习/resband/resistance_band/LIB\libCH57xBLE.a(gattservapp.o)
                0x00000000000090f6                GATTServApp_RegisterForMsg
 .text.GATTServApp_InitCharCfg
                0x00000000000090fc       0x28 d:/BaiduSyncdisk/Edith/墨小孔实习/resband/resistance_band/LIB\libCH57xBLE.a(gattservapp.o)
                0x00000000000090fc                GATTServApp_InitCharCfg
 .text.gattServApp_HandleConnStatusCB
                0x0000000000009124       0x74 d:/BaiduSyncdisk/Edith/墨小孔实习/resband/resistance_band/LIB\libCH57xBLE.a(gattservapp.o)
                0x0000000000009124                gattServApp_HandleConnStatusCB
 .text.GATT_InitServer
                0x0000000000009198       0xf6 d:/BaiduSyncdisk/Edith/墨小孔实习/resband/resistance_band/LIB\libCH57xBLE.a(gattservapp.o)
                0x0000000000009198                GATT_InitServer
 .text.GATTServApp_Init
                0x000000000000928e       0x34 d:/BaiduSyncdisk/Edith/墨小孔实习/resband/resistance_band/LIB\libCH57xBLE.a(gattservapp.o)
                0x000000000000928e                GATTServApp_Init
 .text.GATTServApp_ProcessEvent
                0x00000000000092c2      0x366 d:/BaiduSyncdisk/Edith/墨小孔实习/resband/resistance_band/LIB\libCH57xBLE.a(gattservapp.o)
                0x00000000000092c2                GATTServApp_ProcessEvent
 .text.l2capAllocConnChannel
                0x0000000000009628       0xd8 d:/BaiduSyncdisk/Edith/墨小孔实习/resband/resistance_band/LIB\libCH57xBLE.a(l2cap.o)
                0x0000000000009628                l2capAllocConnChannel
 .text.l2capFindLocalCID
                0x0000000000009700       0x2c d:/BaiduSyncdisk/Edith/墨小孔实习/resband/resistance_band/LIB\libCH57xBLE.a(l2cap.o)
                0x0000000000009700                l2capFindLocalCID
 .text.l2capFindLocalId
                0x000000000000972c       0x30 d:/BaiduSyncdisk/Edith/墨小孔实习/resband/resistance_band/LIB\libCH57xBLE.a(l2cap.o)
                0x000000000000972c                l2capFindLocalId
 .text.l2capFindPsm
                0x000000000000975c       0x2c d:/BaiduSyncdisk/Edith/墨小孔实习/resband/resistance_band/LIB\libCH57xBLE.a(l2cap.o)
                0x000000000000975c                l2capFindPsm
 .text.l2capFindRemoteCID
                0x0000000000009788       0x3c d:/BaiduSyncdisk/Edith/墨小孔实习/resband/resistance_band/LIB\libCH57xBLE.a(l2cap.o)
                0x0000000000009788                l2capFindRemoteCID
 .text.l2capFreeChannel
                0x00000000000097c4       0x4a d:/BaiduSyncdisk/Edith/墨小孔实习/resband/resistance_band/LIB\libCH57xBLE.a(l2cap.o)
                0x00000000000097c4                l2capFreeChannel
 .text.l2capDisconnectChannel
                0x000000000000980e       0x28 d:/BaiduSyncdisk/Edith/墨小孔实习/resband/resistance_band/LIB\libCH57xBLE.a(l2cap.o)
                0x000000000000980e                l2capDisconnectChannel
 .text.l2capHandleTimerCB
                0x0000000000009836       0x2c d:/BaiduSyncdisk/Edith/墨小孔实习/resband/resistance_band/LIB\libCH57xBLE.a(l2cap.o)
                0x0000000000009836                l2capHandleTimerCB
 .text.l2capFreePendingPkt
                0x0000000000009862       0x58 d:/BaiduSyncdisk/Edith/墨小孔实习/resband/resistance_band/LIB\libCH57xBLE.a(l2cap.o)
                0x0000000000009862                l2capFreePendingPkt
 .text.l2capGetCoChannelInfo
                0x00000000000098ba       0x7e d:/BaiduSyncdisk/Edith/墨小孔实习/resband/resistance_band/LIB\libCH57xBLE.a(l2cap.o)
                0x00000000000098ba                l2capGetCoChannelInfo
 .text.l2capNumActiveChannnels
                0x0000000000009938       0x44 d:/BaiduSyncdisk/Edith/墨小孔实习/resband/resistance_band/LIB\libCH57xBLE.a(l2cap.o)
                0x0000000000009938                l2capNumActiveChannnels
 .text.l2capStartTimer
                0x000000000000997c       0x1a d:/BaiduSyncdisk/Edith/墨小孔实习/resband/resistance_band/LIB\libCH57xBLE.a(l2cap.o)
                0x000000000000997c                l2capStartTimer
 .text.l2capStopTimer
                0x0000000000009996       0x1e d:/BaiduSyncdisk/Edith/墨小孔实习/resband/resistance_band/LIB\libCH57xBLE.a(l2cap.o)
                0x0000000000009996                l2capStopTimer
 .text.l2capDisconnectAllChannels
                0x00000000000099b4       0xdc d:/BaiduSyncdisk/Edith/墨小孔实习/resband/resistance_band/LIB\libCH57xBLE.a(l2cap.o)
                0x00000000000099b4                l2capDisconnectAllChannels
 .text.l2capHandleConnStatusCB
                0x0000000000009a90       0x3c d:/BaiduSyncdisk/Edith/墨小孔实习/resband/resistance_band/LIB\libCH57xBLE.a(l2cap.o)
                0x0000000000009a90                l2capHandleConnStatusCB
 .text.l2capHandleRxError
                0x0000000000009acc        0x6 d:/BaiduSyncdisk/Edith/墨小孔实习/resband/resistance_band/LIB\libCH57xBLE.a(l2cap.o)
                0x0000000000009acc                l2capHandleRxError
 .text.L2CAP_GetMTU
                0x0000000000009ad2        0x6 d:/BaiduSyncdisk/Edith/墨小孔实习/resband/resistance_band/LIB\libCH57xBLE.a(l2cap.o)
                0x0000000000009ad2                L2CAP_GetMTU
 .text.L2CAP_HostNumCompletedPkts
                0x0000000000009ad8       0x28 d:/BaiduSyncdisk/Edith/墨小孔实习/resband/resistance_band/LIB\libCH57xBLE.a(l2cap.o)
                0x0000000000009ad8                L2CAP_HostNumCompletedPkts
 .text.L2CAP_ParseConnectReq
                0x0000000000009b00       0x5e d:/BaiduSyncdisk/Edith/墨小孔实习/resband/resistance_band/LIB\libCH57xBLE.a(l2cap.o)
                0x0000000000009b00                L2CAP_ParseConnectReq
 .text.L2CAP_ParseFlowCtrlCredit
                0x0000000000009b5e       0x2e d:/BaiduSyncdisk/Edith/墨小孔实习/resband/resistance_band/LIB\libCH57xBLE.a(l2cap.o)
                0x0000000000009b5e                L2CAP_ParseFlowCtrlCredit
 .text.L2CAP_RegisterApp
                0x0000000000009b8c       0x30 d:/BaiduSyncdisk/Edith/墨小孔实习/resband/resistance_band/LIB\libCH57xBLE.a(l2cap.o)
                0x0000000000009b8c                L2CAP_RegisterApp
 .text.L2CAP_SetBufSize
                0x0000000000009bbc       0x1e d:/BaiduSyncdisk/Edith/墨小孔实习/resband/resistance_band/LIB\libCH57xBLE.a(l2cap.o)
                0x0000000000009bbc                L2CAP_SetBufSize
 .text.L2CAP_bm_alloc
                0x0000000000009bda       0x30 d:/BaiduSyncdisk/Edith/墨小孔实习/resband/resistance_band/LIB\libCH57xBLE.a(l2cap.o)
                0x0000000000009bda                L2CAP_bm_alloc
 .text.L2CAP_Init
                0x0000000000009c0a      0x12e d:/BaiduSyncdisk/Edith/墨小孔实习/resband/resistance_band/LIB\libCH57xBLE.a(l2cap.o)
                0x0000000000009c0a                L2CAP_Init
 .text.L2CAP_ProcessEvent
                0x0000000000009d38       0xc8 d:/BaiduSyncdisk/Edith/墨小孔实习/resband/resistance_band/LIB\libCH57xBLE.a(l2cap.o)
                0x0000000000009d38                L2CAP_ProcessEvent
 .text.l2capParseCmdReject
                0x0000000000009e00       0x5e d:/BaiduSyncdisk/Edith/墨小孔实习/resband/resistance_band/LIB\libCH57xBLE.a(l2cap_input.o)
                0x0000000000009e00                l2capParseCmdReject
 .text.l2capParseDisconnectReq
                0x0000000000009e5e       0x2e d:/BaiduSyncdisk/Edith/墨小孔实习/resband/resistance_band/LIB\libCH57xBLE.a(l2cap_input.o)
                0x0000000000009e5e                l2capParseDisconnectReq
 .text.l2capParseDisconnectRsp
                0x0000000000009e8c       0x2e d:/BaiduSyncdisk/Edith/墨小孔实习/resband/resistance_band/LIB\libCH57xBLE.a(l2cap_input.o)
                0x0000000000009e8c                l2capParseDisconnectRsp
 .text.L2CAP_ParseParamUpdateReq
                0x0000000000009eba       0x4e d:/BaiduSyncdisk/Edith/墨小孔实习/resband/resistance_band/LIB\libCH57xBLE.a(l2cap_input.o)
                0x0000000000009eba                L2CAP_ParseParamUpdateReq
 .text.l2capParseParamUpdateRsp
                0x0000000000009f08       0x1e d:/BaiduSyncdisk/Edith/墨小孔实习/resband/resistance_band/LIB\libCH57xBLE.a(l2cap_input.o)
                0x0000000000009f08                l2capParseParamUpdateRsp
 .text.l2capProcessConnectReq
                0x0000000000009f26       0xfc d:/BaiduSyncdisk/Edith/墨小孔实习/resband/resistance_band/LIB\libCH57xBLE.a(l2cap_input.o)
                0x0000000000009f26                l2capProcessConnectReq
 .text.l2capParseConnectRsp
                0x000000000000a022       0x5e d:/BaiduSyncdisk/Edith/墨小孔实习/resband/resistance_band/LIB\libCH57xBLE.a(l2cap_input.o)
                0x000000000000a022                l2capParseConnectRsp
 .text.l2capParseSignalHdr
                0x000000000000a080       0x22 d:/BaiduSyncdisk/Edith/墨小孔实习/resband/resistance_band/LIB\libCH57xBLE.a(l2cap_input.o)
                0x000000000000a080                l2capParseSignalHdr
 .text.l2capParsePacket
                0x000000000000a0a2       0x8c d:/BaiduSyncdisk/Edith/墨小孔实习/resband/resistance_band/LIB\libCH57xBLE.a(l2cap_input.o)
                0x000000000000a0a2                l2capParsePacket
 .text.l2capProcessReq
                0x000000000000a12e      0x15a d:/BaiduSyncdisk/Edith/墨小孔实习/resband/resistance_band/LIB\libCH57xBLE.a(l2cap_input.o)
                0x000000000000a12e                l2capProcessReq
 .text.l2capProcessRsp
                0x000000000000a288      0x150 d:/BaiduSyncdisk/Edith/墨小孔实习/resband/resistance_band/LIB\libCH57xBLE.a(l2cap_input.o)
                0x000000000000a288                l2capProcessRsp
 .text.l2capProcessRxData
                0x000000000000a3d8       0xf8 d:/BaiduSyncdisk/Edith/墨小孔实习/resband/resistance_band/LIB\libCH57xBLE.a(l2cap_input.o)
                0x000000000000a3d8                l2capProcessRxData
 .text.l2capNotifyData
                0x000000000000a4d0       0x5a d:/BaiduSyncdisk/Edith/墨小孔实习/resband/resistance_band/LIB\libCH57xBLE.a(l2cap_output.o)
                0x000000000000a4d0                l2capNotifyData
 .text.l2capNotifySignal
                0x000000000000a52a       0x76 d:/BaiduSyncdisk/Edith/墨小孔实习/resband/resistance_band/LIB\libCH57xBLE.a(l2cap_output.o)
                0x000000000000a52a                l2capNotifySignal
 .text.l2capNotifyCreditEvt
                0x000000000000a5a0       0x9c d:/BaiduSyncdisk/Edith/墨小孔实习/resband/resistance_band/LIB\libCH57xBLE.a(l2cap_output.o)
                0x000000000000a5a0                l2capNotifyCreditEvt
 .text.l2capNotifyChannelEstEvt
                0x000000000000a63c       0x58 d:/BaiduSyncdisk/Edith/墨小孔实习/resband/resistance_band/LIB\libCH57xBLE.a(l2cap_output.o)
                0x000000000000a63c                l2capNotifyChannelEstEvt
 .text.l2capNotifyChannelTermEvt
                0x000000000000a694       0x3e d:/BaiduSyncdisk/Edith/墨小孔实习/resband/resistance_band/LIB\libCH57xBLE.a(l2cap_output.o)
                0x000000000000a694                l2capNotifyChannelTermEvt
 .text.l2capNotifyEvent
                0x000000000000a6d2       0x66 d:/BaiduSyncdisk/Edith/墨小孔实习/resband/resistance_band/LIB\libCH57xBLE.a(l2cap_output.o)
                0x000000000000a6d2                l2capNotifyEvent
 .text.l2capStoreFCPkt
                0x000000000000a738       0x32 d:/BaiduSyncdisk/Edith/墨小孔实习/resband/resistance_band/LIB\libCH57xBLE.a(l2cap_output.o)
                0x000000000000a738                l2capStoreFCPkt
 .text.l2capFreeTxSDU
                0x000000000000a76a       0x9a d:/BaiduSyncdisk/Edith/墨小孔实习/resband/resistance_band/LIB\libCH57xBLE.a(l2cap_output.o)
                0x000000000000a76a                l2capFreeTxSDU
 .text.l2capReassembleSegment
                0x000000000000a804      0x174 d:/BaiduSyncdisk/Edith/墨小孔实习/resband/resistance_band/LIB\libCH57xBLE.a(l2cap_output.o)
                0x000000000000a804                l2capReassembleSegment
 .text.l2capEncapSendData
                0x000000000000a978       0xec d:/BaiduSyncdisk/Edith/墨小孔实习/resband/resistance_band/LIB\libCH57xBLE.a(l2cap_output.o)
                0x000000000000a978                l2capEncapSendData
 .text.l2capSendFCPkt.part.3
                0x000000000000aa64       0x70 d:/BaiduSyncdisk/Edith/墨小孔实习/resband/resistance_band/LIB\libCH57xBLE.a(l2cap_output.o)
 .text.l2capSendSegment
                0x000000000000aad4      0x108 d:/BaiduSyncdisk/Edith/墨小孔实习/resband/resistance_band/LIB\libCH57xBLE.a(l2cap_output.o)
                0x000000000000aad4                l2capSendSegment
 .text.l2capSendNextSegment
                0x000000000000abdc       0xb4 d:/BaiduSyncdisk/Edith/墨小孔实习/resband/resistance_band/LIB\libCH57xBLE.a(l2cap_output.o)
                0x000000000000abdc                l2capSendNextSegment
 .text.l2capSendPkt
                0x000000000000ac90       0x3a d:/BaiduSyncdisk/Edith/墨小孔实习/resband/resistance_band/LIB\libCH57xBLE.a(l2cap_output.o)
                0x000000000000ac90                l2capSendPkt
 .text.L2CAP_SendData
                0x000000000000acca       0x82 d:/BaiduSyncdisk/Edith/墨小孔实习/resband/resistance_band/LIB\libCH57xBLE.a(l2cap_output.o)
                0x000000000000acca                L2CAP_SendData
 .text.l2capSendCmd
                0x000000000000ad4c       0x8a d:/BaiduSyncdisk/Edith/墨小孔实习/resband/resistance_band/LIB\libCH57xBLE.a(l2cap_output.o)
                0x000000000000ad4c                l2capSendCmd
 .text.l2capSendReq
                0x000000000000add6       0xbc d:/BaiduSyncdisk/Edith/墨小孔实习/resband/resistance_band/LIB\libCH57xBLE.a(l2cap_output.o)
                0x000000000000add6                l2capSendReq
 .text.l2capBuildDisconnectReq
                0x000000000000ae92       0x28 d:/BaiduSyncdisk/Edith/墨小孔实习/resband/resistance_band/LIB\libCH57xBLE.a(l2cap_sdu.o)
 .text.l2capBuildParamUpdateReq
                0x000000000000aeba       0x4c d:/BaiduSyncdisk/Edith/墨小孔实习/resband/resistance_band/LIB\libCH57xBLE.a(l2cap_sdu.o)
 .text.l2capBuildParamUpdateRsp
                0x000000000000af06       0x16 d:/BaiduSyncdisk/Edith/墨小孔实习/resband/resistance_band/LIB\libCH57xBLE.a(l2cap_sdu.o)
 .text.l2capBuildConnectRsp
                0x000000000000af1c       0x5e d:/BaiduSyncdisk/Edith/墨小孔实习/resband/resistance_band/LIB\libCH57xBLE.a(l2cap_sdu.o)
 .text.l2capBuildCmdReject
                0x000000000000af7a       0x62 d:/BaiduSyncdisk/Edith/墨小孔实习/resband/resistance_band/LIB\libCH57xBLE.a(l2cap_sdu.o)
                0x000000000000af7a                l2capBuildCmdReject
 .text.l2capBuildDisconnectRsp
                0x000000000000afdc       0x28 d:/BaiduSyncdisk/Edith/墨小孔实习/resband/resistance_band/LIB\libCH57xBLE.a(l2cap_sdu.o)
                0x000000000000afdc                l2capBuildDisconnectRsp
 .text.l2capSendConnectRsp
                0x000000000000b004       0xa2 d:/BaiduSyncdisk/Edith/墨小孔实习/resband/resistance_band/LIB\libCH57xBLE.a(l2cap_sdu.o)
                0x000000000000b004                l2capSendConnectRsp
 .text.L2CAP_CmdReject
                0x000000000000b0a6       0x12 d:/BaiduSyncdisk/Edith/墨小孔实习/resband/resistance_band/LIB\libCH57xBLE.a(l2cap_sdu.o)
                0x000000000000b0a6                L2CAP_CmdReject
 .text.L2CAP_DisconnectReq
                0x000000000000b0b8       0x2a d:/BaiduSyncdisk/Edith/墨小孔实习/resband/resistance_band/LIB\libCH57xBLE.a(l2cap_sdu.o)
                0x000000000000b0b8                L2CAP_DisconnectReq
 .text.L2CAP_ConnParamUpdateReq
                0x000000000000b0e2       0x16 d:/BaiduSyncdisk/Edith/墨小孔实习/resband/resistance_band/LIB\libCH57xBLE.a(l2cap_sdu.o)
                0x000000000000b0e2                L2CAP_ConnParamUpdateReq
 .text.L2CAP_ConnParamUpdateRsp
                0x000000000000b0f8       0x12 d:/BaiduSyncdisk/Edith/墨小孔实习/resband/resistance_band/LIB\libCH57xBLE.a(l2cap_sdu.o)
                0x000000000000b0f8                L2CAP_ConnParamUpdateRsp
 .text.reportStatusChange
                0x000000000000b10a       0x3e d:/BaiduSyncdisk/Edith/墨小孔实习/resband/resistance_band/LIB\libCH57xBLE.a(linkdb.o)
 .text.linkDB_Init
                0x000000000000b148       0x88 d:/BaiduSyncdisk/Edith/墨小孔实习/resband/resistance_band/LIB\libCH57xBLE.a(linkdb.o)
                0x000000000000b148                linkDB_Init
 .text.linkDB_Find
                0x000000000000b1d0       0x2c d:/BaiduSyncdisk/Edith/墨小孔实习/resband/resistance_band/LIB\libCH57xBLE.a(linkdb.o)
                0x000000000000b1d0                linkDB_Find
 .text.linkDB_Authen
                0x000000000000b1fc       0x5c d:/BaiduSyncdisk/Edith/墨小孔实习/resband/resistance_band/LIB\libCH57xBLE.a(linkdb.o)
                0x000000000000b1fc                linkDB_Authen
 .text.linkDB_FindByAddr
                0x000000000000b258       0x76 d:/BaiduSyncdisk/Edith/墨小孔实习/resband/resistance_band/LIB\libCH57xBLE.a(linkdb.o)
                0x000000000000b258                linkDB_FindByAddr
 .text.linkDB_FindFirst
                0x000000000000b2ce       0x38 d:/BaiduSyncdisk/Edith/墨小孔实习/resband/resistance_band/LIB\libCH57xBLE.a(linkdb.o)
                0x000000000000b2ce                linkDB_FindFirst
 .text.linkDB_MTU
                0x000000000000b306       0x18 d:/BaiduSyncdisk/Edith/墨小孔实习/resband/resistance_band/LIB\libCH57xBLE.a(linkdb.o)
                0x000000000000b306                linkDB_MTU
 .text.linkDB_NumActive
                0x000000000000b31e       0x2e d:/BaiduSyncdisk/Edith/墨小孔实习/resband/resistance_band/LIB\libCH57xBLE.a(linkdb.o)
                0x000000000000b31e                linkDB_NumActive
 .text.linkDB_NumConns
                0x000000000000b34c        0x6 d:/BaiduSyncdisk/Edith/墨小孔实习/resband/resistance_band/LIB\libCH57xBLE.a(linkdb.o)
                0x000000000000b34c                linkDB_NumConns
 .text.linkDB_Register
                0x000000000000b352       0x28 d:/BaiduSyncdisk/Edith/墨小孔实习/resband/resistance_band/LIB\libCH57xBLE.a(linkdb.o)
                0x000000000000b352                linkDB_Register
 .text.linkDB_Remove
                0x000000000000b37a       0x48 d:/BaiduSyncdisk/Edith/墨小孔实习/resband/resistance_band/LIB\libCH57xBLE.a(linkdb.o)
                0x000000000000b37a                linkDB_Remove
 .text.linkDB_Role
                0x000000000000b3c2       0x18 d:/BaiduSyncdisk/Edith/墨小孔实习/resband/resistance_band/LIB\libCH57xBLE.a(linkdb.o)
                0x000000000000b3c2                linkDB_Role
 .text.linkDB_State
                0x000000000000b3da       0x30 d:/BaiduSyncdisk/Edith/墨小孔实习/resband/resistance_band/LIB\libCH57xBLE.a(linkdb.o)
                0x000000000000b3da                linkDB_State
 .text.linkDB_UpdateMTU
                0x000000000000b40a       0x28 d:/BaiduSyncdisk/Edith/墨小孔实习/resband/resistance_band/LIB\libCH57xBLE.a(linkdb.o)
                0x000000000000b40a                linkDB_UpdateMTU
 .text.linkDB_PerformFunc
                0x000000000000b432       0x52 d:/BaiduSyncdisk/Edith/墨小孔实习/resband/resistance_band/LIB\libCH57xBLE.a(linkdb.o)
                0x000000000000b432                linkDB_PerformFunc
 .text.linkDB_PeripheralLinkNum
                0x000000000000b484       0x3e d:/BaiduSyncdisk/Edith/墨小孔实习/resband/resistance_band/LIB\libCH57xBLE.a(linkdb.o)
                0x000000000000b484                linkDB_PeripheralLinkNum
 .text.linkDB_GetSMEvtID
                0x000000000000b4c2       0x58 d:/BaiduSyncdisk/Edith/墨小孔实习/resband/resistance_band/LIB\libCH57xBLE.a(linkdb.o)
                0x000000000000b4c2                linkDB_GetSMEvtID
 .text.linkDB_Add
                0x000000000000b51a       0xb2 d:/BaiduSyncdisk/Edith/墨小孔实习/resband/resistance_band/LIB\libCH57xBLE.a(linkdb.o)
                0x000000000000b51a                linkDB_Add
 .text.linkDB_GetHandleFromSMEvtID
                0x000000000000b5cc       0x32 d:/BaiduSyncdisk/Edith/墨小孔实习/resband/resistance_band/LIB\libCH57xBLE.a(linkdb.o)
                0x000000000000b5cc                linkDB_GetHandleFromSMEvtID
 .text.linkDB_GetPairingParam
                0x000000000000b5fe       0x54 d:/BaiduSyncdisk/Edith/墨小孔实习/resband/resistance_band/LIB\libCH57xBLE.a(linkdb.o)
                0x000000000000b5fe                linkDB_GetPairingParam
 .text.linkDB_NeedSendKey
                0x000000000000b652       0x42 d:/BaiduSyncdisk/Edith/墨小孔实习/resband/resistance_band/LIB\libCH57xBLE.a(linkdb.o)
                0x000000000000b652                linkDB_NeedSendKey
 .text.smpBuildPairingFailed
                0x000000000000b694       0x1a d:/BaiduSyncdisk/Edith/墨小孔实习/resband/resistance_band/LIB\libCH57xBLE.a(sm.o)
                0x000000000000b694                smpBuildPairingFailed
 .text.SM_StartEncryption
                0x000000000000b6ae       0x98 d:/BaiduSyncdisk/Edith/墨小孔实习/resband/resistance_band/LIB\libCH57xBLE.a(sm.o)
                0x000000000000b6ae                SM_StartEncryption
 .text.smpBuildEncInfo
                0x000000000000b746       0x30 d:/BaiduSyncdisk/Edith/墨小孔实习/resband/resistance_band/LIB\libCH57xBLE.a(sm.o)
                0x000000000000b746                smpBuildEncInfo
 .text.smpBuildIdentityAddrInfo
                0x000000000000b776       0x3a d:/BaiduSyncdisk/Edith/墨小孔实习/resband/resistance_band/LIB\libCH57xBLE.a(sm.o)
                0x000000000000b776                smpBuildIdentityAddrInfo
 .text.smpBuildIdentityInfo
                0x000000000000b7b0       0x30 d:/BaiduSyncdisk/Edith/墨小孔实习/resband/resistance_band/LIB\libCH57xBLE.a(sm.o)
                0x000000000000b7b0                smpBuildIdentityInfo
 .text.smpBuildMasterID
                0x000000000000b7e0       0x44 d:/BaiduSyncdisk/Edith/墨小孔实习/resband/resistance_band/LIB\libCH57xBLE.a(sm.o)
                0x000000000000b7e0                smpBuildMasterID
 .text.smpBuildPairingConfirm
                0x000000000000b824       0x30 d:/BaiduSyncdisk/Edith/墨小孔实习/resband/resistance_band/LIB\libCH57xBLE.a(sm.o)
                0x000000000000b824                smpBuildPairingConfirm
 .text.smpBuildPairingRandom
                0x000000000000b854       0x30 d:/BaiduSyncdisk/Edith/墨小孔实习/resband/resistance_band/LIB\libCH57xBLE.a(sm.o)
                0x000000000000b854                smpBuildPairingRandom
 .text.smpBuildSigningInfo
                0x000000000000b884       0x30 d:/BaiduSyncdisk/Edith/墨小孔实习/resband/resistance_band/LIB\libCH57xBLE.a(sm.o)
                0x000000000000b884                smpBuildSigningInfo
 .text.SM_ParamInit
                0x000000000000b8b4       0x5a d:/BaiduSyncdisk/Edith/墨小孔实习/resband/resistance_band/LIB\libCH57xBLE.a(sm.o)
                0x000000000000b8b4                SM_ParamInit
 .text.smDetermineKeySize
                0x000000000000b90e       0x20 d:/BaiduSyncdisk/Edith/墨小孔实习/resband/resistance_band/LIB\libCH57xBLE.a(sm.o)
                0x000000000000b90e                smDetermineKeySize
 .text.smProcessRandComplete
                0x000000000000b92e       0x9e d:/BaiduSyncdisk/Edith/墨小孔实习/resband/resistance_band/LIB\libCH57xBLE.a(sm.o)
                0x000000000000b92e                smProcessRandComplete
 .text.smSavePairInfo
                0x000000000000b9cc      0x186 d:/BaiduSyncdisk/Edith/墨小孔实习/resband/resistance_band/LIB\libCH57xBLE.a(sm.o)
                0x000000000000b9cc                smSavePairInfo
 .text.smSetPairingReqRsp
                0x000000000000bb52       0x38 d:/BaiduSyncdisk/Edith/墨小孔实习/resband/resistance_band/LIB\libCH57xBLE.a(sm.o)
                0x000000000000bb52                smSetPairingReqRsp
 .text.smStartEncryption
                0x000000000000bb8a       0x16 d:/BaiduSyncdisk/Edith/墨小孔实习/resband/resistance_band/LIB\libCH57xBLE.a(sm.o)
                0x000000000000bb8a                smStartEncryption
 .text.smStartRspTimer
                0x000000000000bba0       0x36 d:/BaiduSyncdisk/Edith/墨小孔实习/resband/resistance_band/LIB\libCH57xBLE.a(sm.o)
                0x000000000000bba0                smStartRspTimer
 .text.smSendSMMsg
                0x000000000000bbd6       0x5c d:/BaiduSyncdisk/Edith/墨小孔实习/resband/resistance_band/LIB\libCH57xBLE.a(sm.o)
                0x000000000000bbd6                smSendSMMsg
 .text.smGenerateConfirm
                0x000000000000bc32       0x34 d:/BaiduSyncdisk/Edith/墨小孔实习/resband/resistance_band/LIB\libCH57xBLE.a(sm.o)
                0x000000000000bc32                smGenerateConfirm
 .text.smGenerateRandMsg
                0x000000000000bc66       0x34 d:/BaiduSyncdisk/Edith/墨小孔实习/resband/resistance_band/LIB\libCH57xBLE.a(sm.o)
                0x000000000000bc66                smGenerateRandMsg
 .text.smPairingSendEncInfo
                0x000000000000bc9a       0x10 d:/BaiduSyncdisk/Edith/墨小孔实习/resband/resistance_band/LIB\libCH57xBLE.a(sm.o)
                0x000000000000bc9a                smPairingSendEncInfo
 .text.smPairingSendIdentityAddrInfo
                0x000000000000bcaa       0x38 d:/BaiduSyncdisk/Edith/墨小孔实习/resband/resistance_band/LIB\libCH57xBLE.a(sm.o)
                0x000000000000bcaa                smPairingSendIdentityAddrInfo
 .text.smPairingSendIdentityInfo
                0x000000000000bce2       0x10 d:/BaiduSyncdisk/Edith/墨小孔实习/resband/resistance_band/LIB\libCH57xBLE.a(sm.o)
                0x000000000000bce2                smPairingSendIdentityInfo
 .text.smPairingSendMasterID
                0x000000000000bcf2       0x38 d:/BaiduSyncdisk/Edith/墨小孔实习/resband/resistance_band/LIB\libCH57xBLE.a(sm.o)
                0x000000000000bcf2                smPairingSendMasterID
 .text.smPairingSendSingingInfo
                0x000000000000bd2a       0x10 d:/BaiduSyncdisk/Edith/墨小孔实习/resband/resistance_band/LIB\libCH57xBLE.a(sm.o)
                0x000000000000bd2a                smPairingSendSingingInfo
 .text.smInitiatorSendNextKeyInfo
                0x000000000000bd3a      0x1c2 d:/BaiduSyncdisk/Edith/墨小孔实习/resband/resistance_band/LIB\libCH57xBLE.a(sm.o)
                0x000000000000bd3a                smInitiatorSendNextKeyInfo
 .text.smResponderSendNextKeyInfo
                0x000000000000befc      0x216 d:/BaiduSyncdisk/Edith/墨小孔实习/resband/resistance_band/LIB\libCH57xBLE.a(sm.o)
                0x000000000000befc                smResponderSendNextKeyInfo
 .text.smGeneratePairingReqRsp
                0x000000000000c112       0x3e d:/BaiduSyncdisk/Edith/墨小孔实习/resband/resistance_band/LIB\libCH57xBLE.a(sm.o)
                0x000000000000c112                smGeneratePairingReqRsp
 .text.smStopRspTimer
                0x000000000000c150        0xa d:/BaiduSyncdisk/Edith/墨小孔实习/resband/resistance_band/LIB\libCH57xBLE.a(sm.o)
                0x000000000000c150                smStopRspTimer
 .text.smFreePairingParams
                0x000000000000c15a       0x68 d:/BaiduSyncdisk/Edith/墨小孔实习/resband/resistance_band/LIB\libCH57xBLE.a(sm.o)
                0x000000000000c15a                smFreePairingParams
 .text.smEndPairing
                0x000000000000c1c2       0x5c d:/BaiduSyncdisk/Edith/墨小孔实习/resband/resistance_band/LIB\libCH57xBLE.a(sm.o)
                0x000000000000c1c2                smEndPairing
 .text.setupInitiatorKeys
                0x000000000000c21e       0x82 d:/BaiduSyncdisk/Edith/墨小孔实习/resband/resistance_band/LIB\libCH57xBLE.a(sm.o)
                0x000000000000c21e                setupInitiatorKeys
 .text.smNextPairingState
                0x000000000000c2a0       0x56 d:/BaiduSyncdisk/Edith/墨小孔实习/resband/resistance_band/LIB\libCH57xBLE.a(sm.o)
                0x000000000000c2a0                smNextPairingState
 .text.smProcessEncryptChange
                0x000000000000c2f6       0xde d:/BaiduSyncdisk/Edith/墨小孔实习/resband/resistance_band/LIB\libCH57xBLE.a(sm.o)
                0x000000000000c2f6                smProcessEncryptChange
 .text.smSendFailAndEnd
                0x000000000000c3d4       0x38 d:/BaiduSyncdisk/Edith/墨小孔实习/resband/resistance_band/LIB\libCH57xBLE.a(sm.o)
                0x000000000000c3d4                smSendFailAndEnd
 .text.smProcessPairingReq
                0x000000000000c40c       0x3c d:/BaiduSyncdisk/Edith/墨小孔实习/resband/resistance_band/LIB\libCH57xBLE.a(sm.o)
                0x000000000000c40c                smProcessPairingReq
 .text.smLinkCheck
                0x000000000000c448       0x34 d:/BaiduSyncdisk/Edith/墨小孔实习/resband/resistance_band/LIB\libCH57xBLE.a(sm.o)
                0x000000000000c448                smLinkCheck
 .text.smTimedOut
                0x000000000000c47c       0x20 d:/BaiduSyncdisk/Edith/墨小孔实习/resband/resistance_band/LIB\libCH57xBLE.a(sm.o)
                0x000000000000c47c                smTimedOut
 .text.smUint8ToAuthReq
                0x000000000000c49c        0x6 d:/BaiduSyncdisk/Edith/墨小孔实习/resband/resistance_band/LIB\libCH57xBLE.a(sm.o)
                0x000000000000c49c                smUint8ToAuthReq
 .text.sm_ah    0x000000000000c4a2       0x80 d:/BaiduSyncdisk/Edith/墨小孔实习/resband/resistance_band/LIB\libCH57xBLE.a(sm.o)
                0x000000000000c4a2                sm_ah
 .text.sm_xor   0x000000000000c522       0x24 d:/BaiduSyncdisk/Edith/墨小孔实习/resband/resistance_band/LIB\libCH57xBLE.a(sm.o)
                0x000000000000c522                sm_xor
 .text.sm_c1new
                0x000000000000c546      0x11c d:/BaiduSyncdisk/Edith/墨小孔实习/resband/resistance_band/LIB\libCH57xBLE.a(sm.o)
                0x000000000000c546                sm_c1new
 .text.sm_s1    0x000000000000c662       0x86 d:/BaiduSyncdisk/Edith/墨小孔实习/resband/resistance_band/LIB\libCH57xBLE.a(sm.o)
                0x000000000000c662                sm_s1
 .text.smResponderProcessLTKReq
                0x000000000000c6e8      0x1e6 d:/BaiduSyncdisk/Edith/墨小孔实习/resband/resistance_band/LIB\libCH57xBLE.a(sm.o)
                0x000000000000c6e8                smResponderProcessLTKReq
 .text.xor_128  0x000000000000c8ce       0x28 d:/BaiduSyncdisk/Edith/墨小孔实习/resband/resistance_band/LIB\libCH57xBLE.a(sm.o)
                0x000000000000c8ce                xor_128
 .text.leftshift_onebit
                0x000000000000c8f6       0x2e d:/BaiduSyncdisk/Edith/墨小孔实习/resband/resistance_band/LIB\libCH57xBLE.a(sm.o)
                0x000000000000c8f6                leftshift_onebit
 .text.padding  0x000000000000c924       0x38 d:/BaiduSyncdisk/Edith/墨小孔实习/resband/resistance_band/LIB\libCH57xBLE.a(sm.o)
                0x000000000000c924                padding
 .text.generate_subkey
                0x000000000000c95c       0xd0 d:/BaiduSyncdisk/Edith/墨小孔实习/resband/resistance_band/LIB\libCH57xBLE.a(sm.o)
                0x000000000000c95c                generate_subkey
 .text.sm_CMAC  0x000000000000ca2c      0x16e d:/BaiduSyncdisk/Edith/墨小孔实习/resband/resistance_band/LIB\libCH57xBLE.a(sm.o)
                0x000000000000ca2c                sm_CMAC
 .text.smpBuildPairingReqRsp
                0x000000000000cb9a       0xc6 d:/BaiduSyncdisk/Edith/墨小孔实习/resband/resistance_band/LIB\libCH57xBLE.a(sm.o)
                0x000000000000cb9a                smpBuildPairingReqRsp
 .text.smpBuildPairingReq
                0x000000000000cc60        0xa d:/BaiduSyncdisk/Edith/墨小孔实习/resband/resistance_band/LIB\libCH57xBLE.a(sm.o)
                0x000000000000cc60                smpBuildPairingReq
 .text.smpBuildPairingRsp
                0x000000000000cc6a        0xa d:/BaiduSyncdisk/Edith/墨小孔实习/resband/resistance_band/LIB\libCH57xBLE.a(sm.o)
                0x000000000000cc6a                smpBuildPairingRsp
 .text.sm_c1    0x000000000000cc74       0xb4 d:/BaiduSyncdisk/Edith/墨小孔实习/resband/resistance_band/LIB\libCH57xBLE.a(sm.o)
                0x000000000000cc74                sm_c1
 .text.smpBuildSecurityReq
                0x000000000000cd28       0x1a d:/BaiduSyncdisk/Edith/墨小孔实习/resband/resistance_band/LIB\libCH57xBLE.a(sm.o)
                0x000000000000cd28                smpBuildSecurityReq
 .text.smpInitiatorProcessPairingRsp
                0x000000000000cd42      0x116 d:/BaiduSyncdisk/Edith/墨小孔实习/resband/resistance_band/LIB\libCH57xBLE.a(sm.o)
                0x000000000000cd42                smpInitiatorProcessPairingRsp
 .text.smpInitiatorProcessIncoming
                0x000000000000ce58      0x23e d:/BaiduSyncdisk/Edith/墨小孔实习/resband/resistance_band/LIB\libCH57xBLE.a(sm.o)
                0x000000000000ce58                smpInitiatorProcessIncoming
 .text.smpParseEncInfo
                0x000000000000d096       0x2a d:/BaiduSyncdisk/Edith/墨小孔实习/resband/resistance_band/LIB\libCH57xBLE.a(sm.o)
                0x000000000000d096                smpParseEncInfo
 .text.smpParseIdentityAddrInfo
                0x000000000000d0c0       0x34 d:/BaiduSyncdisk/Edith/墨小孔实习/resband/resistance_band/LIB\libCH57xBLE.a(sm.o)
                0x000000000000d0c0                smpParseIdentityAddrInfo
 .text.smpParseIdentityInfo
                0x000000000000d0f4       0x2a d:/BaiduSyncdisk/Edith/墨小孔实习/resband/resistance_band/LIB\libCH57xBLE.a(sm.o)
                0x000000000000d0f4                smpParseIdentityInfo
 .text.smpParseMasterID
                0x000000000000d11e       0x3c d:/BaiduSyncdisk/Edith/墨小孔实习/resband/resistance_band/LIB\libCH57xBLE.a(sm.o)
                0x000000000000d11e                smpParseMasterID
 .text.smpParsePairingConfirm
                0x000000000000d15a       0x2a d:/BaiduSyncdisk/Edith/墨小孔实习/resband/resistance_band/LIB\libCH57xBLE.a(sm.o)
                0x000000000000d15a                smpParsePairingConfirm
 .text.smpParsePairingFailed
                0x000000000000d184       0x22 d:/BaiduSyncdisk/Edith/墨小孔实习/resband/resistance_band/LIB\libCH57xBLE.a(sm.o)
                0x000000000000d184                smpParsePairingFailed
 .text.smpParsePairingRandom
                0x000000000000d1a6       0x2a d:/BaiduSyncdisk/Edith/墨小孔实习/resband/resistance_band/LIB\libCH57xBLE.a(sm.o)
                0x000000000000d1a6                smpParsePairingRandom
 .text.smpParsePairingReq
                0x000000000000d1d0      0x118 d:/BaiduSyncdisk/Edith/墨小孔实习/resband/resistance_band/LIB\libCH57xBLE.a(sm.o)
                0x000000000000d1d0                smpParsePairingReq
 .text.smpParseSigningInfo
                0x000000000000d2e8       0x2a d:/BaiduSyncdisk/Edith/墨小孔实习/resband/resistance_band/LIB\libCH57xBLE.a(sm.o)
                0x000000000000d2e8                smpParseSigningInfo
 .text.smProcessDataMsg
                0x000000000000d312       0xec d:/BaiduSyncdisk/Edith/墨小孔实习/resband/resistance_band/LIB\libCH57xBLE.a(sm.o)
                0x000000000000d312                smProcessDataMsg
 .text.smProcessTMOSMsg
                0x000000000000d3fe       0xd4 d:/BaiduSyncdisk/Edith/墨小孔实习/resband/resistance_band/LIB\libCH57xBLE.a(sm.o)
                0x000000000000d3fe                smProcessTMOSMsg
 .text.smpResponderProcessPairingReq
                0x000000000000d4d2       0xd6 d:/BaiduSyncdisk/Edith/墨小孔实习/resband/resistance_band/LIB\libCH57xBLE.a(sm.o)
                0x000000000000d4d2                smpResponderProcessPairingReq
 .text.smpResponderProcessIncoming
                0x000000000000d5a8      0x24c d:/BaiduSyncdisk/Edith/墨小孔实习/resband/resistance_band/LIB\libCH57xBLE.a(sm.o)
                0x000000000000d5a8                smpResponderProcessIncoming
 .text.SM_CalcRandomAddr
                0x000000000000d7f4       0x54 d:/BaiduSyncdisk/Edith/墨小孔实习/resband/resistance_band/LIB\libCH57xBLE.a(sm.o)