Archive member included to satisfy reference by file (symbol)

/home/mxk/resband/reistance_band_v0_1/SRC/StdPeriphDriver/libISP573.a(ISP573.o)
                              ./StdPeriphDriver/CH57x_flash.o (FLASH_EEPROM_CMD)
/home/mxk/resband/reistance_band_v0_1/resistance_band/LIB/libCH57xBLE.a(message.o)
                              ./HAL/MCU.o (tmos_msg_deallocate)
/home/mxk/resband/reistance_band_v0_1/resistance_band/LIB/libCH57xBLE.a(tmos.o)
                              ./Profile/battservice.o (tmos_memcpy)
/home/mxk/resband/reistance_band_v0_1/resistance_band/LIB/libCH57xBLE.a(tmos_hw.o)
                              /home/mxk/resband/reistance_band_v0_1/resistance_band/LIB/libCH57xBLE.a(tmos.o) (RTC_Get32KClock)
/home/mxk/resband/reistance_band_v0_1/resistance_band/LIB/libCH57xBLE.a(tmos_snv.o)
                              /home/mxk/resband/reistance_band_v0_1/resistance_band/LIB/libCH57xBLE.a(tmos.o) (tmos_snv_init)
/home/mxk/resband/reistance_band_v0_1/resistance_band/LIB/libCH57xBLE.a(gap.o)
                              ./APP/resband.o (GAP_GetParamValue)
/home/mxk/resband/reistance_band_v0_1/resistance_band/LIB/libCH57xBLE.a(gap_central.o)
                              /home/mxk/resband/reistance_band_v0_1/resistance_band/LIB/libCH57xBLE.a(gap.o) (GAP_CentralParamInit)
/home/mxk/resband/reistance_band_v0_1/resistance_band/LIB/libCH57xBLE.a(gap_peripheral.o)
                              /home/mxk/resband/reistance_band_v0_1/resistance_band/LIB/libCH57xBLE.a(gap.o) (GAP_PeripheralParamInit)
/home/mxk/resband/reistance_band_v0_1/resistance_band/LIB/libCH57xBLE.a(gapgattserver.o)
                              ./APP/resband.o (GGS_SetParameter)
/home/mxk/resband/reistance_band_v0_1/resistance_band/LIB/libCH57xBLE.a(gatt.o)
                              ./Profile/battservice.o (GATT_bm_alloc)
/home/mxk/resband/reistance_band_v0_1/resistance_band/LIB/libCH57xBLE.a(gatt_uuid.o)
                              ./Profile/battservice.o (reportRefUUID)
/home/mxk/resband/reistance_band_v0_1/resistance_band/LIB/libCH57xBLE.a(gattclientapp.o)
                              /home/mxk/resband/reistance_band_v0_1/resistance_band/LIB/libCH57xBLE.a(gatt.o) (gattGetClientStatus)
/home/mxk/resband/reistance_band_v0_1/resistance_band/LIB/libCH57xBLE.a(gattservapp.o)
                              ./Profile/battservice.o (GATTServApp_ReadCharCfg)
/home/mxk/resband/reistance_band_v0_1/resistance_band/LIB/libCH57xBLE.a(l2cap.o)
                              /home/mxk/resband/reistance_band_v0_1/resistance_band/LIB/libCH57xBLE.a(gatt.o) (L2CAP_GetMTU)
/home/mxk/resband/reistance_band_v0_1/resistance_band/LIB/libCH57xBLE.a(l2cap_input.o)
                              /home/mxk/resband/reistance_band_v0_1/resistance_band/LIB/libCH57xBLE.a(l2cap.o) (l2capProcessRxData)
/home/mxk/resband/reistance_band_v0_1/resistance_band/LIB/libCH57xBLE.a(l2cap_output.o)
                              /home/mxk/resband/reistance_band_v0_1/resistance_band/LIB/libCH57xBLE.a(l2cap_input.o) (l2capNotifyData)
/home/mxk/resband/reistance_band_v0_1/resistance_band/LIB/libCH57xBLE.a(l2cap_sdu.o)
                              /home/mxk/resband/reistance_band_v0_1/resistance_band/LIB/libCH57xBLE.a(l2cap_input.o) (l2capBuildDisconnectRsp)
/home/mxk/resband/reistance_band_v0_1/resistance_band/LIB/libCH57xBLE.a(linkdb.o)
                              /home/mxk/resband/reistance_band_v0_1/resistance_band/LIB/libCH57xBLE.a(l2cap.o) (linkDB_Init)
/home/mxk/resband/reistance_band_v0_1/resistance_band/LIB/libCH57xBLE.a(sm.o)
                              /home/mxk/resband/reistance_band_v0_1/resistance_band/LIB/libCH57xBLE.a(gap.o) (smStartEncryption)
/home/mxk/resband/reistance_band_v0_1/resistance_band/LIB/libCH57xBLE.a(host_input.o)
                              /home/mxk/resband/reistance_band_v0_1/resistance_band/LIB/libCH57xBLE.a(gap.o) (gBleHostPara)
/home/mxk/resband/reistance_band_v0_1/resistance_band/LIB/libCH57xBLE.a(host_output.o)
                              /home/mxk/resband/reistance_band_v0_1/resistance_band/LIB/libCH57xBLE.a(gap.o) (HCI_DisconnectCmd)
/home/mxk/resband/reistance_band_v0_1/resistance_band/LIB/libCH57xBLE.a(ll_connect.o)
                              /home/mxk/resband/reistance_band_v0_1/resistance_band/LIB/libCH57xBLE.a(tmos.o) (LL_GetNextConnectEventTime)
/home/mxk/resband/reistance_band_v0_1/resistance_band/LIB/libCH57xBLE.a(ll_core.o)
                              /home/mxk/resband/reistance_band_v0_1/resistance_band/LIB/libCH57xBLE.a(ll_connect.o) (LL_CoreGetCore)
/home/mxk/resband/reistance_band_v0_1/resistance_band/LIB/libCH57xBLE.a(ll_hop.o)
                              /home/mxk/resband/reistance_band_v0_1/resistance_band/LIB/libCH57xBLE.a(ll_connect.o) (LL_HopGetChannel)
/home/mxk/resband/reistance_band_v0_1/resistance_band/LIB/libCH57xBLE.a(ll_master.o)
                              /home/mxk/resband/reistance_band_v0_1/resistance_band/LIB/libCH57xBLE.a(gap_central.o) (LL_SetDataSendPriority)
[...]
Memory Configuration

Name             Origin             Length             Attributes
FLASH            0x0000000000000000 0x0000000000070000 xr
RAM              0x0000000020003800 0x0000000000004800 xrw
*default*        0x0000000000000000 0xffffffffffffffff

Linker script and memory map

LOAD ./StdPeriphDriver/CH57x_adc.o
LOAD ./StdPeriphDriver/CH57x_clk.o
LOAD ./StdPeriphDriver/CH57x_flash.o
LOAD ./StdPeriphDriver/CH57x_gpio.o
LOAD ./StdPeriphDriver/CH57x_pwr.o
LOAD ./StdPeriphDriver/CH57x_sys.o
LOAD ./StdPeriphDriver/CH57x_uart1.o
LOAD ./Startup/startup_CH573.o
LOAD ./RVMSIS/core_riscv.o
LOAD ./Profile/battservice.o
LOAD ./Profile/devinfoservice.o
LOAD ./Profile/resbandservice.o
LOAD ./HAL/AS5600.o
LOAD ./HAL/LED.o
LOAD ./HAL/MCU.o
LOAD ./HAL/RTC.o
LOAD ./HAL/SLEEP.o
LOAD ./APP/resband.o
LOAD ./APP/resband_main.o
LOAD ./APP/tension.o
LOAD /home/mxk/resband/reistance_band_v0_1/SRC/StdPeriphDriver/libISP573.a
LOAD /home/mxk/resband/reistance_band_v0_1/resistance_band/LIB/libCH57xBLE.a
LOAD /usr/share/MRS2/MRS-linux-x64/resources/app/resources/linux/components/WCH/Toolchain/RISC-V Embedded GCC/bin/../lib/gcc/riscv-none-embed/8.2.0/../../../../riscv-none-embed/lib/rv32imac/ilp32/libm.a
LOAD /usr/share/MRS2/MRS-linux-x64/resources/app/resources/linux/components/WCH/Toolchain/RISC-V Embedded GCC/bin/../lib/gcc/riscv-none-embed/8.2.0/rv32imac/ilp32/libgcc.a
LOAD /usr/share/MRS2/MRS-linux-x64/resources/app/resources/linux/components/WCH/Toolchain/RISC-V Embedded GCC/bin/../lib/gcc/riscv-none-embed/8.2.0/../../../../riscv-none-embed/lib/rv32imac/ilp32/libg_nano.a
LOAD /usr/share/MRS2/MRS-linux-x64/resources/app/resources/linux/components/WCH/Toolchain/RISC-V Embedded GCC/bin/../lib/gcc/riscv-none-embed/8.2.0/../../../../riscv-none-embed/lib/rv32imac/ilp32/libc_nano.a
LOAD /usr/share/MRS2/MRS-linux-x64/resources/app/resources/linux/components/WCH/Toolchain/RISC-V Embedded GCC/bin/../lib/gcc/riscv-none-embed/8.2.0/rv32imac/ilp32/libgcc.a
START GROUP
LOAD /usr/share/MRS2/MRS-linux-x64/resources/app/resources/linux/components/WCH/Toolchain/RISC-V Embedded GCC/bin/../lib/gcc/riscv-none-embed/8.2.0/rv32imac/ilp32/libgcc.a
LOAD /usr/share/MRS2/MRS-linux-x64/resources/app/resources/linux/components/WCH/Toolchain/RISC-V Embedded GCC/bin/../lib/gcc/riscv-none-embed/8.2.0/../../../../riscv-none-embed/lib/rv32imac/ilp32/libc_nano.a
LOAD /usr/share/MRS2/MRS-linux-x64/resources/app/resources/linux/components/WCH/Toolchain/RISC-V Embedded GCC/bin/../lib/gcc/riscv-none-embed/8.2.0/../../../../riscv-none-embed/lib/rv32imac/ilp32/libnosys.a
END GROUP
START GROUP
LOAD /usr/share/MRS2/MRS-linux-x64/resources/app/resources/linux/components/WCH/Toolchain/RISC-V Embedded GCC/bin/../lib/gcc/riscv-none-embed/8.2.0/rv32imac/ilp32/libgcc.a
LOAD /usr/share/MRS2/MRS-linux-x64/resources/app/resources/linux/components/WCH/Toolchain/RISC-V Embedded GCC/bin/../lib/gcc/riscv-none-embed/8.2.0/../../../../riscv-none-embed/lib/rv32imac/ilp32/libc_nano.a
LOAD /usr/share/MRS2/MRS-linux-x64/resources/app/resources/linux/components/WCH/Toolchain/RISC-V Embedded GCC/bin/../lib/gcc/riscv-none-embed/8.2.0/../../../../riscv-none-embed/lib/rv32imac/ilp32/libnosys.a
END GROUP
                0x0000000000000200                __stack_size = 0x200
                [!provide]                        PROVIDE (_stack_size = __stack_size)

.init           0x0000000000000000        0x4
                0x0000000000000000                _sinit = .
                0x0000000000000000                . = ALIGN (0x4)
 *(SORT_NONE(.init))
 .init          0x0000000000000000        0x4 ./Startup/startup_CH573.o
                0x0000000000000000                _start
                0x0000000000000004                . = ALIGN (0x4)
                0x0000000000000004                _einit = .

.highcodelalign
                0x0000000000000004        0x0
                0x0000000000000004                . = ALIGN (0x4)
                0x0000000000000004                PROVIDE (_highcode_lma = .)

.highcode       0x0000000020003800      0x6a0 load address 0x0000000000000004
                0x0000000020003800                . = ALIGN (0x4)
                0x0000000020003800                PROVIDE (_highcode_vma_start = .)
 *(.vector)
 .vector        0x0000000020003800       0x90 ./Startup/startup_CH573.o
 *(SORT_NONE(.vector_handler))
 .vector_handler
                0x0000000020003890       0x2c ./Startup/startup_CH573.o
                0x0000000020003890                NMI_Handler
                0x0000000020003894                SysTick_Handler
                0x0000000020003896                SW_Handler
                0x0000000020003898                TMR0_IRQHandler
                0x000000002000389a                GPIOA_IRQHandler
                0x000000002000389c                GPIOB_IRQHandler
                0x000000002000389e                SPI0_IRQHandler
                0x00000000200038a0                BB_IRQHandler
                0x00000000200038a2                LLE_IRQHandler
                0x00000000200038a4                USB_IRQHandler
                0x00000000200038a6                TMR1_IRQHandler
                0x00000000200038a8                TMR2_IRQHandler
                0x00000000200038aa                UART0_IRQHandler
                0x00000000200038ac                UART1_IRQHandler
                0x00000000200038b0                ADC_IRQHandler
                0x00000000200038b2                PWMX_IRQHandler
                0x00000000200038b4                TMR3_IRQHandler
                0x00000000200038b6                UART2_IRQHandler
                0x00000000200038b8                UART3_IRQHandler
                0x00000000200038ba                WDOG_BAT_IRQHandler
 *(.highcode)
 .highcode      0x00000000200038bc      0x1d0 ./StdPeriphDriver/CH57x_sys.o
                0x00000000200038bc                SetSysClock
                0x00000000200039d4                SYS_ResetExecute
                0x0000000020003a10                HardFault_Handler
                0x0000000020003a56                mDelayuS
                0x0000000020003a64                mDelaymS
 .highcode      0x0000000020003a8c       0x1a ./HAL/RTC.o
                0x0000000020003a8c                RTC_IRQHandler
 .highcode      0x0000000020003aa6      0x3fa /home/mxk/resband/reistance_band_v0_1/SRC/StdPeriphDriver/libISP573.a(ISP573.o)
                0x0000000020003aa6                FLASH_ROM_BEG
                0x0000000020003ab6                FLASH_ROM_END
                0x0000000020003ac4                FLASH_ROM_IN
                0x0000000020003ad2                FLASH_ROM_OUT
                0x0000000020003ae0                FLASH_ROM_ADDR
                0x0000000020003b28                FLASH_ROM_WAIT
                0x0000000020003b60                FLASH_EEPROM_CMD
 *(.highcode.*)
                0x0000000020003ea0                . = ALIGN (0x4)
                0x0000000020003ea0                PROVIDE (_highcode_vma_end = .)

.text           0x00000000000006a4      0x13c
                0x00000000000006a4                . = ALIGN (0x4)
 *(SORT_NONE(.handle_reset))
 .handle_reset  0x00000000000006a4       0xd2 ./Startup/startup_CH573.o
                0x00000000000006a4                handle_reset
 *(.text)
 *(.text.*)
 .text.startup.main
                0x0000000000000776       0x68 ./APP/resband_main.o
                0x0000000000000776                main
 *(.rodata)
 *(.rodata*)
 *(.sdata2.*)
 *(.glue_7)
 *(.glue_7t)
 *(.gnu.linkonce.t.*)
                0x00000000000007e0                . = ALIGN (0x4)
 *fill*         0x00000000000007de        0x2 

.rela.dyn       0x00000000000007e0        0x0
 .rela.init     0x00000000000007e0        0x0 ./StdPeriphDriver/CH57x_sys.o
 .rela.vector   0x00000000000007e0        0x0 ./StdPeriphDriver/CH57x_sys.o
 .rela.handle_reset
                0x00000000000007e0        0x0 ./StdPeriphDriver/CH57x_sys.o

.fini           0x00000000000007e0        0x0
 *(SORT_NONE(.fini))
                0x00000000000007e0                . = ALIGN (0x4)
                [!provide]                        PROVIDE (_etext = .)
                [!provide]                        PROVIDE (_eitcm = .)

.preinit_array  0x00000000000007e0        0x0
                [!provide]                        PROVIDE (__preinit_array_start = .)
 *(.preinit_array)
                [!provide]                        PROVIDE (__preinit_array_end = .)

.init_array     0x00000000000007e0        0x0
                [!provide]                        PROVIDE (__init_array_start = .)
 *(SORT_BY_INIT_PRIORITY(.init_array.*) SORT_BY_INIT_PRIORITY(.ctors.*))
 *(.init_array EXCLUDE_FILE(*crtend?.o *crtend.o *crtbegin?.o *crtbegin.o) .ctors)
                [!provide]                        PROVIDE (__init_array_end = .)

.fini_array     0x00000000000007e0        0x0
                [!provide]                        PROVIDE (__fini_array_start = .)
 *(SORT_BY_INIT_PRIORITY(.fini_array.*) SORT_BY_INIT_PRIORITY(.dtors.*))
 *(.fini_array EXCLUDE_FILE(*crtend?.o *crtend.o *crtbegin?.o *crtbegin.o) .dtors)
                [!provide]                        PROVIDE (__fini_array_end = .)

.ctors
 *crtbegin.o(.ctors)
 *crtbegin?.o(.ctors)
 *(EXCLUDE_FILE(*crtend?.o *crtend.o) .ctors)
 *(SORT_BY_NAME(.ctors.*))
 *(.ctors)

.dtors
 *crtbegin.o(.dtors)
 *crtbegin?.o(.dtors)
 *(EXCLUDE_FILE(*crtend?.o *crtend.o) .dtors)
 *(SORT_BY_NAME(.dtors.*))
 *(.dtors)

.dalign         0x0000000020003ea0      0x160 load address 0x00000000000007e0
                0x0000000020004000                . = (ORIGIN (RAM) + MAX (0x800, SIZEOF (.highcode)))
 *fill*         0x0000000020003ea0      0x160 

.dlalign        0x00000000000007e0        0x0
                0x00000000000007e0                . = ALIGN (0x4)
                0x00000000000007e0                PROVIDE (_data_lma = .)

.data           0x0000000020004000        0x0 load address 0x00000000000007e0
                0x0000000020004000                . = ALIGN (0x4)
                0x0000000020004000                PROVIDE (_data_vma = .)
 *(.gnu.linkonce.r.*)
 *(.data .data.*)
 *(.gnu.linkonce.d.*)
                0x0000000020004000                . = ALIGN (0x8)
                0x0000000020004800                PROVIDE (__global_pointer$ = (. + 0x800))
 *(.sdata .sdata.*)
 *(.gnu.linkonce.s.*)
                0x0000000020004000                . = ALIGN (0x8)
 *(.srodata.cst16)
 *(.srodata.cst8)
 *(.srodata.cst4)
 *(.srodata.cst2)
 *(.srodata .srodata.*)
                0x0000000020004000                . = ALIGN (0x4)
                0x0000000020004000                PROVIDE (_edata = .)

.bss            0x0000000020004000        0x4 load address 0x00000000000007e0
                0x0000000020004000                . = ALIGN (0x4)
                0x0000000020004000                PROVIDE (_sbss = .)
 *(.sbss*)
 .sbss.RTCTigFlag
                0x0000000020004000        0x4 ./HAL/RTC.o
                0x0000000020004000                RTCTigFlag
 *(.gnu.linkonce.sb.*)
 *(.bss*)
 *(.gnu.linkonce.b.*)
 *(COMMON*)
                0x0000000020004004                . = ALIGN (0x4)
                0x0000000020004004                PROVIDE (_ebss = .)
                0x0000000020004004                PROVIDE (_end = _ebss)
                [!provide]                        PROVIDE (end = .)

.stack          0x0000000020007e00      0x200
                0x0000000020007e00                PROVIDE (_heap_end = .)
                0x0000000020007e00                . = ALIGN (0x4)
                [!provide]                        PROVIDE (_susrstack = .)
                0x0000000020008000                . = (. + __stack_size)
 *fill*         0x0000000020007e00      0x200 
                0x0000000020008000                PROVIDE (_eusrstack = .)
OUTPUT(Resband.elf elf32-littleriscv)

.debug_info     0x0000000000000000     0x3097
 .debug_info    0x0000000000000000     0x1374 ./StdPeriphDriver/CH57x_sys.o
 .debug_info    0x0000000000001374       0x22 ./Startup/startup_CH573.o
 .debug_info    0x0000000000001396      0xe8b ./HAL/RTC.o
 .debug_info    0x0000000000002221      0xe76 ./APP/resband_main.o

.debug_abbrev   0x0000000000000000      0x8d1
 .debug_abbrev  0x0000000000000000      0x392 ./StdPeriphDriver/CH57x_sys.o
 .debug_abbrev  0x0000000000000392       0x12 ./Startup/startup_CH573.o
 .debug_abbrev  0x00000000000003a4      0x2ab ./HAL/RTC.o
 .debug_abbrev  0x000000000000064f      0x282 ./APP/resband_main.o

.debug_loc      0x0000000000000000      0x227
 .debug_loc     0x0000000000000000      0x227 ./StdPeriphDriver/CH57x_sys.o

.debug_aranges  0x0000000000000000      0x118
 .debug_aranges
                0x0000000000000000       0x88 ./StdPeriphDriver/CH57x_sys.o
 .debug_aranges
                0x0000000000000088       0x38 ./Startup/startup_CH573.o
 .debug_aranges
                0x00000000000000c0       0x30 ./HAL/RTC.o
 .debug_aranges
                0x00000000000000f0       0x28 ./APP/resband_main.o

.debug_ranges   0x0000000000000000      0x110
 .debug_ranges  0x0000000000000000       0x78 ./StdPeriphDriver/CH57x_sys.o
 .debug_ranges  0x0000000000000078       0x30 ./Startup/startup_CH573.o
 .debug_ranges  0x00000000000000a8       0x50 ./HAL/RTC.o
 .debug_ranges  0x00000000000000f8       0x18 ./APP/resband_main.o

.debug_line     0x0000000000000000     0x1a42
 .debug_line    0x0000000000000000      0xdc8 ./StdPeriphDriver/CH57x_sys.o
 .debug_line    0x0000000000000dc8      0x2ba ./Startup/startup_CH573.o
 .debug_line    0x0000000000001082      0x567 ./HAL/RTC.o
 .debug_line    0x00000000000015e9      0x459 ./APP/resband_main.o

.debug_str      0x0000000000000000      0xdec
 .debug_str     0x0000000000000000      0xb10 ./StdPeriphDriver/CH57x_sys.o
                                        0xba2 (size before relaxing)
 .debug_str     0x0000000000000b10       0x4e ./Startup/startup_CH573.o
                                         0x92 (size before relaxing)
 .debug_str     0x0000000000000b5e      0x24f ./HAL/RTC.o
                                        0x9ef (size before relaxing)
 .debug_str     0x0000000000000dad       0x3f ./APP/resband_main.o
                                        0xaae (size before relaxing)

.comment        0x0000000000000000       0x66
 .comment       0x0000000000000000       0x33 ./StdPeriphDriver/CH57x_sys.o
                                         0x34 (size before relaxing)
 .comment       0x0000000000000033       0x34 ./HAL/RTC.o
 .comment       0x0000000000000033       0x34 ./APP/resband_main.o
 .comment       0x0000000000000033       0x33 /home/mxk/resband/reistance_band_v0_1/SRC/StdPeriphDriver/libISP573.a(ISP573.o)
                                         0x34 (size before relaxing)

.debug_frame    0x0000000000000000      0x1a8
 .debug_frame   0x0000000000000000      0x114 ./StdPeriphDriver/CH57x_sys.o
 .debug_frame   0x0000000000000114       0x50 ./HAL/RTC.o
 .debug_frame   0x0000000000000164       0x44 ./APP/resband_main.o
