Archive member included to satisfy reference by file (symbol)

d:/BaiduSyncdisk/Edith/墨小孔实习/resband/SRC/StdPeriphDriver\libISP573.a(ISP573.o)
                              ./StdPeriphDriver/CH57x_flash.o (FLASH_EEPROM_CMD)
d:/BaiduSyncdisk/Edith/墨小孔实习/resband/resistance_band/LIB\libCH57xBLE.a(message.o)
                              ./HAL/MCU.o (tmos_msg_deallocate)
d:/BaiduSyncdisk/Edith/墨小孔实习/resband/resistance_band/LIB\libCH57xBLE.a(tmos.o)
                              ./Profile/battservice.o (tmos_memcpy)
d:/BaiduSyncdisk/Edith/墨小孔实习/resband/resistance_band/LIB\libCH57xBLE.a(tmos_hw.o)
                              d:/BaiduSyncdisk/Edith/墨小孔实习/resband/resistance_band/LIB\libCH57xBLE.a(tmos.o) (RTC_Get32KClock)
d:/BaiduSyncdisk/Edith/墨小孔实习/resband/resistance_band/LIB\libCH57xBLE.a(tmos_snv.o)
                              d:/BaiduSyncdisk/Edith/墨小孔实习/resband/resistance_band/LIB\libCH57xBLE.a(tmos.o) (tmos_snv_init)
d:/BaiduSyncdisk/Edith/墨小孔实习/resband/resistance_band/LIB\libCH57xBLE.a(gap.o)
                              ./APP/resband.o (GAP_GetParamValue)
d:/BaiduSyncdisk/Edith/墨小孔实习/resband/resistance_band/LIB\libCH57xBLE.a(gap_central.o)
                              d:/BaiduSyncdisk/Edith/墨小孔实习/resband/resistance_band/LIB\libCH57xBLE.a(gap.o) (GAP_CentralParamInit)
d:/BaiduSyncdisk/Edith/墨小孔实习/resband/resistance_band/LIB\libCH57xBLE.a(gap_peripheral.o)
                              d:/BaiduSyncdisk/Edith/墨小孔实习/resband/resistance_band/LIB\libCH57xBLE.a(gap.o) (GAP_PeripheralParamInit)
d:/BaiduSyncdisk/Edith/墨小孔实习/resband/resistance_band/LIB\libCH57xBLE.a(gapgattserver.o)
                              ./APP/resband.o (GGS_SetParameter)
d:/BaiduSyncdisk/Edith/墨小孔实习/resband/resistance_band/LIB\libCH57xBLE.a(gatt.o)
                              ./Profile/battservice.o (GATT_bm_alloc)
d:/BaiduSyncdisk/Edith/墨小孔实习/resband/resistance_band/LIB\libCH57xBLE.a(gatt_uuid.o)
                              ./Profile/battservice.o (reportRefUUID)
d:/BaiduSyncdisk/Edith/墨小孔实习/resband/resistance_band/LIB\libCH57xBLE.a(gattclientapp.o)
                              d:/BaiduSyncdisk/Edith/墨小孔实习/resband/resistance_band/LIB\libCH57xBLE.a(gatt.o) (gattGetClientStatus)
d:/BaiduSyncdisk/Edith/墨小孔实习/resband/resistance_band/LIB\libCH57xBLE.a(gattservapp.o)
                              ./Profile/battservice.o (GATTServApp_ReadCharCfg)
d:/BaiduSyncdisk/Edith/墨小孔实习/resband/resistance_band/LIB\libCH57xBLE.a(l2cap.o)
                              d:/BaiduSyncdisk/Edith/墨小孔实习/resband/resistance_band/LIB\libCH57xBLE.a(gatt.o) (L2CAP_GetMTU)
d:/BaiduSyncdisk/Edith/墨小孔实习/resband/resistance_band/LIB\libCH57xBLE.a(l2cap_input.o)
                              d:/BaiduSyncdisk/Edith/墨小孔实习/resband/resistance_band/LIB\libCH57xBLE.a(l2cap.o) (l2capProcessRxData)
d:/BaiduSyncdisk/Edith/墨小孔实习/resband/resistance_band/LIB\libCH57xBLE.a(l2cap_output.o)
                              d:/BaiduSyncdisk/Edith/墨小孔实习/resband/resistance_band/LIB\libCH57xBLE.a(l2cap_input.o) (l2capNotifyData)
d:/BaiduSyncdisk/Edith/墨小孔实习/resband/resistance_band/LIB\libCH57xBLE.a(l2cap_sdu.o)
                              d:/BaiduSyncdisk/Edith/墨小孔实习/resband/resistance_band/LIB\libCH57xBLE.a(l2cap_input.o) (l2capBuildDisconnectRsp)
d:/BaiduSyncdisk/Edith/墨小孔实习/resband/resistance_band/LIB\libCH57xBLE.a(linkdb.o)
                              d:/BaiduSyncdisk/Edith/墨小孔实习/resband/resistance_band/LIB\libCH57xBLE.a(l2cap.o) (linkDB_Init)
d:/BaiduSyncdisk/Edith/墨小孔实习/resband/resistance_band/LIB\libCH57xBLE.a(sm.o)
                              d:/BaiduSyncdisk/Edith/墨小孔实习/resband/resistance_band/LIB\libCH57xBLE.a(gap.o) (smStartEncryption)
d:/BaiduSyncdisk/Edith/墨小孔实习/resband/resistance_band/LIB\libCH57xBLE.a(host_input.o)
                              d:/BaiduSyncdisk/Edith/墨小孔实习/resband/resistance_band/LIB\libCH57xBLE.a(gap.o) (gBleHostPara)
d:/BaiduSyncdisk/Edith/墨小孔实习/resband/resistance_band/LIB\libCH57xBLE.a(host_output.o)
                              d:/BaiduSyncdisk/Edith/墨小孔实习/resband/resistance_band/LIB\libCH57xBLE.a(gap.o) (HCI_DisconnectCmd)
d:/BaiduSyncdisk/Edith/墨小孔实习/resband/resistance_band/LIB\libCH57xBLE.a(ll_connect.o)
                              d:/BaiduSyncdisk/Edith/墨小孔实习/resband/resistance_band/LIB\libCH57xBLE.a(tmos.o) (LL_GetNextConnectEventTime)
d:/BaiduSyncdisk/Edith/墨小孔实习/resband/resistance_band/LIB\libCH57xBLE.a(ll_core.o)
                              d:/BaiduSyncdisk/Edith/墨小孔实习/resband/resistance_band/LIB\libCH57xBLE.a(ll_connect.o) (LL_CoreGetCore)
d:/BaiduSyncdisk/Edith/墨小孔实习/resband/resistance_band/LIB\libCH57xBLE.a(ll_hop.o)
                              d:/BaiduSyncdisk/Edith/墨小孔实习/resband/resistance_band/LIB\libCH57xBLE.a(ll_connect.o) (LL_HopGetChannel)
d:/BaiduSyncdisk/Edith/墨小孔实习/resband/resistance_band/LIB\libCH57xBLE.a(ll_master.o)
                              d:/BaiduSyncdisk/Edith/墨小孔实习/resband/resistance_band/LIB\libCH57xBLE.a(gap_central.o) (LL_SetDataSendPriority)
[...]
Memory Configuration

Name             Origin             Length             Attributes
FLASH            0x0000000000000000 0x0000000000070000 xr
RAM              0x0000000020003800 0x0000000000004800 xrw
*default*        0x0000000000000000 0xffffffffffffffff

Linker script and memory map

LOAD ./StdPeriphDriver/CH57x_adc.o
LOAD ./StdPeriphDriver/CH57x_clk.o
LOAD ./StdPeriphDriver/CH57x_flash.o
LOAD ./StdPeriphDriver/CH57x_gpio.o
LOAD ./StdPeriphDriver/CH57x_pwr.o
LOAD ./StdPeriphDriver/CH57x_spi0.o
LOAD ./StdPeriphDriver/CH57x_sys.o
LOAD ./StdPeriphDriver/CH57x_uart1.o
LOAD ./Startup/startup_CH573.o
LOAD ./RVMSIS/core_riscv.o
LOAD ./Profile/battservice.o
LOAD ./Profile/devinfoservice.o
LOAD ./Profile/resbandservice.o
LOAD ./HAL/AS5600.o
LOAD ./HAL/LED.o
LOAD ./HAL/MCU.o
LOAD ./HAL/RTC.o
LOAD ./HAL/SLEEP.o
LOAD ./APP/OY8699.o
LOAD ./APP/resband.o
LOAD ./APP/resband_main.o
LOAD ./APP/tension.o
LOAD d:/BaiduSyncdisk/Edith/墨小孔实习/resband/SRC/StdPeriphDriver\libISP573.a
LOAD d:/BaiduSyncdisk/Edith/墨小孔实习/resband/resistance_band/LIB\libCH57xBLE.a
LOAD d:/lenovosoftstore/install/mounriver_studio2/resources/app/resources/win32/components/wch/toolchain/risc-v embedded gcc/bin/../lib/gcc/riscv-none-embed/8.2.0/../../../../riscv-none-embed/lib/rv32imac/ilp32\libm.a
LOAD d:/lenovosoftstore/install/mounriver_studio2/resources/app/resources/win32/components/wch/toolchain/risc-v embedded gcc/bin/../lib/gcc/riscv-none-embed/8.2.0/rv32imac/ilp32\libgcc.a
LOAD d:/lenovosoftstore/install/mounriver_studio2/resources/app/resources/win32/components/wch/toolchain/risc-v embedded gcc/bin/../lib/gcc/riscv-none-embed/8.2.0/../../../../riscv-none-embed/lib/rv32imac/ilp32\libg_nano.a
LOAD d:/lenovosoftstore/install/mounriver_studio2/resources/app/resources/win32/components/wch/toolchain/risc-v embedded gcc/bin/../lib/gcc/riscv-none-embed/8.2.0/../../../../riscv-none-embed/lib/rv32imac/ilp32\libc_nano.a
LOAD d:/lenovosoftstore/install/mounriver_studio2/resources/app/resources/win32/components/wch/toolchain/risc-v embedded gcc/bin/../lib/gcc/riscv-none-embed/8.2.0/rv32imac/ilp32\libgcc.a
START GROUP
LOAD d:/lenovosoftstore/install/mounriver_studio2/resources/app/resources/win32/components/wch/toolchain/risc-v embedded gcc/bin/../lib/gcc/riscv-none-embed/8.2.0/rv32imac/ilp32\libgcc.a
LOAD d:/lenovosoftstore/install/mounriver_studio2/resources/app/resources/win32/components/wch/toolchain/risc-v embedded gcc/bin/../lib/gcc/riscv-none-embed/8.2.0/../../../../riscv-none-embed/lib/rv32imac/ilp32\libc_nano.a
LOAD d:/lenovosoftstore/install/mounriver_studio2/resources/app/resources/win32/components/wch/toolchain/risc-v embedded gcc/bin/../lib/gcc/riscv-none-embed/8.2.0/../../../../riscv-none-embed/lib/rv32imac/ilp32\libnosys.a
END GROUP
START GROUP
LOAD d:/lenovosoftstore/install/mounriver_studio2/resources/app/resources/win32/components/wch/toolchain/risc-v embedded gcc/bin/../lib/gcc/riscv-none-embed/8.2.0/rv32imac/ilp32\libgcc.a
LOAD d:/lenovosoftstore/install/mounriver_studio2/resources/app/resources/win32/components/wch/toolchain/risc-v embedded gcc/bin/../lib/gcc/riscv-none-embed/8.2.0/../../../../riscv-none-embed/lib/rv32imac/ilp32\libc_nano.a
LOAD d:/lenovosoftstore/install/mounriver_studio2/resources/app/resources/win32/components/wch/toolchain/risc-v embedded gcc/bin/../lib/gcc/riscv-none-embed/8.2.0/../../../../riscv-none-embed/lib/rv32imac/ilp32\libnosys.a
END GROUP
                0x0000000000000200                __stack_size = 0x200
                [!provide]                        PROVIDE (_stack_size = __stack_size)

.init           0x0000000000000000        0x4
                0x0000000000000000                _sinit = .
                0x0000000000000000                . = ALIGN (0x4)
 *(SORT_NONE(.init))
 .init          0x0000000000000000        0x4 ./Startup/startup_CH573.o
                0x0000000000000000                _start
                0x0000000000000004                . = ALIGN (0x4)
                0x0000000000000004                _einit = .

.highcodelalign
                0x0000000000000004        0x0
                0x0000000000000004                . = ALIGN (0x4)
                0x0000000000000004                PROVIDE (_highcode_lma = .)

.highcode       0x0000000020003800     0x11c4 load address 0x0000000000000004
                0x0000000020003800                . = ALIGN (0x4)
                0x0000000020003800                PROVIDE (_highcode_vma_start = .)
 *(.vector)
 .vector        0x0000000020003800       0x90 ./Startup/startup_CH573.o
 *(SORT_NONE(.vector_handler))
 .vector_handler
                0x0000000020003890       0x2c ./Startup/startup_CH573.o
                0x0000000020003890                NMI_Handler
                0x0000000020003894                SysTick_Handler
                0x0000000020003896                SW_Handler
                0x0000000020003898                TMR0_IRQHandler
                0x000000002000389a                GPIOA_IRQHandler
                0x000000002000389c                GPIOB_IRQHandler
                0x000000002000389e                SPI0_IRQHandler
                0x00000000200038a0                BB_IRQHandler
                0x00000000200038a2                LLE_IRQHandler
                0x00000000200038a4                USB_IRQHandler
                0x00000000200038a6                TMR1_IRQHandler
                0x00000000200038a8                TMR2_IRQHandler
                0x00000000200038aa                UART0_IRQHandler
                0x00000000200038ac                UART1_IRQHandler
                0x00000000200038b0                ADC_IRQHandler
                0x00000000200038b2                PWMX_IRQHandler
                0x00000000200038b4                TMR3_IRQHandler
                0x00000000200038b6                UART2_IRQHandler
                0x00000000200038b8                UART3_IRQHandler
                0x00000000200038ba                WDOG_BAT_IRQHandler
 *(.highcode)
 .highcode      0x00000000200038bc       0x4e ./StdPeriphDriver/CH57x_clk.o
                0x00000000200038bc                Get_Calibration_Cnt_RAM
 .highcode      0x000000002000390a      0x1d0 ./StdPeriphDriver/CH57x_sys.o
                0x000000002000390a                SetSysClock
                0x0000000020003a22                SYS_ResetExecute
                0x0000000020003a5e                HardFault_Handler
                0x0000000020003aa4                mDelayuS
                0x0000000020003ab2                mDelaymS
 .highcode      0x0000000020003ada       0x16 ./HAL/RTC.o
                0x0000000020003ada                RTC_IRQHandler
 .highcode      0x0000000020003af0        0x8 ./APP/resband_main.o
                0x0000000020003af0                Main_Circulation
 .highcode      0x0000000020003af8      0x3fa d:/BaiduSyncdisk/Edith/墨小孔实习/resband/SRC/StdPeriphDriver\libISP573.a(ISP573.o)
                0x0000000020003af8                FLASH_ROM_BEG
                0x0000000020003b08                FLASH_ROM_END
                0x0000000020003b16                FLASH_ROM_IN
                0x0000000020003b24                FLASH_ROM_OUT
                0x0000000020003b32                FLASH_ROM_ADDR
                0x0000000020003b7a                FLASH_ROM_WAIT
                0x0000000020003bb2                FLASH_EEPROM_CMD
 .highcode      0x0000000020003ef2      0x230 d:/BaiduSyncdisk/Edith/墨小孔实习/resband/resistance_band/LIB\libCH57xBLE.a(tmos.o)
                0x0000000020003f0e                tmos_memcpy
                0x0000000020003f2e                tmos_memcpy_word
                0x0000000020003f4a                TMOS_SystemProcess
 .highcode      0x0000000020004122       0xc2 d:/BaiduSyncdisk/Edith/墨小孔实习/resband/resistance_band/LIB\libCH57xBLE.a(tmos_hw.o)
                0x0000000020004122                BLE_GetHSEClock
                0x0000000020004160                RTC_Get32KClock
                0x0000000020004178                SYS_GetTickCount
 .highcode      0x00000000200041e4      0x138 d:/BaiduSyncdisk/Edith/墨小孔实习/resband/resistance_band/LIB\libCH57xBLE.a(ll_connect.o)
                0x00000000200041e4                ll_connect_process_data
                0x0000000020004232                ll_connect_event_continue
 .highcode      0x000000002000431c      0x1c4 d:/BaiduSyncdisk/Edith/墨小孔实习/resband/resistance_band/LIB\libCH57xBLE.a(bb.o)
                0x000000002000431c                BB_IRQLibHandler
                0x0000000020004496                BB_IRQLibFunction
 .highcode      0x00000000200044e0      0x156 d:/BaiduSyncdisk/Edith/墨小孔实习/resband/resistance_band/LIB\libCH57xBLE.a(ip.o)
                0x00000000200044e0                ll_tx_wait_finish
                0x000000002000450c                ll_tx_wait_tx_dma_finish
                0x0000000020004546                ll_rx_wait_finish
                0x000000002000457c                ll_rx_wait_tx_dma_finish
                0x00000000200045ac                ble_ll_chkcrc
 .highcode      0x0000000020004636      0x1a4 d:/BaiduSyncdisk/Edith/墨小孔实习/resband/resistance_band/LIB\libCH57xBLE.a(lle.o)
                0x0000000020004636                LLE_IRQLibHandler
                0x0000000020004790                LLE_IRQLibFunction
 .highcode      0x00000000200047da       0x82 d:/BaiduSyncdisk/Edith/墨小孔实习/resband/resistance_band/LIB\libCH57xBLE.a(rf_fh.o)
                0x00000000200047da                RF_HopGetChannel
 .highcode      0x000000002000485c       0x2c d:/BaiduSyncdisk/Edith/墨小孔实习/resband/resistance_band/LIB\libCH57xBLE.a(rfend.o)
                0x000000002000485c                RFEND_WaitTune
 .highcode      0x0000000020004888      0x13a d:/BaiduSyncdisk/Edith/墨小孔实习/resband/resistance_band/LIB\libCH57xBLE.a(memory.o)
                0x0000000020004888                tmos_memory_allocate
                0x0000000020004922                tmos_memory_free
 *(.highcode.*)
                0x00000000200049c4                . = ALIGN (0x4)
 *fill*         0x00000000200049c2        0x2 
                0x00000000200049c4                PROVIDE (_highcode_vma_end = .)

.text           0x00000000000011c8    0x1b368
                0x00000000000011c8                . = ALIGN (0x4)
 *(SORT_NONE(.handle_reset))
 .handle_reset  0x00000000000011c8       0xce ./Startup/startup_CH573.o
                0x00000000000011c8                handle_reset
 *(.text)
 *(.text.*)
 .text.ADC_InterTSSampInit
                0x0000000000001296       0x28 ./StdPeriphDriver/CH57x_adc.o
                0x0000000000001296                ADC_InterTSSampInit
 .text.Calibration_LSI_FLASH
                0x00000000000012be      0x290 ./StdPeriphDriver/CH57x_clk.o
                0x00000000000012be                Calibration_LSI_FLASH
 .text.Calibration_LSI_RAM
                0x000000000000154e      0x246 ./StdPeriphDriver/CH57x_clk.o
                0x000000000000154e                Calibration_LSI_RAM
 .text.RTC_InitTime
                0x0000000000001794      0x138 ./StdPeriphDriver/CH57x_clk.o
                0x0000000000001794                RTC_InitTime
 .text.GPIOB_ModeCfg
                0x00000000000018cc       0xa6 ./StdPeriphDriver/CH57x_gpio.o
                0x00000000000018cc                GPIOB_ModeCfg
 .text.SYS_GetSysTickCnt
                0x0000000000001972        0xa ./StdPeriphDriver/CH57x_sys.o
                0x0000000000001972                SYS_GetSysTickCnt
 .text.battMeasure
                0x000000000000197c       0x7c ./Profile/battservice.o
 .text.battWriteAttrCB
                0x00000000000019f8       0x5e ./Profile/battservice.o
 .text.battReadAttrCB
                0x0000000000001a56       0x7e ./Profile/battservice.o
 .text.battNotifyCB
                0x0000000000001ad4       0x76 ./Profile/battservice.o
 .text.Batt_AddService
                0x0000000000001b4a       0x2c ./Profile/battservice.o
                0x0000000000001b4a                Batt_AddService
 .text.Batt_Register
                0x0000000000001b76        0x6 ./Profile/battservice.o
                0x0000000000001b76                Batt_Register
 .text.Batt_SetParameter
                0x0000000000001b7c       0x3a ./Profile/battservice.o
                0x0000000000001b7c                Batt_SetParameter
 .text.Batt_MeasLevel
                0x0000000000001bb6       0x2e ./Profile/battservice.o
                0x0000000000001bb6                Batt_MeasLevel
 .text.Batt_HandleConnStatusCB
                0x0000000000001be4       0x3e ./Profile/battservice.o
                0x0000000000001be4                Batt_HandleConnStatusCB
 .text.devInfo_ReadAttrCB
                0x0000000000001c22      0x196 ./Profile/devinfoservice.o
 .text.DevInfo_AddService
                0x0000000000001db8       0x18 ./Profile/devinfoservice.o
                0x0000000000001db8                DevInfo_AddService
 .text.DevInfo_SetParameter
                0x0000000000001dd0       0x24 ./Profile/devinfoservice.o
                0x0000000000001dd0                DevInfo_SetParameter
 .text.resBand_ReadAttrCB
                0x0000000000001df4        0xa ./Profile/resbandservice.o
 .text.resBand_WriteAttrCB
                0x0000000000001dfe       0xac ./Profile/resbandservice.o
 .text.ResBand_AddService
                0x0000000000001eaa       0x40 ./Profile/resbandservice.o
                0x0000000000001eaa                ResBand_AddService
 .text.ResBand_Register
                0x0000000000001eea        0x6 ./Profile/resbandservice.o
                0x0000000000001eea                ResBand_Register
 .text.ResBand_MeasNotify
                0x0000000000001ef0       0x46 ./Profile/resbandservice.o
                0x0000000000001ef0                ResBand_MeasNotify
 .text.ResBand_HandleConnStatusCB
                0x0000000000001f36       0x3e ./Profile/resbandservice.o
                0x0000000000001f36                ResBand_HandleConnStatusCB
 .text.HalLedBlink.part.2
                0x0000000000001f74       0x9c ./HAL/LED.o
 .text.HalLedOnOff
                0x0000000000002010       0x46 ./HAL/LED.o
                0x0000000000002010                HalLedOnOff
 .text.HalLedSet.part.1
                0x0000000000002056       0x56 ./HAL/LED.o
 .text.HalLedBlink
                0x00000000000020ac       0x1c ./HAL/LED.o
                0x00000000000020ac                HalLedBlink
 .text.HalLedSet
                0x00000000000020c8       0x44 ./HAL/LED.o
                0x00000000000020c8                HalLedSet
 .text.HAL_LedInit
                0x000000000000210c       0x32 ./HAL/LED.o
                0x000000000000210c                HAL_LedInit
 .text.HalLedUpdate
                0x000000000000213e      0x16c ./HAL/LED.o
                0x000000000000213e                HalLedUpdate
 .text.Lib_Calibration_LSI
                0x00000000000022aa       0x30 ./HAL/MCU.o
                0x00000000000022aa                Lib_Calibration_LSI
 .text.Lib_Read_Flash
                0x00000000000022da       0x1c ./HAL/MCU.o
                0x00000000000022da                Lib_Read_Flash
 .text.Lib_Write_Flash
                0x00000000000022f6       0x40 ./HAL/MCU.o
                0x00000000000022f6                Lib_Write_Flash
 .text.HAL_GetInterTempValue
                0x0000000000002336       0x72 ./HAL/MCU.o
                0x0000000000002336                HAL_GetInterTempValue
 .text.HAL_ProcessEvent
                0x00000000000023a8       0x76 ./HAL/MCU.o
                0x00000000000023a8                HAL_ProcessEvent
 .text.CH57X_BLEInit
                0x000000000000241e      0x112 ./HAL/MCU.o
                0x000000000000241e                CH57X_BLEInit
 .text.HAL_Init
                0x0000000000002530       0x36 ./HAL/MCU.o
                0x0000000000002530                HAL_Init
 .text.HAL_TimeInit
                0x0000000000002566       0x66 ./HAL/RTC.o
                0x0000000000002566                HAL_TimeInit
 .text.OY_Read_Reg
                0x00000000000025cc      0x106 ./APP/OY8699.o
                0x00000000000025cc                OY_Read_Reg
 .text.OY_GPIO_Test
                0x00000000000026d2       0x3e ./APP/OY8699.o
                0x00000000000026d2                OY_GPIO_Test
 .text.ResBandGapStateCB
                0x0000000000002710      0x128 ./APP/resband.o
 .text.resBandBattCB
                0x0000000000002838       0x34 ./APP/resband.o
 .text.resBandCB
                0x000000000000286c       0x64 ./APP/resband.o
 .text.ResBand_ProcessEvent
                0x00000000000028d0      0x158 ./APP/resband.o
                0x00000000000028d0                ResBand_ProcessEvent
 .text.ResBand_Init
                0x0000000000002a28      0x118 ./APP/resband.o
                0x0000000000002a28                ResBand_Init
 .text.startup.main
                0x0000000000002b40       0x40 ./APP/resband_main.o
                0x0000000000002b40                main
 .text.tmos_msg_enqueue
                0x0000000000002b80       0x1e d:/BaiduSyncdisk/Edith/墨小孔实习/resband/resistance_band/LIB\libCH57xBLE.a(message.o)
                0x0000000000002b80                tmos_msg_enqueue
 .text.tmos_msg_deallocate
                0x0000000000002b9e       0x2c d:/BaiduSyncdisk/Edith/墨小孔实习/resband/resistance_band/LIB\libCH57xBLE.a(message.o)
                0x0000000000002b9e                tmos_msg_deallocate
 .text.tmos_msg_allocate
                0x0000000000002bca       0x3e d:/BaiduSyncdisk/Edith/墨小孔实习/resband/resistance_band/LIB\libCH57xBLE.a(message.o)
                0x0000000000002bca                tmos_msg_allocate
 .text.tmos_msg_receive
                0x0000000000002c08       0x68 d:/BaiduSyncdisk/Edith/墨小孔实习/resband/resistance_band/LIB\libCH57xBLE.a(message.o)
                0x0000000000002c08                tmos_msg_receive
 .text.tmos_msg_send
                0x0000000000002c70       0x56 d:/BaiduSyncdisk/Edith/墨小孔实习/resband/resistance_band/LIB\libCH57xBLE.a(message.o)
                0x0000000000002c70                tmos_msg_send
 .text.tmos_msg_init
                0x0000000000002cc6        0x6 d:/BaiduSyncdisk/Edith/墨小孔实习/resband/resistance_band/LIB\libCH57xBLE.a(message.o)
                0x0000000000002cc6                tmos_msg_init
 .text.tmosFindTask
                0x0000000000002ccc       0x20 d:/BaiduSyncdisk/Edith/墨小孔实习/resband/resistance_band/LIB\libCH57xBLE.a(tmos.o)
 .text.TMOS_CbTimerProcessEvent
                0x0000000000002cec       0x7c d:/BaiduSyncdisk/Edith/墨小孔实习/resband/resistance_band/LIB\libCH57xBLE.a(tmos.o)
                0x0000000000002cec                TMOS_CbTimerProcessEvent
 .text.tmos_rand
                0x0000000000002d68       0x54 d:/BaiduSyncdisk/Edith/墨小孔实习/resband/resistance_band/LIB\libCH57xBLE.a(tmos.o)
                0x0000000000002d68                tmos_rand
 .text.tmos_query_sleep_time
                0x0000000000002dbc      0x178 d:/BaiduSyncdisk/Edith/墨小孔实习/resband/resistance_band/LIB\libCH57xBLE.a(tmos.o)
                0x0000000000002dbc                tmos_query_sleep_time
 .text.tmos_memset
                0x0000000000002f34       0x12 d:/BaiduSyncdisk/Edith/墨小孔实习/resband/resistance_band/LIB\libCH57xBLE.a(tmos.o)
                0x0000000000002f34                tmos_memset
 .text.tmos_strlen
                0x0000000000002f46       0x14 d:/BaiduSyncdisk/Edith/墨小孔实习/resband/resistance_band/LIB\libCH57xBLE.a(tmos.o)
                0x0000000000002f46                tmos_strlen
 .text.tmos_memdup
                0x0000000000002f5a       0x3c d:/BaiduSyncdisk/Edith/墨小孔实习/resband/resistance_band/LIB\libCH57xBLE.a(tmos.o)
                0x0000000000002f5a                tmos_memdup
 .text.tmos_memcmp
                0x0000000000002f96       0x24 d:/BaiduSyncdisk/Edith/墨小孔实习/resband/resistance_band/LIB\libCH57xBLE.a(tmos.o)
                0x0000000000002f96                tmos_memcmp
 .text.tmos_revmemcpy
                0x0000000000002fba       0x1c d:/BaiduSyncdisk/Edith/墨小孔实习/resband/resistance_band/LIB\libCH57xBLE.a(tmos.o)
                0x0000000000002fba                tmos_revmemcpy
 .text.tmos_isbufset
                0x0000000000002fd6       0x1e d:/BaiduSyncdisk/Edith/墨小孔实习/resband/resistance_band/LIB\libCH57xBLE.a(tmos.o)
                0x0000000000002fd6                tmos_isbufset
 .text.TMOS_GetSystemClock
                0x0000000000002ff4        0xc d:/BaiduSyncdisk/Edith/墨小孔实习/resband/resistance_band/LIB\libCH57xBLE.a(tmos.o)
                0x0000000000002ff4                TMOS_GetSystemClock
 .text.tmos_set_event
                0x0000000000003000       0x2a d:/BaiduSyncdisk/Edith/墨小孔实习/resband/resistance_band/LIB\libCH57xBLE.a(tmos.o)
                0x0000000000003000                tmos_set_event
 .text.tmos_query_system_time
                0x000000000000302a       0xce d:/BaiduSyncdisk/Edith/墨小孔实习/resband/resistance_band/LIB\libCH57xBLE.a(tmos.o)
                0x000000000000302a                tmos_query_system_time
 .text.tmos_clear_event
                0x00000000000030f8       0x2e d:/BaiduSyncdisk/Edith/墨小孔实习/resband/resistance_band/LIB\libCH57xBLE.a(tmos.o)
                0x00000000000030f8                tmos_clear_event
 .text.tmos_start_task
                0x0000000000003126       0x8e d:/BaiduSyncdisk/Edith/墨小孔实习/resband/resistance_band/LIB\libCH57xBLE.a(tmos.o)
                0x0000000000003126                tmos_start_task
 .text.tmos_start_callback_task
                0x00000000000031b4       0xac d:/BaiduSyncdisk/Edith/墨小孔实习/resband/resistance_band/LIB\libCH57xBLE.a(tmos.o)
                0x00000000000031b4                tmos_start_callback_task
 .text.tmos_start_reload_task
                0x0000000000003260       0x30 d:/BaiduSyncdisk/Edith/墨小孔实习/resband/resistance_band/LIB\libCH57xBLE.a(tmos.o)
                0x0000000000003260                tmos_start_reload_task
 .text.tmos_stop_task
                0x0000000000003290       0x42 d:/BaiduSyncdisk/Edith/墨小孔实习/resband/resistance_band/LIB\libCH57xBLE.a(tmos.o)
                0x0000000000003290                tmos_stop_task
 .text.tmos_stop_callback_task
                0x00000000000032d2       0x5c d:/BaiduSyncdisk/Edith/墨小孔实习/resband/resistance_band/LIB\libCH57xBLE.a(tmos.o)
                0x00000000000032d2                tmos_stop_callback_task
 .text.tmos_get_task_timer
                0x000000000000332e       0x16 d:/BaiduSyncdisk/Edith/墨小孔实习/resband/resistance_band/LIB\libCH57xBLE.a(tmos.o)
                0x000000000000332e                tmos_get_task_timer
 .text.tmos_update_callback_timer
                0x0000000000003344       0x62 d:/BaiduSyncdisk/Edith/墨小孔实习/resband/resistance_band/LIB\libCH57xBLE.a(tmos.o)
                0x0000000000003344                tmos_update_callback_timer
 .text.TMOS_Set32KTuneValue
                0x00000000000033a6        0xa d:/BaiduSyncdisk/Edith/墨小孔实习/resband/resistance_band/LIB\libCH57xBLE.a(tmos.o)
                0x00000000000033a6                TMOS_Set32KTuneValue
 .text.TMOS_TimerRegister
                0x00000000000033b0       0x1a d:/BaiduSyncdisk/Edith/墨小孔实习/resband/resistance_band/LIB\libCH57xBLE.a(tmos.o)
                0x00000000000033b0                TMOS_TimerRegister
 .text.TMOS_ProcessRegister
                0x00000000000033ca       0x16 d:/BaiduSyncdisk/Edith/墨小孔实习/resband/resistance_band/LIB\libCH57xBLE.a(tmos.o)
                0x00000000000033ca                TMOS_ProcessRegister
 .text.TMOS_Init
                0x00000000000033e0       0xe6 d:/BaiduSyncdisk/Edith/墨小孔实习/resband/resistance_band/LIB\libCH57xBLE.a(tmos.o)
                0x00000000000033e0                TMOS_Init
 .text.TMOS_ProcessEventRegister
                0x00000000000034c6       0x38 d:/BaiduSyncdisk/Edith/墨小孔实习/resband/resistance_band/LIB\libCH57xBLE.a(tmos.o)
                0x00000000000034c6                TMOS_ProcessEventRegister
 .text.BLE_LibInit
                0x00000000000034fe      0x1aa d:/BaiduSyncdisk/Edith/墨小孔实习/resband/resistance_band/LIB\libCH57xBLE.a(tmos.o)
                0x00000000000034fe                BLE_LibInit
 .text.ble_ll_common_rand8
                0x00000000000036a8       0x24 d:/BaiduSyncdisk/Edith/墨小孔实习/resband/resistance_band/LIB\libCH57xBLE.a(tmos_hw.o)
                0x00000000000036a8                ble_ll_common_rand8
 .text.ble_ll_common_rand16
                0x00000000000036cc       0x24 d:/BaiduSyncdisk/Edith/墨小孔实习/resband/resistance_band/LIB\libCH57xBLE.a(tmos_hw.o)
                0x00000000000036cc                ble_ll_common_rand16
 .text.ble_ll_common_rand32
                0x00000000000036f0       0x20 d:/BaiduSyncdisk/Edith/墨小孔实习/resband/resistance_band/LIB\libCH57xBLE.a(tmos_hw.o)
                0x00000000000036f0                ble_ll_common_rand32
 .text.ll_hw_temp_sample
                0x0000000000003710       0xc0 d:/BaiduSyncdisk/Edith/墨小孔实习/resband/resistance_band/LIB\libCH57xBLE.a(tmos_hw.o)
                0x0000000000003710                ll_hw_temp_sample
 .text.TMOS_TimerInit
                0x00000000000037d0       0x5c d:/BaiduSyncdisk/Edith/墨小孔实习/resband/resistance_band/LIB\libCH57xBLE.a(tmos_hw.o)
                0x00000000000037d0                TMOS_TimerInit
 .text.tmos_snv_init
                0x000000000000382c       0xbc d:/BaiduSyncdisk/Edith/墨小孔实习/resband/resistance_band/LIB\libCH57xBLE.a(tmos_snv.o)
                0x000000000000382c                tmos_snv_init
 .text.tmos_snv_clear
                0x00000000000038e8       0xae d:/BaiduSyncdisk/Edith/墨小孔实习/resband/resistance_band/LIB\libCH57xBLE.a(tmos_snv.o)
                0x00000000000038e8                tmos_snv_clear
 .text.tmos_snv_read
                0x0000000000003996      0x292 d:/BaiduSyncdisk/Edith/墨小孔实习/resband/resistance_band/LIB\libCH57xBLE.a(tmos_snv.o)
                0x0000000000003996                tmos_snv_read
 .text.tmos_snv_notify
                0x0000000000003c28       0x5a d:/BaiduSyncdisk/Edith/墨小孔实习/resband/resistance_band/LIB\libCH57xBLE.a(tmos_snv.o)
                0x0000000000003c28                tmos_snv_notify
 .text.tmos_snv_write
                0x0000000000003c82      0x2ce d:/BaiduSyncdisk/Edith/墨小孔实习/resband/resistance_band/LIB\libCH57xBLE.a(tmos_snv.o)
                0x0000000000003c82                tmos_snv_write
 .text.tmos_snv_compact
                0x0000000000003f50        0x4 d:/BaiduSyncdisk/Edith/墨小孔实习/resband/resistance_band/LIB\libCH57xBLE.a(tmos_snv.o)
                0x0000000000003f50                tmos_snv_compact
 .text.disconnectNext
                0x0000000000003f54       0x22 d:/BaiduSyncdisk/Edith/墨小孔实习/resband/resistance_band/LIB\libCH57xBLE.a(gap.o)
 .text.GAP_ParamInit
                0x0000000000003f76       0x88 d:/BaiduSyncdisk/Edith/墨小孔实习/resband/resistance_band/LIB\libCH57xBLE.a(gap.o)
                0x0000000000003f76                GAP_ParamInit
 .text.sendTerminateEvent
                0x0000000000003ffe       0x58 d:/BaiduSyncdisk/Edith/墨小孔实习/resband/resistance_band/LIB\libCH57xBLE.a(gap.o)
                0x0000000000003ffe                sendTerminateEvent
 .text.gapRegisterCentral
                0x0000000000004056        0x6 d:/BaiduSyncdisk/Edith/墨小孔实习/resband/resistance_band/LIB\libCH57xBLE.a(gap.o)
                0x0000000000004056                gapRegisterCentral
 .text.gapRegisterCentralConn
                0x000000000000405c        0x6 d:/BaiduSyncdisk/Edith/墨小孔实习/resband/resistance_band/LIB\libCH57xBLE.a(gap.o)
                0x000000000000405c                gapRegisterCentralConn
 .text.gapRegisterPeripheral
                0x0000000000004062        0x6 d:/BaiduSyncdisk/Edith/墨小孔实习/resband/resistance_band/LIB\libCH57xBLE.a(gap.o)
                0x0000000000004062                gapRegisterPeripheral
 .text.gapRegisterPeripheralConn
                0x0000000000004068        0x6 d:/BaiduSyncdisk/Edith/墨小孔实习/resband/resistance_band/LIB\libCH57xBLE.a(gap.o)
                0x0000000000004068                gapRegisterPeripheralConn
 .text.smGenerateRandBuf
                0x000000000000406e       0x56 d:/BaiduSyncdisk/Edith/墨小孔实习/resband/resistance_band/LIB\libCH57xBLE.a(gap.o)
                0x000000000000406e                smGenerateRandBuf
 .text.gapL2capConnParamUpdateReq
                0x00000000000040c4       0x32 d:/BaiduSyncdisk/Edith/墨小孔实习/resband/resistance_band/LIB\libCH57xBLE.a(gap.o)
                0x00000000000040c4                gapL2capConnParamUpdateReq
 .text.gapValidADType
                0x00000000000040f6       0x16 d:/BaiduSyncdisk/Edith/墨小孔实习/resband/resistance_band/LIB\libCH57xBLE.a(gap.o)
                0x00000000000040f6                gapValidADType
 .text.gapFindADType
                0x000000000000410c       0x8e d:/BaiduSyncdisk/Edith/墨小孔实习/resband/resistance_band/LIB\libCH57xBLE.a(gap.o)
                0x000000000000410c                gapFindADType
 .text.GAP_SecParamsInit
                0x000000000000419a       0x9a d:/BaiduSyncdisk/Edith/墨小孔实习/resband/resistance_band/LIB\libCH57xBLE.a(gap.o)
                0x000000000000419a                GAP_SecParamsInit
 .text.GAP_ParamsInit
                0x0000000000004234       0x48 d:/BaiduSyncdisk/Edith/墨小孔实习/resband/resistance_band/LIB\libCH57xBLE.a(gap.o)
                0x0000000000004234                GAP_ParamsInit
 .text.gapAddAddrAdj
                0x000000000000427c       0x48 d:/BaiduSyncdisk/Edith/墨小孔实习/resband/resistance_band/LIB\libCH57xBLE.a(gap.o)
                0x000000000000427c                gapAddAddrAdj
 .text.gapDetermineAddrType
                0x00000000000042c4       0x28 d:/BaiduSyncdisk/Edith/墨小孔实习/resband/resistance_band/LIB\libCH57xBLE.a(gap.o)
                0x00000000000042c4                gapDetermineAddrType
 .text.gapFreeAuthLink
                0x00000000000042ec       0x4a d:/BaiduSyncdisk/Edith/墨小孔实习/resband/resistance_band/LIB\libCH57xBLE.a(gap.o)
                0x00000000000042ec                gapFreeAuthLink
 .text.gapGetDevAddress
                0x0000000000004336       0x24 d:/BaiduSyncdisk/Edith/墨小孔实习/resband/resistance_band/LIB\libCH57xBLE.a(gap.o)
                0x0000000000004336                gapGetDevAddress
 .text.gapGetDevAddressMode
                0x000000000000435a        0xa d:/BaiduSyncdisk/Edith/墨小孔实习/resband/resistance_band/LIB\libCH57xBLE.a(gap.o)
                0x000000000000435a                gapGetDevAddressMode
 .text.gapGetIRK
                0x0000000000004364        0xc d:/BaiduSyncdisk/Edith/墨小孔实习/resband/resistance_band/LIB\libCH57xBLE.a(gap.o)
                0x0000000000004364                gapGetIRK
 .text.gapGetSRK
                0x0000000000004370        0xc d:/BaiduSyncdisk/Edith/墨小孔实习/resband/resistance_band/LIB\libCH57xBLE.a(gap.o)
                0x0000000000004370                gapGetSRK
 .text.gapGetSignCounter
                0x000000000000437c        0xe d:/BaiduSyncdisk/Edith/墨小孔实习/resband/resistance_band/LIB\libCH57xBLE.a(gap.o)
                0x000000000000437c                gapGetSignCounter
 .text.gapIncSignCounter
                0x000000000000438a       0x28 d:/BaiduSyncdisk/Edith/墨小孔实习/resband/resistance_band/LIB\libCH57xBLE.a(gap.o)
                0x000000000000438a                gapIncSignCounter
 .text.gapProcessConnEvt
                0x00000000000043b2       0x48 d:/BaiduSyncdisk/Edith/墨小孔实习/resband/resistance_band/LIB\libCH57xBLE.a(gap.o)
                0x00000000000043b2                gapProcessConnEvt
 .text.gapProcessDisconnectCompleteEvt
                0x00000000000043fa       0xa8 d:/BaiduSyncdisk/Edith/墨小孔实习/resband/resistance_band/LIB\libCH57xBLE.a(gap.o)
                0x00000000000043fa                gapProcessDisconnectCompleteEvt
 .text.sendAuthEvent
                0x00000000000044a2      0x11a d:/BaiduSyncdisk/Edith/墨小孔实习/resband/resistance_band/LIB\libCH57xBLE.a(gap.o)
                0x00000000000044a2                sendAuthEvent
 .text.gapSendBondCompleteEvent
                0x00000000000045bc       0x70 d:/BaiduSyncdisk/Edith/墨小孔实习/resband/resistance_band/LIB\libCH57xBLE.a(gap.o)
                0x00000000000045bc                gapSendBondCompleteEvent
 .text.gapSendPairingReqEvent
                0x000000000000462c       0x92 d:/BaiduSyncdisk/Edith/墨小孔实习/resband/resistance_band/LIB\libCH57xBLE.a(gap.o)
                0x000000000000462c                gapSendPairingReqEvent
 .text.gapSendSlaveSecurityReqEvent
                0x00000000000046be       0x68 d:/BaiduSyncdisk/Edith/墨小孔实习/resband/resistance_band/LIB\libCH57xBLE.a(gap.o)
                0x00000000000046be                gapSendSlaveSecurityReqEvent
 .text.gapSendDeviceInitDoneEvent
                0x0000000000004726       0x88 d:/BaiduSyncdisk/Edith/墨小孔实习/resband/resistance_band/LIB\libCH57xBLE.a(gap.o)
                0x0000000000004726                gapSendDeviceInitDoneEvent
 .text.gapSendLinkUpdateEvent
                0x00000000000047ae       0x84 d:/BaiduSyncdisk/Edith/墨小孔实习/resband/resistance_band/LIB\libCH57xBLE.a(gap.o)
                0x00000000000047ae                gapSendLinkUpdateEvent
 .text.gapSendEstLinkEvent
                0x0000000000004832       0xb8 d:/BaiduSyncdisk/Edith/墨小孔实习/resband/resistance_band/LIB\libCH57xBLE.a(gap.o)
                0x0000000000004832                gapSendEstLinkEvent
 .text.gapProcessNewAddr
                0x00000000000048ea       0x3e d:/BaiduSyncdisk/Edith/墨小孔实习/resband/resistance_band/LIB\libCH57xBLE.a(gap.o)
                0x00000000000048ea                gapProcessNewAddr
 .text.gapProcessRandomAddrComplete
                0x0000000000004928       0xb6 d:/BaiduSyncdisk/Edith/墨小孔实习/resband/resistance_band/LIB\libCH57xBLE.a(gap.o)
                0x0000000000004928                gapProcessRandomAddrComplete
 .text.GAP_Authenticate
                0x00000000000049de       0xd2 d:/BaiduSyncdisk/Edith/墨小孔实习/resband/resistance_band/LIB\libCH57xBLE.a(gap.o)
                0x00000000000049de                GAP_Authenticate
 .text.GAP_Bond
                0x0000000000004ab0       0xa2 d:/BaiduSyncdisk/Edith/墨小孔实习/resband/resistance_band/LIB\libCH57xBLE.a(gap.o)
                0x0000000000004ab0                GAP_Bond
 .text.GAP_GetParamValue
                0x0000000000004b52       0x1e d:/BaiduSyncdisk/Edith/墨小孔实习/resband/resistance_band/LIB\libCH57xBLE.a(gap.o)
                0x0000000000004b52                GAP_GetParamValue
 .text.GAP_PasscodeUpdate
                0x0000000000004b70       0x50 d:/BaiduSyncdisk/Edith/墨小孔实习/resband/resistance_band/LIB\libCH57xBLE.a(gap.o)
                0x0000000000004b70                GAP_PasscodeUpdate
 .text.GAP_RegisterForMsgs
                0x0000000000004bc0        0x6 d:/BaiduSyncdisk/Edith/墨小孔实习/resband/resistance_band/LIB\libCH57xBLE.a(gap.o)
                0x0000000000004bc0                GAP_RegisterForMsgs
 .text.GAP_ResolvePrivateAddr
                0x0000000000004bc6        0x4 d:/BaiduSyncdisk/Edith/墨小孔实习/resband/resistance_band/LIB\libCH57xBLE.a(gap.o)
                0x0000000000004bc6                GAP_ResolvePrivateAddr
 .text.gapPairingCompleteCB
                0x0000000000004bca      0x188 d:/BaiduSyncdisk/Edith/墨小孔实习/resband/resistance_band/LIB\libCH57xBLE.a(gap.o)
                0x0000000000004bca                gapPairingCompleteCB
 .text.gapPasskeyNeededCB
                0x0000000000004d52       0x8e d:/BaiduSyncdisk/Edith/墨小孔实习/resband/resistance_band/LIB\libCH57xBLE.a(gap.o)
                0x0000000000004d52                gapPasskeyNeededCB
 .text.gapFreeEstLink
                0x0000000000004de0       0x20 d:/BaiduSyncdisk/Edith/墨小孔实习/resband/resistance_band/LIB\libCH57xBLE.a(gap.o)
                0x0000000000004de0                gapFreeEstLink
 .text.gapUpdateConnSignCounter
                0x0000000000004e00       0x7a d:/BaiduSyncdisk/Edith/墨小孔实习/resband/resistance_band/LIB\libCH57xBLE.a(gap.o)
                0x0000000000004e00                gapUpdateConnSignCounter
 .text.GAP_SendSlaveSecurityRequest
                0x0000000000004e7a       0x4c d:/BaiduSyncdisk/Edith/墨小孔实习/resband/resistance_band/LIB\libCH57xBLE.a(gap.o)
                0x0000000000004e7a                GAP_SendSlaveSecurityRequest
 .text.GAP_Signable
                0x0000000000004ec6       0x66 d:/BaiduSyncdisk/Edith/墨小孔实习/resband/resistance_band/LIB\libCH57xBLE.a(gap.o)
                0x0000000000004ec6                GAP_Signable
 .text.GAP_TerminateAuth
                0x0000000000004f2c       0x2a d:/BaiduSyncdisk/Edith/墨小孔实习/resband/resistance_band/LIB\libCH57xBLE.a(gap.o)
                0x0000000000004f2c                GAP_TerminateAuth
 .text.GAP_NumActiveConnections
                0x0000000000004f56        0x4 d:/BaiduSyncdisk/Edith/墨小孔实习/resband/resistance_band/LIB\libCH57xBLE.a(gap.o)
                0x0000000000004f56                GAP_NumActiveConnections
 .text.GAP_TerminateLinkReq
                0x0000000000004f5a       0x8e d:/BaiduSyncdisk/Edith/墨小孔实习/resband/resistance_band/LIB\libCH57xBLE.a(gap.o)
                0x0000000000004f5a                GAP_TerminateLinkReq
 .text.GAP_SetParamValue
                0x0000000000004fe8       0x4a d:/BaiduSyncdisk/Edith/墨小孔实习/resband/resistance_band/LIB\libCH57xBLE.a(gap.o)
                0x0000000000004fe8                GAP_SetParamValue
 .text.GAP_Init
                0x0000000000005032       0x44 d:/BaiduSyncdisk/Edith/墨小孔实习/resband/resistance_band/LIB\libCH57xBLE.a(gap.o)
                0x0000000000005032                GAP_Init
 .text.GAP_ProcessEvent
                0x0000000000005076      0x57e d:/BaiduSyncdisk/Edith/墨小孔实习/resband/resistance_band/LIB\libCH57xBLE.a(gap.o)
                0x0000000000005076                GAP_ProcessEvent
 .text.gapSendScanEnable
                0x00000000000055f4       0x1e d:/BaiduSyncdisk/Edith/墨小孔实习/resband/resistance_band/LIB\libCH57xBLE.a(gap_central.o)
 .text.gapCentProcessConnEvt
                0x0000000000005612      0x154 d:/BaiduSyncdisk/Edith/墨小孔实习/resband/resistance_band/LIB\libCH57xBLE.a(gap_central.o)
                0x0000000000005612                gapCentProcessConnEvt
 .text.gapCancelLinkReq
                0x0000000000005766       0x38 d:/BaiduSyncdisk/Edith/墨小孔实习/resband/resistance_band/LIB\libCH57xBLE.a(gap_central.o)
                0x0000000000005766                gapCancelLinkReq
 .text.GAP_CentralParamInit
                0x000000000000579e       0x4c d:/BaiduSyncdisk/Edith/墨小孔实习/resband/resistance_band/LIB\libCH57xBLE.a(gap_central.o)
                0x000000000000579e                GAP_CentralParamInit
 .text.gapProcessAdvertDevInfo
                0x00000000000057ea      0x23a d:/BaiduSyncdisk/Edith/墨小孔实习/resband/resistance_band/LIB\libCH57xBLE.a(gap_central.o)
                0x00000000000057ea                gapProcessAdvertDevInfo
 .text.gapFreeScanRecs
                0x0000000000005a24       0xa2 d:/BaiduSyncdisk/Edith/墨小孔实习/resband/resistance_band/LIB\libCH57xBLE.a(gap_central.o)
                0x0000000000005a24                gapFreeScanRecs
 .text.gapSendDevDiscEvent
                0x0000000000005ac6      0x124 d:/BaiduSyncdisk/Edith/墨小孔实习/resband/resistance_band/LIB\libCH57xBLE.a(gap_central.o)
                0x0000000000005ac6                gapSendDevDiscEvent
 .text.gapSetScanParamStatus.part.2
                0x0000000000005bea       0x40 d:/BaiduSyncdisk/Edith/墨小孔实习/resband/resistance_band/LIB\libCH57xBLE.a(gap_central.o)
 .text.gapCentProcessHCICmdEvt
                0x0000000000005c2a       0x3c d:/BaiduSyncdisk/Edith/墨小孔实习/resband/resistance_band/LIB\libCH57xBLE.a(gap_central.o)
                0x0000000000005c2a                gapCentProcessHCICmdEvt
 .text.gapProcessScanningEvt
                0x0000000000005c66      0x110 d:/BaiduSyncdisk/Edith/墨小孔实习/resband/resistance_band/LIB\libCH57xBLE.a(gap_central.o)
                0x0000000000005c66                gapProcessScanningEvt
 .text.gapProcessScanningDirectEvt
                0x0000000000005d76       0xfe d:/BaiduSyncdisk/Edith/墨小孔实习/resband/resistance_band/LIB\libCH57xBLE.a(gap_central.o)
                0x0000000000005d76                gapProcessScanningDirectEvt
 .text.GAP_CentConnRegister
                0x0000000000005e74       0x12 d:/BaiduSyncdisk/Edith/墨小孔实习/resband/resistance_band/LIB\libCH57xBLE.a(gap_central.o)
                0x0000000000005e74                GAP_CentConnRegister
 .text.GAP_CentDevMgrInit
                0x0000000000005e86       0x94 d:/BaiduSyncdisk/Edith/墨小孔实习/resband/resistance_band/LIB\libCH57xBLE.a(gap_central.o)
                0x0000000000005e86                GAP_CentDevMgrInit
 .text.gapFreeAdvertState
                0x0000000000005f1a       0x20 d:/BaiduSyncdisk/Edith/墨小孔实习/resband/resistance_band/LIB\libCH57xBLE.a(gap_peripheral.o)
 .text.gapPeriProcessConnEvt
                0x0000000000005f3a       0xbc d:/BaiduSyncdisk/Edith/墨小孔实习/resband/resistance_band/LIB\libCH57xBLE.a(gap_peripheral.o)
 .text.gapSetAdvParams
                0x0000000000005ff6       0x7e d:/BaiduSyncdisk/Edith/墨小孔实习/resband/resistance_band/LIB\libCH57xBLE.a(gap_peripheral.o)
 .text.GAP_PeripheralParamInit
                0x0000000000006074       0x4a d:/BaiduSyncdisk/Edith/墨小孔实习/resband/resistance_band/LIB\libCH57xBLE.a(gap_peripheral.o)
                0x0000000000006074                GAP_PeripheralParamInit
 .text.gapSendMakeDiscEvent
                0x00000000000060be       0x4e d:/BaiduSyncdisk/Edith/墨小孔实习/resband/resistance_band/LIB\libCH57xBLE.a(gap_peripheral.o)
                0x00000000000060be                gapSendMakeDiscEvent
 .text.gapPeriProcessHCICmdCompleteEvt
                0x000000000000610c      0x190 d:/BaiduSyncdisk/Edith/墨小孔实习/resband/resistance_band/LIB\libCH57xBLE.a(gap_peripheral.o)
 .text.GAP_MakeDiscoverable
                0x000000000000629c       0xf0 d:/BaiduSyncdisk/Edith/墨小孔实习/resband/resistance_band/LIB\libCH57xBLE.a(gap_peripheral.o)
                0x000000000000629c                GAP_MakeDiscoverable
 .text.GAP_EndDiscoverable
                0x000000000000638c       0x5c d:/BaiduSyncdisk/Edith/墨小孔实习/resband/resistance_band/LIB\libCH57xBLE.a(gap_peripheral.o)
                0x000000000000638c                GAP_EndDiscoverable
 .text.gapProcessAdvertisingEvt
                0x00000000000063e8       0x8e d:/BaiduSyncdisk/Edith/墨小孔实习/resband/resistance_band/LIB\libCH57xBLE.a(gap_peripheral.o)
 .text.GAP_UpdateAdvertisingData
                0x0000000000006476       0xb8 d:/BaiduSyncdisk/Edith/墨小孔实习/resband/resistance_band/LIB\libCH57xBLE.a(gap_peripheral.o)
                0x0000000000006476                GAP_UpdateAdvertisingData
 .text.GAP_PeriConnRegister
                0x000000000000652e       0x2a d:/BaiduSyncdisk/Edith/墨小孔实习/resband/resistance_band/LIB\libCH57xBLE.a(gap_peripheral.o)
                0x000000000000652e                GAP_PeriConnRegister
 .text.GAP_PeriDevMgrInit
                0x0000000000006558       0xbc d:/BaiduSyncdisk/Edith/墨小孔实习/resband/resistance_band/LIB\libCH57xBLE.a(gap_peripheral.o)
                0x0000000000006558                GAP_PeriDevMgrInit
 .text.ggs_SetAttrWPermit
                0x0000000000006614       0x68 d:/BaiduSyncdisk/Edith/墨小孔实习/resband/resistance_band/LIB\libCH57xBLE.a(gapgattserver.o)
 .text.ggs_ReadAttrCB
                0x000000000000667c      0x152 d:/BaiduSyncdisk/Edith/墨小孔实习/resband/resistance_band/LIB\libCH57xBLE.a(gapgattserver.o)
 .text.ggs_WriteAttrCB
                0x00000000000067ce      0x154 d:/BaiduSyncdisk/Edith/墨小孔实习/resband/resistance_band/LIB\libCH57xBLE.a(gapgattserver.o)
 .text.GGS_ParamInit
                0x0000000000006922      0x23a d:/BaiduSyncdisk/Edith/墨小孔实习/resband/resistance_band/LIB\libCH57xBLE.a(gapgattserver.o)
                0x0000000000006922                GGS_ParamInit
 .text.GGS_SetParameter
                0x0000000000006b5c       0xde d:/BaiduSyncdisk/Edith/墨小孔实习/resband/resistance_band/LIB\libCH57xBLE.a(gapgattserver.o)
                0x0000000000006b5c                GGS_SetParameter
 .text.GGS_AddService
                0x0000000000006c3a       0x2c d:/BaiduSyncdisk/Edith/墨小孔实习/resband/resistance_band/LIB\libCH57xBLE.a(gapgattserver.o)
                0x0000000000006c3a                GGS_AddService
 .text.GAP_DeviceInit
                0x0000000000006c66       0xd8 d:/BaiduSyncdisk/Edith/墨小孔实习/resband/resistance_band/LIB\libCH57xBLE.a(gapgattserver.o)
                0x0000000000006c66                GAP_DeviceInit
 .text.gattGetPayload
                0x0000000000006d3e       0x7e d:/BaiduSyncdisk/Edith/墨小孔实习/resband/resistance_band/LIB\libCH57xBLE.a(gatt.o)
                0x0000000000006d3e                gattGetPayload
 .text.gattNotifyEvent
                0x0000000000006dbc       0x80 d:/BaiduSyncdisk/Edith/墨小孔实习/resband/resistance_band/LIB\libCH57xBLE.a(gatt.o)
                0x0000000000006dbc                gattNotifyEvent
 .text.gattSendFlowCtrlEvt
                0x0000000000006e3c       0x48 d:/BaiduSyncdisk/Edith/墨小孔实习/resband/resistance_band/LIB\libCH57xBLE.a(gatt.o)
                0x0000000000006e3c                gattSendFlowCtrlEvt
 .text.gattStartTimer
                0x0000000000006e84        0xc d:/BaiduSyncdisk/Edith/墨小孔实习/resband/resistance_band/LIB\libCH57xBLE.a(gatt.o)
                0x0000000000006e84                gattStartTimer
 .text.gattStopTimer
                0x0000000000006e90       0x32 d:/BaiduSyncdisk/Edith/墨小孔实习/resband/resistance_band/LIB\libCH57xBLE.a(gatt.o)
                0x0000000000006e90                gattStopTimer
 .text.GATT_AppCompletedMsg
                0x0000000000006ec2       0x30 d:/BaiduSyncdisk/Edith/墨小孔实习/resband/resistance_band/LIB\libCH57xBLE.a(gatt.o)
                0x0000000000006ec2                GATT_AppCompletedMsg
 .text.GATT_NotifyEvent
                0x0000000000006ef2       0x4e d:/BaiduSyncdisk/Edith/墨小孔实习/resband/resistance_band/LIB\libCH57xBLE.a(gatt.o)
                0x0000000000006ef2                GATT_NotifyEvent
 .text.gattRegisterServer
                0x0000000000006f40        0x6 d:/BaiduSyncdisk/Edith/墨小孔实习/resband/resistance_band/LIB\libCH57xBLE.a(gatt.o)
                0x0000000000006f40                gattRegisterServer
 .text.GATT_UpdateMTU
                0x0000000000006f46       0x5c d:/BaiduSyncdisk/Edith/墨小孔实习/resband/resistance_band/LIB\libCH57xBLE.a(gatt.o)
                0x0000000000006f46                GATT_UpdateMTU
 .text.GATT_bm_alloc
                0x0000000000006fa2       0xea d:/BaiduSyncdisk/Edith/墨小孔实习/resband/resistance_band/LIB\libCH57xBLE.a(gatt.o)
                0x0000000000006fa2                GATT_bm_alloc
 .text.GATT_ServiceChangedInd
                0x000000000000708c       0x94 d:/BaiduSyncdisk/Edith/墨小孔实习/resband/resistance_band/LIB\libCH57xBLE.a(gatt.o)
                0x000000000000708c                GATT_ServiceChangedInd
 .text.GATT_bm_free
                0x0000000000007120       0x1c d:/BaiduSyncdisk/Edith/墨小孔实习/resband/resistance_band/LIB\libCH57xBLE.a(gatt.o)
                0x0000000000007120                GATT_bm_free
 .text.GATT_RegisterForPeriMsgs
                0x000000000000713c        0x6 d:/BaiduSyncdisk/Edith/墨小孔实习/resband/resistance_band/LIB\libCH57xBLE.a(gatt.o)
                0x000000000000713c                GATT_RegisterForPeriMsgs
 .text.GATT_Init
                0x0000000000007142       0x30 d:/BaiduSyncdisk/Edith/墨小孔实习/resband/resistance_band/LIB\libCH57xBLE.a(gatt.o)
                0x0000000000007142                GATT_Init
 .text.GATT_ProcessEvent
                0x0000000000007172      0x136 d:/BaiduSyncdisk/Edith/墨小孔实习/resband/resistance_band/LIB\libCH57xBLE.a(gatt.o)
                0x0000000000007172                GATT_ProcessEvent
 .text.gattProcessExchangeMTUReq
                0x00000000000072a8        0x4 d:/BaiduSyncdisk/Edith/墨小孔实习/resband/resistance_band/LIB\libCH57xBLE.a(gattservapp.o)
 .text.gattServApp_FindCharCfgItem
                0x00000000000072ac       0x20 d:/BaiduSyncdisk/Edith/墨小孔实习/resband/resistance_band/LIB\libCH57xBLE.a(gattservapp.o)
 .text.gattServerHandleTimerCB
                0x00000000000072cc       0x3c d:/BaiduSyncdisk/Edith/墨小孔实习/resband/resistance_band/LIB\libCH57xBLE.a(gattservapp.o)
 .text.GATTServApp_InitCharCfg.part.12
                0x0000000000007308       0x1c d:/BaiduSyncdisk/Edith/墨小孔实习/resband/resistance_band/LIB\libCH57xBLE.a(gattservapp.o)
 .text.gattProcessExecuteWriteReq
                0x0000000000007324        0x4 d:/BaiduSyncdisk/Edith/墨小孔实习/resband/resistance_band/LIB\libCH57xBLE.a(gattservapp.o)
 .text.GATTServApp_ParamInit
                0x0000000000007328       0xd6 d:/BaiduSyncdisk/Edith/墨小孔实习/resband/resistance_band/LIB\libCH57xBLE.a(gattservapp.o)
                0x0000000000007328                GATTServApp_ParamInit
 .text.GATTServApp_ReadCharCfg
                0x00000000000073fe       0x18 d:/BaiduSyncdisk/Edith/墨小孔实习/resband/resistance_band/LIB\libCH57xBLE.a(gattservapp.o)
                0x00000000000073fe                GATTServApp_ReadCharCfg
 .text.GATTServApp_WriteCharCfg
                0x0000000000007416       0x3c d:/BaiduSyncdisk/Edith/墨小孔实习/resband/resistance_band/LIB\libCH57xBLE.a(gattservapp.o)
                0x0000000000007416                GATTServApp_WriteCharCfg
 .text.GATTServApp_ProcessCCCWriteReq
                0x0000000000007452       0x5c d:/BaiduSyncdisk/Edith/墨小孔实习/resband/resistance_band/LIB\libCH57xBLE.a(gattservapp.o)
                0x0000000000007452                GATTServApp_ProcessCCCWriteReq
 .text.gattServApp_WriteAttrCB
                0x00000000000074ae       0x34 d:/BaiduSyncdisk/Edith/墨小孔实习/resband/resistance_band/LIB\libCH57xBLE.a(gattservapp.o)
                0x00000000000074ae                gattServApp_WriteAttrCB
 .text.GATTServApp_SendCCCUpdatedEvent
                0x00000000000074e2       0x5e d:/BaiduSyncdisk/Edith/墨小孔实习/resband/resistance_band/LIB\libCH57xBLE.a(gattservapp.o)
                0x00000000000074e2                GATTServApp_SendCCCUpdatedEvent
 .text.GATTServApp_SendServiceChangedInd
                0x0000000000007540       0x36 d:/BaiduSyncdisk/Edith/墨小孔实习/resband/resistance_band/LIB\libCH57xBLE.a(gattservapp.o)
                0x0000000000007540                GATTServApp_SendServiceChangedInd
 .text.gattServApp_ClearPrepareWriteQ
                0x0000000000007576       0x4c d:/BaiduSyncdisk/Edith/墨小孔实习/resband/resistance_band/LIB\libCH57xBLE.a(gattservapp.o)
                0x0000000000007576                gattServApp_ClearPrepareWriteQ
 .text.gattServApp_FindPrepareWriteQ
                0x00000000000075c2       0x2c d:/BaiduSyncdisk/Edith/墨小孔实习/resband/resistance_band/LIB\libCH57xBLE.a(gattservapp.o)
                0x00000000000075c2                gattServApp_FindPrepareWriteQ
 .text.gattServApp_FindServiceCBs
                0x00000000000075ee       0x18 d:/BaiduSyncdisk/Edith/墨小孔实习/resband/resistance_band/LIB\libCH57xBLE.a(gattservapp.o)
                0x00000000000075ee                gattServApp_FindServiceCBs
 .text.gattServApp_FindAuthorizeAttrCB
                0x0000000000007606       0x14 d:/BaiduSyncdisk/Edith/墨小孔实习/resband/resistance_band/LIB\libCH57xBLE.a(gattservapp.o)
                0x0000000000007606                gattServApp_FindAuthorizeAttrCB
 .text.gattServApp_IsWriteLong
                0x000000000000761a       0xe6 d:/BaiduSyncdisk/Edith/墨小孔实习/resband/resistance_band/LIB\libCH57xBLE.a(gattservapp.o)
                0x000000000000761a                gattServApp_IsWriteLong
 .text.gattFindService
                0x0000000000007700       0x1c d:/BaiduSyncdisk/Edith/墨小孔实习/resband/resistance_band/LIB\libCH57xBLE.a(gattservapp.o)
                0x0000000000007700                gattFindService
 .text.GATT_ServiceNumAttrs
                0x000000000000771c       0x16 d:/BaiduSyncdisk/Edith/墨小孔实习/resband/resistance_band/LIB\libCH57xBLE.a(gattservapp.o)
                0x000000000000771c                GATT_ServiceNumAttrs
 .text.GATT_ServiceEncKeySize
                0x0000000000007732       0x16 d:/BaiduSyncdisk/Edith/墨小孔实习/resband/resistance_band/LIB\libCH57xBLE.a(gattservapp.o)
                0x0000000000007732                GATT_ServiceEncKeySize
 .text.GATT_VerifyWritePermissions.part.7
                0x0000000000007748       0x2c d:/BaiduSyncdisk/Edith/墨小孔实习/resband/resistance_band/LIB\libCH57xBLE.a(gattservapp.o)
 .text.gattResetServerInfo
                0x0000000000007774       0x1c d:/BaiduSyncdisk/Edith/墨小孔实习/resband/resistance_band/LIB\libCH57xBLE.a(gattservapp.o)
                0x0000000000007774                gattResetServerInfo
 .text.gattFindServerInfo
                0x0000000000007790       0x28 d:/BaiduSyncdisk/Edith/墨小孔实习/resband/resistance_band/LIB\libCH57xBLE.a(gattservapp.o)
                0x0000000000007790                gattFindServerInfo
 .text.gattServerHandleConnStatusCB
                0x00000000000077b8       0x96 d:/BaiduSyncdisk/Edith/墨小孔实习/resband/resistance_band/LIB\libCH57xBLE.a(gattservapp.o)
                0x00000000000077b8                gattServerHandleConnStatusCB
 .text.gattServerProcessMsgCB
                0x000000000000784e      0x1c0 d:/BaiduSyncdisk/Edith/墨小孔实习/resband/resistance_band/LIB\libCH57xBLE.a(gattservapp.o)
                0x000000000000784e                gattServerProcessMsgCB
 .text.gattServerNotifyTxCB
                0x0000000000007a0e       0x28 d:/BaiduSyncdisk/Edith/墨小孔实习/resband/resistance_band/LIB\libCH57xBLE.a(gattservapp.o)
 .text.GATT_FindHandle
                0x0000000000007a36       0x4a d:/BaiduSyncdisk/Edith/墨小孔实习/resband/resistance_band/LIB\libCH57xBLE.a(gattservapp.o)
                0x0000000000007a36                GATT_FindHandle
 .text.GATTServApp_WriteAttr
                0x0000000000007a80       0xa8 d:/BaiduSyncdisk/Edith/墨小孔实习/resband/resistance_band/LIB\libCH57xBLE.a(gattservapp.o)
                0x0000000000007a80                GATTServApp_WriteAttr
 .text.gattServApp_ProcessExecuteWriteReq
                0x0000000000007b28      0x100 d:/BaiduSyncdisk/Edith/墨小孔实习/resband/resistance_band/LIB\libCH57xBLE.a(gattservapp.o)
                0x0000000000007b28                gattServApp_ProcessExecuteWriteReq
 .text.GATTServApp_UpdateCharCfg
                0x0000000000007c28       0x1e d:/BaiduSyncdisk/Edith/墨小孔实习/resband/resistance_band/LIB\libCH57xBLE.a(gattservapp.o)
                0x0000000000007c28                GATTServApp_UpdateCharCfg
 .text.gattServApp_ProcessPrepareWriteReq
                0x0000000000007c46      0x10e d:/BaiduSyncdisk/Edith/墨小孔实习/resband/resistance_band/LIB\libCH57xBLE.a(gattservapp.o)
                0x0000000000007c46                gattServApp_ProcessPrepareWriteReq
 .text.gattServApp_ProcessWriteReq
                0x0000000000007d54       0xb0 d:/BaiduSyncdisk/Edith/墨小孔实习/resband/resistance_band/LIB\libCH57xBLE.a(gattservapp.o)
                0x0000000000007d54                gattServApp_ProcessWriteReq
 .text.GATT_Indication
                0x0000000000007e04       0xa4 d:/BaiduSyncdisk/Edith/墨小孔实习/resband/resistance_band/LIB\libCH57xBLE.a(gattservapp.o)
                0x0000000000007e04                GATT_Indication
 .text.GATT_FindHandleUUID
                0x0000000000007ea8       0x94 d:/BaiduSyncdisk/Edith/墨小孔实习/resband/resistance_band/LIB\libCH57xBLE.a(gattservapp.o)
                0x0000000000007ea8                GATT_FindHandleUUID
 .text.gattProcessReadByGrpTypeReq
                0x0000000000007f3c       0x60 d:/BaiduSyncdisk/Edith/墨小孔实习/resband/resistance_band/LIB\libCH57xBLE.a(gattservapp.o)
 .text.gattProcessReadByTypeReq
                0x0000000000007f9c       0x34 d:/BaiduSyncdisk/Edith/墨小孔实习/resband/resistance_band/LIB\libCH57xBLE.a(gattservapp.o)
 .text.gattProcessFindByTypeValueReq
                0x0000000000007fd0       0x34 d:/BaiduSyncdisk/Edith/墨小孔实习/resband/resistance_band/LIB\libCH57xBLE.a(gattservapp.o)
 .text.gattProcessFindInfoReq
                0x0000000000008004      0x1aa d:/BaiduSyncdisk/Edith/墨小孔实习/resband/resistance_band/LIB\libCH57xBLE.a(gattservapp.o)
 .text.GATT_Notification
                0x00000000000081ae       0x70 d:/BaiduSyncdisk/Edith/墨小孔实习/resband/resistance_band/LIB\libCH57xBLE.a(gattservapp.o)
                0x00000000000081ae                GATT_Notification
 .text.GATT_VerifyWritePermissions
                0x000000000000821e       0x6a d:/BaiduSyncdisk/Edith/墨小孔实习/resband/resistance_band/LIB\libCH57xBLE.a(gattservapp.o)
                0x000000000000821e                GATT_VerifyWritePermissions
 .text.gattProcessWriteReq
                0x0000000000008288       0x36 d:/BaiduSyncdisk/Edith/墨小孔实习/resband/resistance_band/LIB\libCH57xBLE.a(gattservapp.o)
 .text.GATT_VerifyPrepareWritePermissions
                0x00000000000082be       0x56 d:/BaiduSyncdisk/Edith/墨小孔实习/resband/resistance_band/LIB\libCH57xBLE.a(gattservapp.o)
                0x00000000000082be                GATT_VerifyPrepareWritePermissions
 .text.gattProcessPrepareWriteReq
                0x0000000000008314       0x36 d:/BaiduSyncdisk/Edith/墨小孔实习/resband/resistance_band/LIB\libCH57xBLE.a(gattservapp.o)
 .text.GATT_FindNextAttr
                0x000000000000834a       0xc2 d:/BaiduSyncdisk/Edith/墨小孔实习/resband/resistance_band/LIB\libCH57xBLE.a(gattservapp.o)
                0x000000000000834a                GATT_FindNextAttr
 .text.GATTServApp_ReadAttr
                0x000000000000840c      0x2e2 d:/BaiduSyncdisk/Edith/墨小孔实习/resband/resistance_band/LIB\libCH57xBLE.a(gattservapp.o)
                0x000000000000840c                GATTServApp_ReadAttr
 .text.gattServApp_ProcessReadMultiReq
                0x00000000000086ee      0x16e d:/BaiduSyncdisk/Edith/墨小孔实习/resband/resistance_band/LIB\libCH57xBLE.a(gattservapp.o)
                0x00000000000086ee                gattServApp_ProcessReadMultiReq
 .text.gattServApp_ProcessFindByTypeValueReq
                0x000000000000885c      0x19c d:/BaiduSyncdisk/Edith/墨小孔实习/resband/resistance_band/LIB\libCH57xBLE.a(gattservapp.o)
                0x000000000000885c                gattServApp_ProcessFindByTypeValueReq
 .text.GATT_VerifyReadPermissions
                0x00000000000089f8       0x68 d:/BaiduSyncdisk/Edith/墨小孔实习/resband/resistance_band/LIB\libCH57xBLE.a(gattservapp.o)
                0x00000000000089f8                GATT_VerifyReadPermissions
 .text.gattProcessReadMultiReq
                0x0000000000008a60       0xae d:/BaiduSyncdisk/Edith/墨小孔实习/resband/resistance_band/LIB\libCH57xBLE.a(gattservapp.o)
 .text.gattProcessReadReq
                0x0000000000008b0e       0x30 d:/BaiduSyncdisk/Edith/墨小孔实习/resband/resistance_band/LIB\libCH57xBLE.a(gattservapp.o)
 .text.gattServApp_ProcessReadByGrpTypeReq
                0x0000000000008b3e      0x21c d:/BaiduSyncdisk/Edith/墨小孔实习/resband/resistance_band/LIB\libCH57xBLE.a(gattservapp.o)
                0x0000000000008b3e                gattServApp_ProcessReadByGrpTypeReq
 .text.gattServApp_ProcessReadByTypeReq
                0x0000000000008d5a      0x1ae d:/BaiduSyncdisk/Edith/墨小孔实习/resband/resistance_band/LIB\libCH57xBLE.a(gattservapp.o)
                0x0000000000008d5a                gattServApp_ProcessReadByTypeReq
 .text.GATT_RegisterService
                0x0000000000008f08       0xfc d:/BaiduSyncdisk/Edith/墨小孔实习/resband/resistance_band/LIB\libCH57xBLE.a(gattservapp.o)
                0x0000000000008f08                GATT_RegisterService
 .text.GATTServApp_RegisterService
                0x0000000000009004       0x8a d:/BaiduSyncdisk/Edith/墨小孔实习/resband/resistance_band/LIB\libCH57xBLE.a(gattservapp.o)
                0x0000000000009004                GATTServApp_RegisterService
 .text.GATTServApp_AddService
                0x000000000000908e       0x2c d:/BaiduSyncdisk/Edith/墨小孔实习/resband/resistance_band/LIB\libCH57xBLE.a(gattservapp.o)
                0x000000000000908e                GATTServApp_AddService
 .text.GATTServApp_RegisterForMsg
                0x00000000000090ba        0x6 d:/BaiduSyncdisk/Edith/墨小孔实习/resband/resistance_band/LIB\libCH57xBLE.a(gattservapp.o)
                0x00000000000090ba                GATTServApp_RegisterForMsg
 .text.GATTServApp_InitCharCfg
                0x00000000000090c0       0x28 d:/BaiduSyncdisk/Edith/墨小孔实习/resband/resistance_band/LIB\libCH57xBLE.a(gattservapp.o)
                0x00000000000090c0                GATTServApp_InitCharCfg
 .text.gattServApp_HandleConnStatusCB
                0x00000000000090e8       0x74 d:/BaiduSyncdisk/Edith/墨小孔实习/resband/resistance_band/LIB\libCH57xBLE.a(gattservapp.o)
                0x00000000000090e8                gattServApp_HandleConnStatusCB
 .text.GATT_InitServer
                0x000000000000915c       0xf6 d:/BaiduSyncdisk/Edith/墨小孔实习/resband/resistance_band/LIB\libCH57xBLE.a(gattservapp.o)
                0x000000000000915c                GATT_InitServer
 .text.GATTServApp_Init
                0x0000000000009252       0x34 d:/BaiduSyncdisk/Edith/墨小孔实习/resband/resistance_band/LIB\libCH57xBLE.a(gattservapp.o)
                0x0000000000009252                GATTServApp_Init
 .text.GATTServApp_ProcessEvent
                0x0000000000009286      0x366 d:/BaiduSyncdisk/Edith/墨小孔实习/resband/resistance_band/LIB\libCH57xBLE.a(gattservapp.o)
                0x0000000000009286                GATTServApp_ProcessEvent
 .text.l2capAllocConnChannel
                0x00000000000095ec       0xd8 d:/BaiduSyncdisk/Edith/墨小孔实习/resband/resistance_band/LIB\libCH57xBLE.a(l2cap.o)
                0x00000000000095ec                l2capAllocConnChannel
 .text.l2capFindLocalCID
                0x00000000000096c4       0x2c d:/BaiduSyncdisk/Edith/墨小孔实习/resband/resistance_band/LIB\libCH57xBLE.a(l2cap.o)
                0x00000000000096c4                l2capFindLocalCID
 .text.l2capFindLocalId
                0x00000000000096f0       0x30 d:/BaiduSyncdisk/Edith/墨小孔实习/resband/resistance_band/LIB\libCH57xBLE.a(l2cap.o)
                0x00000000000096f0                l2capFindLocalId
 .text.l2capFindPsm
                0x0000000000009720       0x2c d:/BaiduSyncdisk/Edith/墨小孔实习/resband/resistance_band/LIB\libCH57xBLE.a(l2cap.o)
                0x0000000000009720                l2capFindPsm
 .text.l2capFindRemoteCID
                0x000000000000974c       0x3c d:/BaiduSyncdisk/Edith/墨小孔实习/resband/resistance_band/LIB\libCH57xBLE.a(l2cap.o)
                0x000000000000974c                l2capFindRemoteCID
 .text.l2capFreeChannel
                0x0000000000009788       0x4a d:/BaiduSyncdisk/Edith/墨小孔实习/resband/resistance_band/LIB\libCH57xBLE.a(l2cap.o)
                0x0000000000009788                l2capFreeChannel
 .text.l2capDisconnectChannel
                0x00000000000097d2       0x28 d:/BaiduSyncdisk/Edith/墨小孔实习/resband/resistance_band/LIB\libCH57xBLE.a(l2cap.o)
                0x00000000000097d2                l2capDisconnectChannel
 .text.l2capHandleTimerCB
                0x00000000000097fa       0x2c d:/BaiduSyncdisk/Edith/墨小孔实习/resband/resistance_band/LIB\libCH57xBLE.a(l2cap.o)
                0x00000000000097fa                l2capHandleTimerCB
 .text.l2capFreePendingPkt
                0x0000000000009826       0x58 d:/BaiduSyncdisk/Edith/墨小孔实习/resband/resistance_band/LIB\libCH57xBLE.a(l2cap.o)
                0x0000000000009826                l2capFreePendingPkt
 .text.l2capGetCoChannelInfo
                0x000000000000987e       0x7e d:/BaiduSyncdisk/Edith/墨小孔实习/resband/resistance_band/LIB\libCH57xBLE.a(l2cap.o)
                0x000000000000987e                l2capGetCoChannelInfo
 .text.l2capNumActiveChannnels
                0x00000000000098fc       0x44 d:/BaiduSyncdisk/Edith/墨小孔实习/resband/resistance_band/LIB\libCH57xBLE.a(l2cap.o)
                0x00000000000098fc                l2capNumActiveChannnels
 .text.l2capStartTimer
                0x0000000000009940       0x1a d:/BaiduSyncdisk/Edith/墨小孔实习/resband/resistance_band/LIB\libCH57xBLE.a(l2cap.o)
                0x0000000000009940                l2capStartTimer
 .text.l2capStopTimer
                0x000000000000995a       0x1e d:/BaiduSyncdisk/Edith/墨小孔实习/resband/resistance_band/LIB\libCH57xBLE.a(l2cap.o)
                0x000000000000995a                l2capStopTimer
 .text.l2capDisconnectAllChannels
                0x0000000000009978       0xdc d:/BaiduSyncdisk/Edith/墨小孔实习/resband/resistance_band/LIB\libCH57xBLE.a(l2cap.o)
                0x0000000000009978                l2capDisconnectAllChannels
 .text.l2capHandleConnStatusCB
                0x0000000000009a54       0x3c d:/BaiduSyncdisk/Edith/墨小孔实习/resband/resistance_band/LIB\libCH57xBLE.a(l2cap.o)
                0x0000000000009a54                l2capHandleConnStatusCB
 .text.l2capHandleRxError
                0x0000000000009a90        0x6 d:/BaiduSyncdisk/Edith/墨小孔实习/resband/resistance_band/LIB\libCH57xBLE.a(l2cap.o)
                0x0000000000009a90                l2capHandleRxError
 .text.L2CAP_GetMTU
                0x0000000000009a96        0x6 d:/BaiduSyncdisk/Edith/墨小孔实习/resband/resistance_band/LIB\libCH57xBLE.a(l2cap.o)
                0x0000000000009a96                L2CAP_GetMTU
 .text.L2CAP_HostNumCompletedPkts
                0x0000000000009a9c       0x28 d:/BaiduSyncdisk/Edith/墨小孔实习/resband/resistance_band/LIB\libCH57xBLE.a(l2cap.o)
                0x0000000000009a9c                L2CAP_HostNumCompletedPkts
 .text.L2CAP_ParseConnectReq
                0x0000000000009ac4       0x5e d:/BaiduSyncdisk/Edith/墨小孔实习/resband/resistance_band/LIB\libCH57xBLE.a(l2cap.o)
                0x0000000000009ac4                L2CAP_ParseConnectReq
 .text.L2CAP_ParseFlowCtrlCredit
                0x0000000000009b22       0x2e d:/BaiduSyncdisk/Edith/墨小孔实习/resband/resistance_band/LIB\libCH57xBLE.a(l2cap.o)
                0x0000000000009b22                L2CAP_ParseFlowCtrlCredit
 .text.L2CAP_RegisterApp
                0x0000000000009b50       0x30 d:/BaiduSyncdisk/Edith/墨小孔实习/resband/resistance_band/LIB\libCH57xBLE.a(l2cap.o)
                0x0000000000009b50                L2CAP_RegisterApp
 .text.L2CAP_SetBufSize
                0x0000000000009b80       0x1e d:/BaiduSyncdisk/Edith/墨小孔实习/resband/resistance_band/LIB\libCH57xBLE.a(l2cap.o)
                0x0000000000009b80                L2CAP_SetBufSize
 .text.L2CAP_bm_alloc
                0x0000000000009b9e       0x30 d:/BaiduSyncdisk/Edith/墨小孔实习/resband/resistance_band/LIB\libCH57xBLE.a(l2cap.o)
                0x0000000000009b9e                L2CAP_bm_alloc
 .text.L2CAP_Init
                0x0000000000009bce      0x12e d:/BaiduSyncdisk/Edith/墨小孔实习/resband/resistance_band/LIB\libCH57xBLE.a(l2cap.o)
                0x0000000000009bce                L2CAP_Init
 .text.L2CAP_ProcessEvent
                0x0000000000009cfc       0xc8 d:/BaiduSyncdisk/Edith/墨小孔实习/resband/resistance_band/LIB\libCH57xBLE.a(l2cap.o)
                0x0000000000009cfc                L2CAP_ProcessEvent
 .text.l2capParseCmdReject
                0x0000000000009dc4       0x5e d:/BaiduSyncdisk/Edith/墨小孔实习/resband/resistance_band/LIB\libCH57xBLE.a(l2cap_input.o)
                0x0000000000009dc4                l2capParseCmdReject
 .text.l2capParseDisconnectReq
                0x0000000000009e22       0x2e d:/BaiduSyncdisk/Edith/墨小孔实习/resband/resistance_band/LIB\libCH57xBLE.a(l2cap_input.o)
                0x0000000000009e22                l2capParseDisconnectReq
 .text.l2capParseDisconnectRsp
                0x0000000000009e50       0x2e d:/BaiduSyncdisk/Edith/墨小孔实习/resband/resistance_band/LIB\libCH57xBLE.a(l2cap_input.o)
                0x0000000000009e50                l2capParseDisconnectRsp
 .text.L2CAP_ParseParamUpdateReq
                0x0000000000009e7e       0x4e d:/BaiduSyncdisk/Edith/墨小孔实习/resband/resistance_band/LIB\libCH57xBLE.a(l2cap_input.o)
                0x0000000000009e7e                L2CAP_ParseParamUpdateReq
 .text.l2capParseParamUpdateRsp
                0x0000000000009ecc       0x1e d:/BaiduSyncdisk/Edith/墨小孔实习/resband/resistance_band/LIB\libCH57xBLE.a(l2cap_input.o)
                0x0000000000009ecc                l2capParseParamUpdateRsp
 .text.l2capProcessConnectReq
                0x0000000000009eea       0xfc d:/BaiduSyncdisk/Edith/墨小孔实习/resband/resistance_band/LIB\libCH57xBLE.a(l2cap_input.o)
                0x0000000000009eea                l2capProcessConnectReq
 .text.l2capParseConnectRsp
                0x0000000000009fe6       0x5e d:/BaiduSyncdisk/Edith/墨小孔实习/resband/resistance_band/LIB\libCH57xBLE.a(l2cap_input.o)
                0x0000000000009fe6                l2capParseConnectRsp
 .text.l2capParseSignalHdr
                0x000000000000a044       0x22 d:/BaiduSyncdisk/Edith/墨小孔实习/resband/resistance_band/LIB\libCH57xBLE.a(l2cap_input.o)
                0x000000000000a044                l2capParseSignalHdr
 .text.l2capParsePacket
                0x000000000000a066       0x8c d:/BaiduSyncdisk/Edith/墨小孔实习/resband/resistance_band/LIB\libCH57xBLE.a(l2cap_input.o)
                0x000000000000a066                l2capParsePacket
 .text.l2capProcessReq
                0x000000000000a0f2      0x15a d:/BaiduSyncdisk/Edith/墨小孔实习/resband/resistance_band/LIB\libCH57xBLE.a(l2cap_input.o)
                0x000000000000a0f2                l2capProcessReq
 .text.l2capProcessRsp
                0x000000000000a24c      0x150 d:/BaiduSyncdisk/Edith/墨小孔实习/resband/resistance_band/LIB\libCH57xBLE.a(l2cap_input.o)
                0x000000000000a24c                l2capProcessRsp
 .text.l2capProcessRxData
                0x000000000000a39c       0xf8 d:/BaiduSyncdisk/Edith/墨小孔实习/resband/resistance_band/LIB\libCH57xBLE.a(l2cap_input.o)
                0x000000000000a39c                l2capProcessRxData
 .text.l2capNotifyData
                0x000000000000a494       0x5a d:/BaiduSyncdisk/Edith/墨小孔实习/resband/resistance_band/LIB\libCH57xBLE.a(l2cap_output.o)
                0x000000000000a494                l2capNotifyData
 .text.l2capNotifySignal
                0x000000000000a4ee       0x76 d:/BaiduSyncdisk/Edith/墨小孔实习/resband/resistance_band/LIB\libCH57xBLE.a(l2cap_output.o)
                0x000000000000a4ee                l2capNotifySignal
 .text.l2capNotifyCreditEvt
                0x000000000000a564       0x9c d:/BaiduSyncdisk/Edith/墨小孔实习/resband/resistance_band/LIB\libCH57xBLE.a(l2cap_output.o)
                0x000000000000a564                l2capNotifyCreditEvt
 .text.l2capNotifyChannelEstEvt
                0x000000000000a600       0x58 d:/BaiduSyncdisk/Edith/墨小孔实习/resband/resistance_band/LIB\libCH57xBLE.a(l2cap_output.o)
                0x000000000000a600                l2capNotifyChannelEstEvt
 .text.l2capNotifyChannelTermEvt
                0x000000000000a658       0x3e d:/BaiduSyncdisk/Edith/墨小孔实习/resband/resistance_band/LIB\libCH57xBLE.a(l2cap_output.o)
                0x000000000000a658                l2capNotifyChannelTermEvt
 .text.l2capNotifyEvent
                0x000000000000a696       0x66 d:/BaiduSyncdisk/Edith/墨小孔实习/resband/resistance_band/LIB\libCH57xBLE.a(l2cap_output.o)
                0x000000000000a696                l2capNotifyEvent
 .text.l2capStoreFCPkt
                0x000000000000a6fc       0x32 d:/BaiduSyncdisk/Edith/墨小孔实习/resband/resistance_band/LIB\libCH57xBLE.a(l2cap_output.o)
                0x000000000000a6fc                l2capStoreFCPkt
 .text.l2capFreeTxSDU
                0x000000000000a72e       0x9a d:/BaiduSyncdisk/Edith/墨小孔实习/resband/resistance_band/LIB\libCH57xBLE.a(l2cap_output.o)
                0x000000000000a72e                l2capFreeTxSDU
 .text.l2capReassembleSegment
                0x000000000000a7c8      0x174 d:/BaiduSyncdisk/Edith/墨小孔实习/resband/resistance_band/LIB\libCH57xBLE.a(l2cap_output.o)
                0x000000000000a7c8                l2capReassembleSegment
 .text.l2capEncapSendData
                0x000000000000a93c       0xec d:/BaiduSyncdisk/Edith/墨小孔实习/resband/resistance_band/LIB\libCH57xBLE.a(l2cap_output.o)
                0x000000000000a93c                l2capEncapSendData
 .text.l2capSendFCPkt.part.3
                0x000000000000aa28       0x70 d:/BaiduSyncdisk/Edith/墨小孔实习/resband/resistance_band/LIB\libCH57xBLE.a(l2cap_output.o)
 .text.l2capSendSegment
                0x000000000000aa98      0x108 d:/BaiduSyncdisk/Edith/墨小孔实习/resband/resistance_band/LIB\libCH57xBLE.a(l2cap_output.o)
                0x000000000000aa98                l2capSendSegment
 .text.l2capSendNextSegment
                0x000000000000aba0       0xb4 d:/BaiduSyncdisk/Edith/墨小孔实习/resband/resistance_band/LIB\libCH57xBLE.a(l2cap_output.o)
                0x000000000000aba0                l2capSendNextSegment
 .text.l2capSendPkt
                0x000000000000ac54       0x3a d:/BaiduSyncdisk/Edith/墨小孔实习/resband/resistance_band/LIB\libCH57xBLE.a(l2cap_output.o)
                0x000000000000ac54                l2capSendPkt
 .text.L2CAP_SendData
                0x000000000000ac8e       0x82 d:/BaiduSyncdisk/Edith/墨小孔实习/resband/resistance_band/LIB\libCH57xBLE.a(l2cap_output.o)
                0x000000000000ac8e                L2CAP_SendData
 .text.l2capSendCmd
                0x000000000000ad10       0x8a d:/BaiduSyncdisk/Edith/墨小孔实习/resband/resistance_band/LIB\libCH57xBLE.a(l2cap_output.o)
                0x000000000000ad10                l2capSendCmd
 .text.l2capSendReq
                0x000000000000ad9a       0xbc d:/BaiduSyncdisk/Edith/墨小孔实习/resband/resistance_band/LIB\libCH57xBLE.a(l2cap_output.o)
                0x000000000000ad9a                l2capSendReq
 .text.l2capBuildDisconnectReq
                0x000000000000ae56       0x28 d:/BaiduSyncdisk/Edith/墨小孔实习/resband/resistance_band/LIB\libCH57xBLE.a(l2cap_sdu.o)
 .text.l2capBuildParamUpdateReq
                0x000000000000ae7e       0x4c d:/BaiduSyncdisk/Edith/墨小孔实习/resband/resistance_band/LIB\libCH57xBLE.a(l2cap_sdu.o)
 .text.l2capBuildParamUpdateRsp
                0x000000000000aeca       0x16 d:/BaiduSyncdisk/Edith/墨小孔实习/resband/resistance_band/LIB\libCH57xBLE.a(l2cap_sdu.o)
 .text.l2capBuildConnectRsp
                0x000000000000aee0       0x5e d:/BaiduSyncdisk/Edith/墨小孔实习/resband/resistance_band/LIB\libCH57xBLE.a(l2cap_sdu.o)
 .text.l2capBuildCmdReject
                0x000000000000af3e       0x62 d:/BaiduSyncdisk/Edith/墨小孔实习/resband/resistance_band/LIB\libCH57xBLE.a(l2cap_sdu.o)
                0x000000000000af3e                l2capBuildCmdReject
 .text.l2capBuildDisconnectRsp
                0x000000000000afa0       0x28 d:/BaiduSyncdisk/Edith/墨小孔实习/resband/resistance_band/LIB\libCH57xBLE.a(l2cap_sdu.o)
                0x000000000000afa0                l2capBuildDisconnectRsp
 .text.l2capSendConnectRsp
                0x000000000000afc8       0xa2 d:/BaiduSyncdisk/Edith/墨小孔实习/resband/resistance_band/LIB\libCH57xBLE.a(l2cap_sdu.o)
                0x000000000000afc8                l2capSendConnectRsp
 .text.L2CAP_CmdReject
                0x000000000000b06a       0x12 d:/BaiduSyncdisk/Edith/墨小孔实习/resband/resistance_band/LIB\libCH57xBLE.a(l2cap_sdu.o)
                0x000000000000b06a                L2CAP_CmdReject
 .text.L2CAP_DisconnectReq
                0x000000000000b07c       0x2a d:/BaiduSyncdisk/Edith/墨小孔实习/resband/resistance_band/LIB\libCH57xBLE.a(l2cap_sdu.o)
                0x000000000000b07c                L2CAP_DisconnectReq
 .text.L2CAP_ConnParamUpdateReq
                0x000000000000b0a6       0x16 d:/BaiduSyncdisk/Edith/墨小孔实习/resband/resistance_band/LIB\libCH57xBLE.a(l2cap_sdu.o)
                0x000000000000b0a6                L2CAP_ConnParamUpdateReq
 .text.L2CAP_ConnParamUpdateRsp
                0x000000000000b0bc       0x12 d:/BaiduSyncdisk/Edith/墨小孔实习/resband/resistance_band/LIB\libCH57xBLE.a(l2cap_sdu.o)
                0x000000000000b0bc                L2CAP_ConnParamUpdateRsp
 .text.reportStatusChange
                0x000000000000b0ce       0x3e d:/BaiduSyncdisk/Edith/墨小孔实习/resband/resistance_band/LIB\libCH57xBLE.a(linkdb.o)
 .text.linkDB_Init
                0x000000000000b10c       0x88 d:/BaiduSyncdisk/Edith/墨小孔实习/resband/resistance_band/LIB\libCH57xBLE.a(linkdb.o)
                0x000000000000b10c                linkDB_Init
 .text.linkDB_Find
                0x000000000000b194       0x2c d:/BaiduSyncdisk/Edith/墨小孔实习/resband/resistance_band/LIB\libCH57xBLE.a(linkdb.o)
                0x000000000000b194                linkDB_Find
 .text.linkDB_Authen
                0x000000000000b1c0       0x5c d:/BaiduSyncdisk/Edith/墨小孔实习/resband/resistance_band/LIB\libCH57xBLE.a(linkdb.o)
                0x000000000000b1c0                linkDB_Authen
 .text.linkDB_FindByAddr
                0x000000000000b21c       0x76 d:/BaiduSyncdisk/Edith/墨小孔实习/resband/resistance_band/LIB\libCH57xBLE.a(linkdb.o)
                0x000000000000b21c                linkDB_FindByAddr
 .text.linkDB_FindFirst
                0x000000000000b292       0x38 d:/BaiduSyncdisk/Edith/墨小孔实习/resband/resistance_band/LIB\libCH57xBLE.a(linkdb.o)
                0x000000000000b292                linkDB_FindFirst
 .text.linkDB_MTU
                0x000000000000b2ca       0x18 d:/BaiduSyncdisk/Edith/墨小孔实习/resband/resistance_band/LIB\libCH57xBLE.a(linkdb.o)
                0x000000000000b2ca                linkDB_MTU
 .text.linkDB_NumActive
                0x000000000000b2e2       0x2e d:/BaiduSyncdisk/Edith/墨小孔实习/resband/resistance_band/LIB\libCH57xBLE.a(linkdb.o)
                0x000000000000b2e2                linkDB_NumActive
 .text.linkDB_NumConns
                0x000000000000b310        0x6 d:/BaiduSyncdisk/Edith/墨小孔实习/resband/resistance_band/LIB\libCH57xBLE.a(linkdb.o)
                0x000000000000b310                linkDB_NumConns
 .text.linkDB_Register
                0x000000000000b316       0x28 d:/BaiduSyncdisk/Edith/墨小孔实习/resband/resistance_band/LIB\libCH57xBLE.a(linkdb.o)
                0x000000000000b316                linkDB_Register
 .text.linkDB_Remove
                0x000000000000b33e       0x48 d:/BaiduSyncdisk/Edith/墨小孔实习/resband/resistance_band/LIB\libCH57xBLE.a(linkdb.o)
                0x000000000000b33e                linkDB_Remove
 .text.linkDB_Role
                0x000000000000b386       0x18 d:/BaiduSyncdisk/Edith/墨小孔实习/resband/resistance_band/LIB\libCH57xBLE.a(linkdb.o)
                0x000000000000b386                linkDB_Role
 .text.linkDB_State
                0x000000000000b39e       0x30 d:/BaiduSyncdisk/Edith/墨小孔实习/resband/resistance_band/LIB\libCH57xBLE.a(linkdb.o)
                0x000000000000b39e                linkDB_State
 .text.linkDB_UpdateMTU
                0x000000000000b3ce       0x28 d:/BaiduSyncdisk/Edith/墨小孔实习/resband/resistance_band/LIB\libCH57xBLE.a(linkdb.o)
                0x000000000000b3ce                linkDB_UpdateMTU
 .text.linkDB_PerformFunc
                0x000000000000b3f6       0x52 d:/BaiduSyncdisk/Edith/墨小孔实习/resband/resistance_band/LIB\libCH57xBLE.a(linkdb.o)
                0x000000000000b3f6                linkDB_PerformFunc
 .text.linkDB_PeripheralLinkNum
                0x000000000000b448       0x3e d:/BaiduSyncdisk/Edith/墨小孔实习/resband/resistance_band/LIB\libCH57xBLE.a(linkdb.o)
                0x000000000000b448                linkDB_PeripheralLinkNum
 .text.linkDB_GetSMEvtID
                0x000000000000b486       0x58 d:/BaiduSyncdisk/Edith/墨小孔实习/resband/resistance_band/LIB\libCH57xBLE.a(linkdb.o)
                0x000000000000b486                linkDB_GetSMEvtID
 .text.linkDB_Add
                0x000000000000b4de       0xb2 d:/BaiduSyncdisk/Edith/墨小孔实习/resband/resistance_band/LIB\libCH57xBLE.a(linkdb.o)
                0x000000000000b4de                linkDB_Add
 .text.linkDB_GetHandleFromSMEvtID
                0x000000000000b590       0x32 d:/BaiduSyncdisk/Edith/墨小孔实习/resband/resistance_band/LIB\libCH57xBLE.a(linkdb.o)
                0x000000000000b590                linkDB_GetHandleFromSMEvtID
 .text.linkDB_GetPairingParam
                0x000000000000b5c2       0x54 d:/BaiduSyncdisk/Edith/墨小孔实习/resband/resistance_band/LIB\libCH57xBLE.a(linkdb.o)
                0x000000000000b5c2                linkDB_GetPairingParam
 .text.linkDB_NeedSendKey
                0x000000000000b616       0x42 d:/BaiduSyncdisk/Edith/墨小孔实习/resband/resistance_band/LIB\libCH57xBLE.a(linkdb.o)
                0x000000000000b616                linkDB_NeedSendKey
 .text.smpBuildPairingFailed
                0x000000000000b658       0x1a d:/BaiduSyncdisk/Edith/墨小孔实习/resband/resistance_band/LIB\libCH57xBLE.a(sm.o)
                0x000000000000b658                smpBuildPairingFailed
 .text.SM_StartEncryption
                0x000000000000b672       0x98 d:/BaiduSyncdisk/Edith/墨小孔实习/resband/resistance_band/LIB\libCH57xBLE.a(sm.o)
                0x000000000000b672                SM_StartEncryption
 .text.smpBuildEncInfo
                0x000000000000b70a       0x30 d:/BaiduSyncdisk/Edith/墨小孔实习/resband/resistance_band/LIB\libCH57xBLE.a(sm.o)
                0x000000000000b70a                smpBuildEncInfo
 .text.smpBuildIdentityAddrInfo
                0x000000000000b73a       0x3a d:/BaiduSyncdisk/Edith/墨小孔实习/resband/resistance_band/LIB\libCH57xBLE.a(sm.o)
                0x000000000000b73a                smpBuildIdentityAddrInfo
 .text.smpBuildIdentityInfo
                0x000000000000b774       0x30 d:/BaiduSyncdisk/Edith/墨小孔实习/resband/resistance_band/LIB\libCH57xBLE.a(sm.o)
                0x000000000000b774                smpBuildIdentityInfo
 .text.smpBuildMasterID
                0x000000000000b7a4       0x44 d:/BaiduSyncdisk/Edith/墨小孔实习/resband/resistance_band/LIB\libCH57xBLE.a(sm.o)
                0x000000000000b7a4                smpBuildMasterID
 .text.smpBuildPairingConfirm
                0x000000000000b7e8       0x30 d:/BaiduSyncdisk/Edith/墨小孔实习/resband/resistance_band/LIB\libCH57xBLE.a(sm.o)
                0x000000000000b7e8                smpBuildPairingConfirm
 .text.smpBuildPairingRandom
                0x000000000000b818       0x30 d:/BaiduSyncdisk/Edith/墨小孔实习/resband/resistance_band/LIB\libCH57xBLE.a(sm.o)
                0x000000000000b818                smpBuildPairingRandom
 .text.smpBuildSigningInfo
                0x000000000000b848       0x30 d:/BaiduSyncdisk/Edith/墨小孔实习/resband/resistance_band/LIB\libCH57xBLE.a(sm.o)
                0x000000000000b848                smpBuildSigningInfo
 .text.SM_ParamInit
                0x000000000000b878       0x5a d:/BaiduSyncdisk/Edith/墨小孔实习/resband/resistance_band/LIB\libCH57xBLE.a(sm.o)
                0x000000000000b878                SM_ParamInit
 .text.smDetermineKeySize
                0x000000000000b8d2       0x20 d:/BaiduSyncdisk/Edith/墨小孔实习/resband/resistance_band/LIB\libCH57xBLE.a(sm.o)
                0x000000000000b8d2                smDetermineKeySize
 .text.smProcessRandComplete
                0x000000000000b8f2       0x9e d:/BaiduSyncdisk/Edith/墨小孔实习/resband/resistance_band/LIB\libCH57xBLE.a(sm.o)
                0x000000000000b8f2                smProcessRandComplete
 .text.smSavePairInfo
                0x000000000000b990      0x186 d:/BaiduSyncdisk/Edith/墨小孔实习/resband/resistance_band/LIB\libCH57xBLE.a(sm.o)
                0x000000000000b990                smSavePairInfo
 .text.smSetPairingReqRsp
                0x000000000000bb16       0x38 d:/BaiduSyncdisk/Edith/墨小孔实习/resband/resistance_band/LIB\libCH57xBLE.a(sm.o)
                0x000000000000bb16                smSetPairingReqRsp
 .text.smStartEncryption
                0x000000000000bb4e       0x16 d:/BaiduSyncdisk/Edith/墨小孔实习/resband/resistance_band/LIB\libCH57xBLE.a(sm.o)
                0x000000000000bb4e                smStartEncryption
 .text.smStartRspTimer
                0x000000000000bb64       0x36 d:/BaiduSyncdisk/Edith/墨小孔实习/resband/resistance_band/LIB\libCH57xBLE.a(sm.o)
                0x000000000000bb64                smStartRspTimer
 .text.smSendSMMsg
                0x000000000000bb9a       0x5c d:/BaiduSyncdisk/Edith/墨小孔实习/resband/resistance_band/LIB\libCH57xBLE.a(sm.o)
                0x000000000000bb9a                smSendSMMsg
 .text.smGenerateConfirm
                0x000000000000bbf6       0x34 d:/BaiduSyncdisk/Edith/墨小孔实习/resband/resistance_band/LIB\libCH57xBLE.a(sm.o)
                0x000000000000bbf6                smGenerateConfirm
 .text.smGenerateRandMsg
                0x000000000000bc2a       0x34 d:/BaiduSyncdisk/Edith/墨小孔实习/resband/resistance_band/LIB\libCH57xBLE.a(sm.o)
                0x000000000000bc2a                smGenerateRandMsg
 .text.smPairingSendEncInfo
                0x000000000000bc5e       0x10 d:/BaiduSyncdisk/Edith/墨小孔实习/resband/resistance_band/LIB\libCH57xBLE.a(sm.o)
                0x000000000000bc5e                smPairingSendEncInfo
 .text.smPairingSendIdentityAddrInfo
                0x000000000000bc6e       0x38 d:/BaiduSyncdisk/Edith/墨小孔实习/resband/resistance_band/LIB\libCH57xBLE.a(sm.o)
                0x000000000000bc6e                smPairingSendIdentityAddrInfo
 .text.smPairingSendIdentityInfo
                0x000000000000bca6       0x10 d:/BaiduSyncdisk/Edith/墨小孔实习/resband/resistance_band/LIB\libCH57xBLE.a(sm.o)
                0x000000000000bca6                smPairingSendIdentityInfo
 .text.smPairingSendMasterID
                0x000000000000bcb6       0x38 d:/BaiduSyncdisk/Edith/墨小孔实习/resband/resistance_band/LIB\libCH57xBLE.a(sm.o)
                0x000000000000bcb6                smPairingSendMasterID
 .text.smPairingSendSingingInfo
                0x000000000000bcee       0x10 d:/BaiduSyncdisk/Edith/墨小孔实习/resband/resistance_band/LIB\libCH57xBLE.a(sm.o)
                0x000000000000bcee                smPairingSendSingingInfo
 .text.smInitiatorSendNextKeyInfo
                0x000000000000bcfe      0x1c2 d:/BaiduSyncdisk/Edith/墨小孔实习/resband/resistance_band/LIB\libCH57xBLE.a(sm.o)
                0x000000000000bcfe                smInitiatorSendNextKeyInfo
 .text.smResponderSendNextKeyInfo
                0x000000000000bec0      0x216 d:/BaiduSyncdisk/Edith/墨小孔实习/resband/resistance_band/LIB\libCH57xBLE.a(sm.o)
                0x000000000000bec0                smResponderSendNextKeyInfo
 .text.smGeneratePairingReqRsp
                0x000000000000c0d6       0x3e d:/BaiduSyncdisk/Edith/墨小孔实习/resband/resistance_band/LIB\libCH57xBLE.a(sm.o)
                0x000000000000c0d6                smGeneratePairingReqRsp
 .text.smStopRspTimer
                0x000000000000c114        0xa d:/BaiduSyncdisk/Edith/墨小孔实习/resband/resistance_band/LIB\libCH57xBLE.a(sm.o)
                0x000000000000c114                smStopRspTimer
 .text.smFreePairingParams
                0x000000000000c11e       0x68 d:/BaiduSyncdisk/Edith/墨小孔实习/resband/resistance_band/LIB\libCH57xBLE.a(sm.o)
                0x000000000000c11e                smFreePairingParams
 .text.smEndPairing
                0x000000000000c186       0x5c d:/BaiduSyncdisk/Edith/墨小孔实习/resband/resistance_band/LIB\libCH57xBLE.a(sm.o)
                0x000000000000c186                smEndPairing
 .text.setupInitiatorKeys
                0x000000000000c1e2       0x82 d:/BaiduSyncdisk/Edith/墨小孔实习/resband/resistance_band/LIB\libCH57xBLE.a(sm.o)
                0x000000000000c1e2                setupInitiatorKeys
 .text.smNextPairingState
                0x000000000000c264       0x56 d:/BaiduSyncdisk/Edith/墨小孔实习/resband/resistance_band/LIB\libCH57xBLE.a(sm.o)
                0x000000000000c264                smNextPairingState
 .text.smProcessEncryptChange
                0x000000000000c2ba       0xde d:/BaiduSyncdisk/Edith/墨小孔实习/resband/resistance_band/LIB\libCH57xBLE.a(sm.o)
                0x000000000000c2ba                smProcessEncryptChange
 .text.smSendFailAndEnd
                0x000000000000c398       0x38 d:/BaiduSyncdisk/Edith/墨小孔实习/resband/resistance_band/LIB\libCH57xBLE.a(sm.o)
                0x000000000000c398                smSendFailAndEnd
 .text.smProcessPairingReq
                0x000000000000c3d0       0x3c d:/BaiduSyncdisk/Edith/墨小孔实习/resband/resistance_band/LIB\libCH57xBLE.a(sm.o)
                0x000000000000c3d0                smProcessPairingReq
 .text.smLinkCheck
                0x000000000000c40c       0x34 d:/BaiduSyncdisk/Edith/墨小孔实习/resband/resistance_band/LIB\libCH57xBLE.a(sm.o)
                0x000000000000c40c                smLinkCheck
 .text.smTimedOut
                0x000000000000c440       0x20 d:/BaiduSyncdisk/Edith/墨小孔实习/resband/resistance_band/LIB\libCH57xBLE.a(sm.o)
                0x000000000000c440                smTimedOut
 .text.smUint8ToAuthReq
                0x000000000000c460        0x6 d:/BaiduSyncdisk/Edith/墨小孔实习/resband/resistance_band/LIB\libCH57xBLE.a(sm.o)
                0x000000000000c460                smUint8ToAuthReq
 .text.sm_ah    0x000000000000c466       0x80 d:/BaiduSyncdisk/Edith/墨小孔实习/resband/resistance_band/LIB\libCH57xBLE.a(sm.o)
                0x000000000000c466                sm_ah
 .text.sm_xor   0x000000000000c4e6       0x24 d:/BaiduSyncdisk/Edith/墨小孔实习/resband/resistance_band/LIB\libCH57xBLE.a(sm.o)
                0x000000000000c4e6                sm_xor
 .text.sm_c1new
                0x000000000000c50a      0x11c d:/BaiduSyncdisk/Edith/墨小孔实习/resband/resistance_band/LIB\libCH57xBLE.a(sm.o)
                0x000000000000c50a                sm_c1new
 .text.sm_s1    0x000000000000c626       0x86 d:/BaiduSyncdisk/Edith/墨小孔实习/resband/resistance_band/LIB\libCH57xBLE.a(sm.o)
                0x000000000000c626                sm_s1
 .text.smResponderProcessLTKReq
                0x000000000000c6ac      0x1e6 d:/BaiduSyncdisk/Edith/墨小孔实习/resband/resistance_band/LIB\libCH57xBLE.a(sm.o)
                0x000000000000c6ac                smResponderProcessLTKReq
 .text.xor_128  0x000000000000c892       0x28 d:/BaiduSyncdisk/Edith/墨小孔实习/resband/resistance_band/LIB\libCH57xBLE.a(sm.o)
                0x000000000000c892                xor_128
 .text.leftshift_onebit
                0x000000000000c8ba       0x2e d:/BaiduSyncdisk/Edith/墨小孔实习/resband/resistance_band/LIB\libCH57xBLE.a(sm.o)
                0x000000000000c8ba                leftshift_onebit
 .text.padding  0x000000000000c8e8       0x38 d:/BaiduSyncdisk/Edith/墨小孔实习/resband/resistance_band/LIB\libCH57xBLE.a(sm.o)
                0x000000000000c8e8                padding
 .text.generate_subkey
                0x000000000000c920       0xd0 d:/BaiduSyncdisk/Edith/墨小孔实习/resband/resistance_band/LIB\libCH57xBLE.a(sm.o)
                0x000000000000c920                generate_subkey
 .text.sm_CMAC  0x000000000000c9f0      0x16e d:/BaiduSyncdisk/Edith/墨小孔实习/resband/resistance_band/LIB\libCH57xBLE.a(sm.o)
                0x000000000000c9f0                sm_CMAC
 .text.smpBuildPairingReqRsp
                0x000000000000cb5e       0xc6 d:/BaiduSyncdisk/Edith/墨小孔实习/resband/resistance_band/LIB\libCH57xBLE.a(sm.o)
                0x000000000000cb5e                smpBuildPairingReqRsp
 .text.smpBuildPairingReq
                0x000000000000cc24        0xa d:/BaiduSyncdisk/Edith/墨小孔实习/resband/resistance_band/LIB\libCH57xBLE.a(sm.o)
                0x000000000000cc24                smpBuildPairingReq
 .text.smpBuildPairingRsp
                0x000000000000cc2e        0xa d:/BaiduSyncdisk/Edith/墨小孔实习/resband/resistance_band/LIB\libCH57xBLE.a(sm.o)
                0x000000000000cc2e                smpBuildPairingRsp
 .text.sm_c1    0x000000000000cc38       0xb4 d:/BaiduSyncdisk/Edith/墨小孔实习/resband/resistance_band/LIB\libCH57xBLE.a(sm.o)
                0x000000000000cc38                sm_c1
 .text.smpBuildSecurityReq
                0x000000000000ccec       0x1a d:/BaiduSyncdisk/Edith/墨小孔实习/resband/resistance_band/LIB\libCH57xBLE.a(sm.o)
                0x000000000000ccec                smpBuildSecurityReq
 .text.smpInitiatorProcessPairingRsp
                0x000000000000cd06      0x116 d:/BaiduSyncdisk/Edith/墨小孔实习/resband/resistance_band/LIB\libCH57xBLE.a(sm.o)
                0x000000000000cd06                smpInitiatorProcessPairingRsp
 .text.smpInitiatorProcessIncoming
                0x000000000000ce1c      0x23e d:/BaiduSyncdisk/Edith/墨小孔实习/resband/resistance_band/LIB\libCH57xBLE.a(sm.o)
                0x000000000000ce1c                smpInitiatorProcessIncoming
 .text.smpParseEncInfo
                0x000000000000d05a       0x2a d:/BaiduSyncdisk/Edith/墨小孔实习/resband/resistance_band/LIB\libCH57xBLE.a(sm.o)
                0x000000000000d05a                smpParseEncInfo
 .text.smpParseIdentityAddrInfo
                0x000000000000d084       0x34 d:/BaiduSyncdisk/Edith/墨小孔实习/resband/resistance_band/LIB\libCH57xBLE.a(sm.o)
                0x000000000000d084                smpParseIdentityAddrInfo
 .text.smpParseIdentityInfo
                0x000000000000d0b8       0x2a d:/BaiduSyncdisk/Edith/墨小孔实习/resband/resistance_band/LIB\libCH57xBLE.a(sm.o)
                0x000000000000d0b8                smpParseIdentityInfo
 .text.smpParseMasterID
                0x000000000000d0e2       0x3c d:/BaiduSyncdisk/Edith/墨小孔实习/resband/resistance_band/LIB\libCH57xBLE.a(sm.o)
                0x000000000000d0e2                smpParseMasterID
 .text.smpParsePairingConfirm
                0x000000000000d11e       0x2a d:/BaiduSyncdisk/Edith/墨小孔实习/resband/resistance_band/LIB\libCH57xBLE.a(sm.o)
                0x000000000000d11e                smpParsePairingConfirm
 .text.smpParsePairingFailed
                0x000000000000d148       0x22 d:/BaiduSyncdisk/Edith/墨小孔实习/resband/resistance_band/LIB\libCH57xBLE.a(sm.o)
                0x000000000000d148                smpParsePairingFailed
 .text.smpParsePairingRandom
                0x000000000000d16a       0x2a d:/BaiduSyncdisk/Edith/墨小孔实习/resband/resistance_band/LIB\libCH57xBLE.a(sm.o)
                0x000000000000d16a                smpParsePairingRandom
 .text.smpParsePairingReq
                0x000000000000d194      0x118 d:/BaiduSyncdisk/Edith/墨小孔实习/resband/resistance_band/LIB\libCH57xBLE.a(sm.o)
                0x000000000000d194                smpParsePairingReq
 .text.smpParseSigningInfo
                0x000000000000d2ac       0x2a d:/BaiduSyncdisk/Edith/墨小孔实习/resband/resistance_band/LIB\libCH57xBLE.a(sm.o)
                0x000000000000d2ac                smpParseSigningInfo
 .text.smProcessDataMsg
                0x000000000000d2d6       0xec d:/BaiduSyncdisk/Edith/墨小孔实习/resband/resistance_band/LIB\libCH57xBLE.a(sm.o)
                0x000000000000d2d6                smProcessDataMsg
 .text.smProcessTMOSMsg
                0x000000000000d3c2       0xd4 d:/BaiduSyncdisk/Edith/墨小孔实习/resband/resistance_band/LIB\libCH57xBLE.a(sm.o)
                0x000000000000d3c2                smProcessTMOSMsg
 .text.smpResponderProcessPairingReq
                0x000000000000d496       0xd6 d:/BaiduSyncdisk/Edith/墨小孔实习/resband/resistance_band/LIB\libCH57xBLE.a(sm.o)
                0x000000000000d496                smpResponderProcessPairingReq
 .text.smpResponderProcessIncoming
                0x000000000000d56c      0x24c d:/BaiduSyncdisk/Edith/墨小孔实习/resband/resistance_band/LIB\libCH57xBLE.a(sm.o)
                0x000000000000d56c                smpResponderProcessIncoming
 .text.SM_CalcRandomAddr
                0x000000000000d7b8       0x54 d:/BaiduSyncdisk/Edith/墨小孔实习/resband/resistance_band/LIB\libCH57xBLE.a(sm.o)
                0x000000000000d7b8                SM_CalcRandomAddr
 .text.SM_GenerateAuthenSig